../Core/Src/main.c:143:5:main	88	static
../Core/Src/main.c:259:6:SystemClock_Config	216	static
../Core/Src/main.c:342:13:MX_ADC3_Init	24	static
../Core/Src/main.c:392:13:MX_CRC_Init	8	static
../Core/Src/main.c:423:13:MX_DCMI_Init	8	static
../Core/Src/main.c:460:13:MX_DMA2D_Init	8	static
../Core/Src/main.c:497:13:MX_ETH_Init	8	static
../Core/Src/main.c:544:13:MX_I2C1_Init	8	static
../Core/Src/main.c:590:13:MX_I2C3_Init	8	static
../Core/Src/main.c:636:13:MX_LTDC_Init	64	static
../Core/Src/main.c:698:13:MX_QUADSPI_Init	8	static
../Core/Src/main.c:733:13:MX_RTC_Init	80	static
../Core/Src/main.c:825:13:MX_SAI2_Init	8	static
../Core/Src/main.c:900:13:MX_SDMMC1_SD_Init	4	static
../Core/Src/main.c:928:13:MX_SPDIFRX_Init	8	static
../Core/Src/main.c:964:13:MX_SPI2_Init	8	static
../Core/Src/main.c:1004:13:MX_TIM1_Init	112	static
../Core/Src/main.c:1084:13:MX_TIM2_Init	64	static
../Core/Src/main.c:1143:13:MX_TIM3_Init	64	static
../Core/Src/main.c:1202:13:MX_TIM5_Init	64	static
../Core/Src/main.c:1261:13:MX_TIM8_Init	40	static
../Core/Src/main.c:1308:13:MX_USART1_UART_Init	8	static
../Core/Src/main.c:1343:13:MX_USART6_UART_Init	8	static
../Core/Src/main.c:1374:13:MX_FMC_Init	40	static
../Core/Src/main.c:1425:13:MX_GPIO_Init	72	static
../Core/Src/main.c:1593:6:HAL_GPIO_EXTI_Callback	16	static
../Core/Src/main.c:1625:6:StartDefaultTask	16	static
../Core/Src/main.c:1646:6:HAL_TIM_PeriodElapsedCallback	16	static
../Core/Src/main.c:1663:6:Error_Handler	4	static,ignoring_inline_asm
