../Core/Src/stm32f7xx_it.c:77:6:NMI_Handler	4	static
../Core/Src/stm32f7xx_it.c:92:6:HardFault_Handler	4	static
../Core/Src/stm32f7xx_it.c:107:6:MemManage_Handler	4	static
../Core/Src/stm32f7xx_it.c:122:6:BusFault_Handler	4	static
../Core/Src/stm32f7xx_it.c:137:6:UsageFault_Handler	4	static
../Core/Src/stm32f7xx_it.c:152:6:DebugMon_Handler	4	static
../Core/Src/stm32f7xx_it.c:172:6:EXTI3_IRQHandler	8	static
../Core/Src/stm32f7xx_it.c:185:6:EXTI9_5_IRQHandler	8	static
../Core/Src/stm32f7xx_it.c:198:6:TIM6_DAC_IRQHandler	8	static
../Core/Src/stm32f7xx_it.c:212:6:OTG_FS_IRQHandler	8	static
../Core/Src/stm32f7xx_it.c:226:6:LTDC_IRQHandler	8	static
../Core/Src/stm32f7xx_it.c:240:6:DMA2D_IRQHandler	8	static
