Archive member included to satisfy reference by file (symbol)

/opt/st/stm32cubeide_1.9.0/plugins/com.st.stm32cube.ide.mcu.externaltools.gnu-tools-for-stm32.10.3-2021.10.linux64_1.0.0.202111181127/tools/bin/../lib/gcc/arm-none-eabi/10.3.1/../../../../arm-none-eabi/lib/thumb/v7e-m+fp/hard/libc_nano.a(lib_a-atoi.o)
                              ./Core/Src/main.o (atoi)
/opt/st/stm32cubeide_1.9.0/plugins/com.st.stm32cube.ide.mcu.externaltools.gnu-tools-for-stm32.10.3-2021.10.linux64_1.0.0.202111181127/tools/bin/../lib/gcc/arm-none-eabi/10.3.1/../../../../arm-none-eabi/lib/thumb/v7e-m+fp/hard/libc_nano.a(lib_a-calloc.o)
                              ./Core/Src/main.o (calloc)
/opt/st/stm32cubeide_1.9.0/plugins/com.st.stm32cube.ide.mcu.externaltools.gnu-tools-for-stm32.10.3-2021.10.linux64_1.0.0.202111181127/tools/bin/../lib/gcc/arm-none-eabi/10.3.1/../../../../arm-none-eabi/lib/thumb/v7e-m+fp/hard/libc_nano.a(lib_a-ctype_.o)
                              ./Core/Src/main.o (_ctype_)
/opt/st/stm32cubeide_1.9.0/plugins/com.st.stm32cube.ide.mcu.externaltools.gnu-tools-for-stm32.10.3-2021.10.linux64_1.0.0.202111181127/tools/bin/../lib/gcc/arm-none-eabi/10.3.1/../../../../arm-none-eabi/lib/thumb/v7e-m+fp/hard/libc_nano.a(lib_a-errno.o)
                              ./Core/Src/syscalls.o (__errno)
/opt/st/stm32cubeide_1.9.0/plugins/com.st.stm32cube.ide.mcu.externaltools.gnu-tools-for-stm32.10.3-2021.10.linux64_1.0.0.202111181127/tools/bin/../lib/gcc/arm-none-eabi/10.3.1/../../../../arm-none-eabi/lib/thumb/v7e-m+fp/hard/libc_nano.a(lib_a-exit.o)
                              /opt/st/stm32cubeide_1.9.0/plugins/com.st.stm32cube.ide.mcu.externaltools.gnu-tools-for-stm32.10.3-2021.10.linux64_1.0.0.202111181127/tools/bin/../lib/gcc/arm-none-eabi/10.3.1/../../../../arm-none-eabi/lib/thumb/v7e-m+fp/hard/crt0.o (exit)
/opt/st/stm32cubeide_1.9.0/plugins/com.st.stm32cube.ide.mcu.externaltools.gnu-tools-for-stm32.10.3-2021.10.linux64_1.0.0.202111181127/tools/bin/../lib/gcc/arm-none-eabi/10.3.1/../../../../arm-none-eabi/lib/thumb/v7e-m+fp/hard/libc_nano.a(lib_a-impure.o)
                              /opt/st/stm32cubeide_1.9.0/plugins/com.st.stm32cube.ide.mcu.externaltools.gnu-tools-for-stm32.10.3-2021.10.linux64_1.0.0.202111181127/tools/bin/../lib/gcc/arm-none-eabi/10.3.1/../../../../arm-none-eabi/lib/thumb/v7e-m+fp/hard/libc_nano.a(lib_a-exit.o) (_global_impure_ptr)
/opt/st/stm32cubeide_1.9.0/plugins/com.st.stm32cube.ide.mcu.externaltools.gnu-tools-for-stm32.10.3-2021.10.linux64_1.0.0.202111181127/tools/bin/../lib/gcc/arm-none-eabi/10.3.1/../../../../arm-none-eabi/lib/thumb/v7e-m+fp/hard/libc_nano.a(lib_a-init.o)
                              /opt/st/stm32cubeide_1.9.0/plugins/com.st.stm32cube.ide.mcu.externaltools.gnu-tools-for-stm32.10.3-2021.10.linux64_1.0.0.202111181127/tools/bin/../lib/gcc/arm-none-eabi/10.3.1/../../../../arm-none-eabi/lib/thumb/v7e-m+fp/hard/crt0.o (__libc_init_array)
/opt/st/stm32cubeide_1.9.0/plugins/com.st.stm32cube.ide.mcu.externaltools.gnu-tools-for-stm32.10.3-2021.10.linux64_1.0.0.202111181127/tools/bin/../lib/gcc/arm-none-eabi/10.3.1/../../../../arm-none-eabi/lib/thumb/v7e-m+fp/hard/libc_nano.a(lib_a-malloc.o)
                              ./Core/Src/main.o (malloc)
/opt/st/stm32cubeide_1.9.0/plugins/com.st.stm32cube.ide.mcu.externaltools.gnu-tools-for-stm32.10.3-2021.10.linux64_1.0.0.202111181127/tools/bin/../lib/gcc/arm-none-eabi/10.3.1/../../../../arm-none-eabi/lib/thumb/v7e-m+fp/hard/libc_nano.a(lib_a-memset.o)
                              /opt/st/stm32cubeide_1.9.0/plugins/com.st.stm32cube.ide.mcu.externaltools.gnu-tools-for-stm32.10.3-2021.10.linux64_1.0.0.202111181127/tools/bin/../lib/gcc/arm-none-eabi/10.3.1/../../../../arm-none-eabi/lib/thumb/v7e-m+fp/hard/crt0.o (memset)
/opt/st/stm32cubeide_1.9.0/plugins/com.st.stm32cube.ide.mcu.externaltools.gnu-tools-for-stm32.10.3-2021.10.linux64_1.0.0.202111181127/tools/bin/../lib/gcc/arm-none-eabi/10.3.1/../../../../arm-none-eabi/lib/thumb/v7e-m+fp/hard/libc_nano.a(lib_a-nano-callocr.o)
                              /opt/st/stm32cubeide_1.9.0/plugins/com.st.stm32cube.ide.mcu.externaltools.gnu-tools-for-stm32.10.3-2021.10.linux64_1.0.0.202111181127/tools/bin/../lib/gcc/arm-none-eabi/10.3.1/../../../../arm-none-eabi/lib/thumb/v7e-m+fp/hard/libc_nano.a(lib_a-calloc.o) (_calloc_r)
/opt/st/stm32cubeide_1.9.0/plugins/com.st.stm32cube.ide.mcu.externaltools.gnu-tools-for-stm32.10.3-2021.10.linux64_1.0.0.202111181127/tools/bin/../lib/gcc/arm-none-eabi/10.3.1/../../../../arm-none-eabi/lib/thumb/v7e-m+fp/hard/libc_nano.a(lib_a-nano-freer.o)
                              /opt/st/stm32cubeide_1.9.0/plugins/com.st.stm32cube.ide.mcu.externaltools.gnu-tools-for-stm32.10.3-2021.10.linux64_1.0.0.202111181127/tools/bin/../lib/gcc/arm-none-eabi/10.3.1/../../../../arm-none-eabi/lib/thumb/v7e-m+fp/hard/libc_nano.a(lib_a-malloc.o) (_free_r)
[...]
Memory Configuration

Name             Origin             Length             Attributes
RAM              0x0000000020000000 0x0000000000050000 xrw
FLASH            0x0000000008000000 0x0000000000100000 xr
*default*        0x0000000000000000 0xffffffffffffffff

Linker script and memory map

LOAD /opt/st/stm32cubeide_1.9.0/plugins/com.st.stm32cube.ide.mcu.externaltools.gnu-tools-for-stm32.10.3-2021.10.linux64_1.0.0.202111181127/tools/bin/../lib/gcc/arm-none-eabi/10.3.1/thumb/v7e-m+fp/hard/crti.o
LOAD /opt/st/stm32cubeide_1.9.0/plugins/com.st.stm32cube.ide.mcu.externaltools.gnu-tools-for-stm32.10.3-2021.10.linux64_1.0.0.202111181127/tools/bin/../lib/gcc/arm-none-eabi/10.3.1/thumb/v7e-m+fp/hard/crtbegin.o
LOAD /opt/st/stm32cubeide_1.9.0/plugins/com.st.stm32cube.ide.mcu.externaltools.gnu-tools-for-stm32.10.3-2021.10.linux64_1.0.0.202111181127/tools/bin/../lib/gcc/arm-none-eabi/10.3.1/../../../../arm-none-eabi/lib/thumb/v7e-m+fp/hard/crt0.o
LOAD ./Core/Src/main.o
LOAD ./Core/Src/stm32f7xx_hal_msp.o
LOAD ./Core/Src/stm32f7xx_it.o
LOAD ./Core/Src/syscalls.o
LOAD ./Core/Src/sysmem.o
LOAD ./Core/Src/system_stm32f7xx.o
LOAD ./Core/Startup/startup_stm32f746nghx.o
LOAD ./Drivers/STM32F7xx_HAL_Driver/Src/stm32f7xx_hal.o
LOAD ./Drivers/STM32F7xx_HAL_Driver/Src/stm32f7xx_hal_cortex.o
LOAD ./Drivers/STM32F7xx_HAL_Driver/Src/stm32f7xx_hal_crc.o
LOAD ./Drivers/STM32F7xx_HAL_Driver/Src/stm32f7xx_hal_crc_ex.o
LOAD ./Drivers/STM32F7xx_HAL_Driver/Src/stm32f7xx_hal_dma.o
LOAD ./Drivers/STM32F7xx_HAL_Driver/Src/stm32f7xx_hal_dma2d.o
LOAD ./Drivers/STM32F7xx_HAL_Driver/Src/stm32f7xx_hal_dma_ex.o
LOAD ./Drivers/STM32F7xx_HAL_Driver/Src/stm32f7xx_hal_dsi.o
LOAD ./Drivers/STM32F7xx_HAL_Driver/Src/stm32f7xx_hal_exti.o
LOAD ./Drivers/STM32F7xx_HAL_Driver/Src/stm32f7xx_hal_flash.o
LOAD ./Drivers/STM32F7xx_HAL_Driver/Src/stm32f7xx_hal_flash_ex.o
LOAD ./Drivers/STM32F7xx_HAL_Driver/Src/stm32f7xx_hal_gpio.o
LOAD ./Drivers/STM32F7xx_HAL_Driver/Src/stm32f7xx_hal_i2c.o
LOAD ./Drivers/STM32F7xx_HAL_Driver/Src/stm32f7xx_hal_i2c_ex.o
LOAD ./Drivers/STM32F7xx_HAL_Driver/Src/stm32f7xx_hal_ltdc.o
LOAD ./Drivers/STM32F7xx_HAL_Driver/Src/stm32f7xx_hal_ltdc_ex.o
LOAD ./Drivers/STM32F7xx_HAL_Driver/Src/stm32f7xx_hal_pwr.o
LOAD ./Drivers/STM32F7xx_HAL_Driver/Src/stm32f7xx_hal_pwr_ex.o
LOAD ./Drivers/STM32F7xx_HAL_Driver/Src/stm32f7xx_hal_rcc.o
LOAD ./Drivers/STM32F7xx_HAL_Driver/Src/stm32f7xx_hal_rcc_ex.o
LOAD ./Drivers/STM32F7xx_HAL_Driver/Src/stm32f7xx_hal_sd.o
LOAD ./Drivers/STM32F7xx_HAL_Driver/Src/stm32f7xx_hal_sdram.o
LOAD ./Drivers/STM32F7xx_HAL_Driver/Src/stm32f7xx_hal_tim.o
LOAD ./Drivers/STM32F7xx_HAL_Driver/Src/stm32f7xx_hal_tim_ex.o
LOAD ./Drivers/STM32F7xx_HAL_Driver/Src/stm32f7xx_hal_uart.o
LOAD ./Drivers/STM32F7xx_HAL_Driver/Src/stm32f7xx_hal_uart_ex.o
LOAD ./Drivers/STM32F7xx_HAL_Driver/Src/stm32f7xx_ll_fmc.o
LOAD ./Drivers/STM32F7xx_HAL_Driver/Src/stm32f7xx_ll_sdmmc.o
LOAD ./FATFS/App/fatfs.o
LOAD ./FATFS/Target/bsp_driver_sd.o
LOAD ./FATFS/Target/sd_diskio.o
LOAD ./GUI files/font12.o
LOAD ./GUI files/font16.o
LOAD ./GUI files/font20.o
LOAD ./GUI files/font24.o
LOAD ./GUI files/font8.o
LOAD ./GUI files/ft5336.o
LOAD ./GUI files/stm32746g_discovery.o
LOAD ./GUI files/stm32746g_discovery_lcd.o
LOAD ./GUI files/stm32746g_discovery_sdram.o
LOAD ./GUI files/stm32746g_discovery_ts.o
LOAD ./Middlewares/Third_Party/FatFs/src/diskio.o
LOAD ./Middlewares/Third_Party/FatFs/src/ff.o
LOAD ./Middlewares/Third_Party/FatFs/src/ff_gen_drv.o
LOAD ./Middlewares/Third_Party/FatFs/src/option/ccsbcs.o
LOAD ./Middlewares/Third_Party/FatFs/src/option/syscall.o
START GROUP
LOAD /opt/st/stm32cubeide_1.9.0/plugins/com.st.stm32cube.ide.mcu.externaltools.gnu-tools-for-stm32.10.3-2021.10.linux64_1.0.0.202111181127/tools/bin/../lib/gcc/arm-none-eabi/10.3.1/../../../../arm-none-eabi/lib/thumb/v7e-m+fp/hard/libc_nano.a
LOAD /opt/st/stm32cubeide_1.9.0/plugins/com.st.stm32cube.ide.mcu.externaltools.gnu-tools-for-stm32.10.3-2021.10.linux64_1.0.0.202111181127/tools/bin/../lib/gcc/arm-none-eabi/10.3.1/../../../../arm-none-eabi/lib/thumb/v7e-m+fp/hard/libm.a
END GROUP
START GROUP
LOAD /opt/st/stm32cubeide_1.9.0/plugins/com.st.stm32cube.ide.mcu.externaltools.gnu-tools-for-stm32.10.3-2021.10.linux64_1.0.0.202111181127/tools/bin/../lib/gcc/arm-none-eabi/10.3.1/thumb/v7e-m+fp/hard/libgcc.a
LOAD /opt/st/stm32cubeide_1.9.0/plugins/com.st.stm32cube.ide.mcu.externaltools.gnu-tools-for-stm32.10.3-2021.10.linux64_1.0.0.202111181127/tools/bin/../lib/gcc/arm-none-eabi/10.3.1/../../../../arm-none-eabi/lib/thumb/v7e-m+fp/hard/libc_nano.a
END GROUP
START GROUP
LOAD /opt/st/stm32cubeide_1.9.0/plugins/com.st.stm32cube.ide.mcu.externaltools.gnu-tools-for-stm32.10.3-2021.10.linux64_1.0.0.202111181127/tools/bin/../lib/gcc/arm-none-eabi/10.3.1/thumb/v7e-m+fp/hard/libgcc.a
LOAD /opt/st/stm32cubeide_1.9.0/plugins/com.st.stm32cube.ide.mcu.externaltools.gnu-tools-for-stm32.10.3-2021.10.linux64_1.0.0.202111181127/tools/bin/../lib/gcc/arm-none-eabi/10.3.1/../../../../arm-none-eabi/lib/thumb/v7e-m+fp/hard/libc_nano.a
LOAD /opt/st/stm32cubeide_1.9.0/plugins/com.st.stm32cube.ide.mcu.externaltools.gnu-tools-for-stm32.10.3-2021.10.linux64_1.0.0.202111181127/tools/bin/../lib/gcc/arm-none-eabi/10.3.1/../../../../arm-none-eabi/lib/thumb/v7e-m+fp/hard/libnosys.a
END GROUP
START GROUP
LOAD /opt/st/stm32cubeide_1.9.0/plugins/com.st.stm32cube.ide.mcu.externaltools.gnu-tools-for-stm32.10.3-2021.10.linux64_1.0.0.202111181127/tools/bin/../lib/gcc/arm-none-eabi/10.3.1/thumb/v7e-m+fp/hard/libgcc.a
LOAD /opt/st/stm32cubeide_1.9.0/plugins/com.st.stm32cube.ide.mcu.externaltools.gnu-tools-for-stm32.10.3-2021.10.linux64_1.0.0.202111181127/tools/bin/../lib/gcc/arm-none-eabi/10.3.1/../../../../arm-none-eabi/lib/thumb/v7e-m+fp/hard/libc_nano.a
LOAD /opt/st/stm32cubeide_1.9.0/plugins/com.st.stm32cube.ide.mcu.externaltools.gnu-tools-for-stm32.10.3-2021.10.linux64_1.0.0.202111181127/tools/bin/../lib/gcc/arm-none-eabi/10.3.1/../../../../arm-none-eabi/lib/thumb/v7e-m+fp/hard/libnosys.a
END GROUP
LOAD /opt/st/stm32cubeide_1.9.0/plugins/com.st.stm32cube.ide.mcu.externaltools.gnu-tools-for-stm32.10.3-2021.10.linux64_1.0.0.202111181127/tools/bin/../lib/gcc/arm-none-eabi/10.3.1/thumb/v7e-m+fp/hard/crtend.o
LOAD /opt/st/stm32cubeide_1.9.0/plugins/com.st.stm32cube.ide.mcu.externaltools.gnu-tools-for-stm32.10.3-2021.10.linux64_1.0.0.202111181127/tools/bin/../lib/gcc/arm-none-eabi/10.3.1/thumb/v7e-m+fp/hard/crtn.o
                0x0000000020050000                _estack = (ORIGIN (RAM) + LENGTH (RAM))
                0x0000000000000200                _Min_Heap_Size = 0x200
                0x0000000000000400                _Min_Stack_Size = 0x400

.isr_vector     0x0000000008000000      0x1c8
                0x0000000008000000                . = ALIGN (0x4)
 *(.isr_vector)
 .isr_vector    0x0000000008000000      0x1c8 ./Core/Startup/startup_stm32f746nghx.o
                0x0000000008000000                g_pfnVectors
                0x00000000080001c8                . = ALIGN (0x4)

.text           0x00000000080001d0     0xee0c
                0x00000000080001d0                . = ALIGN (0x4)
 *(.text)
 .text          0x00000000080001d0       0x40 /opt/st/stm32cubeide_1.9.0/plugins/com.st.stm32cube.ide.mcu.externaltools.gnu-tools-for-stm32.10.3-2021.10.linux64_1.0.0.202111181127/tools/bin/../lib/gcc/arm-none-eabi/10.3.1/thumb/v7e-m+fp/hard/crtbegin.o
 .text          0x0000000008000210       0x10 /opt/st/stm32cubeide_1.9.0/plugins/com.st.stm32cube.ide.mcu.externaltools.gnu-tools-for-stm32.10.3-2021.10.linux64_1.0.0.202111181127/tools/bin/../lib/gcc/arm-none-eabi/10.3.1/../../../../arm-none-eabi/lib/thumb/v7e-m+fp/hard/libc_nano.a(lib_a-strlen.o)
                0x0000000008000210                strlen
 .text          0x0000000008000220       0xa0 /opt/st/stm32cubeide_1.9.0/plugins/com.st.stm32cube.ide.mcu.externaltools.gnu-tools-for-stm32.10.3-2021.10.linux64_1.0.0.202111181127/tools/bin/../lib/gcc/arm-none-eabi/10.3.1/../../../../arm-none-eabi/lib/thumb/v7e-m+fp/hard/libc_nano.a(lib_a-memchr.o)
                0x0000000008000220                memchr
 .text          0x00000000080002c0      0x378 /opt/st/stm32cubeide_1.9.0/plugins/com.st.stm32cube.ide.mcu.externaltools.gnu-tools-for-stm32.10.3-2021.10.linux64_1.0.0.202111181127/tools/bin/../lib/gcc/arm-none-eabi/10.3.1/thumb/v7e-m+fp/hard/libgcc.a(_arm_addsubdf3.o)
                0x00000000080002c0                __aeabi_drsub
                0x00000000080002c8                __aeabi_dsub
                0x00000000080002c8                __subdf3
                0x00000000080002cc                __adddf3
                0x00000000080002cc                __aeabi_dadd
                0x0000000008000544                __aeabi_ui2d
                0x0000000008000544                __floatunsidf
                0x0000000008000564                __floatsidf
                0x0000000008000564                __aeabi_i2d
                0x0000000008000588                __extendsfdf2
                0x0000000008000588                __aeabi_f2d
                0x00000000080005cc                __aeabi_ul2d
                0x00000000080005cc                __floatundidf
                0x00000000080005dc                __floatdidf
                0x00000000080005dc                __aeabi_l2d
 .text          0x0000000008000638      0x424 /opt/st/stm32cubeide_1.9.0/plugins/com.st.stm32cube.ide.mcu.externaltools.gnu-tools-for-stm32.10.3-2021.10.linux64_1.0.0.202111181127/tools/bin/../lib/gcc/arm-none-eabi/10.3.1/thumb/v7e-m+fp/hard/libgcc.a(_arm_muldivdf3.o)
                0x0000000008000638                __aeabi_dmul
                0x0000000008000638                __muldf3
                0x000000000800088c                __aeabi_ddiv
                0x000000000800088c                __divdf3
 .text          0x0000000008000a5c      0x110 /opt/st/stm32cubeide_1.9.0/plugins/com.st.stm32cube.ide.mcu.externaltools.gnu-tools-for-stm32.10.3-2021.10.linux64_1.0.0.202111181127/tools/bin/../lib/gcc/arm-none-eabi/10.3.1/thumb/v7e-m+fp/hard/libgcc.a(_arm_cmpdf2.o)
                0x0000000008000a5c                __gtdf2
                0x0000000008000a5c                __gedf2
                0x0000000008000a64                __ltdf2
                0x0000000008000a64                __ledf2
                0x0000000008000a6c                __cmpdf2
                0x0000000008000a6c                __eqdf2
                0x0000000008000a6c                __nedf2
                0x0000000008000ae8                __aeabi_cdrcmple
                0x0000000008000af8                __aeabi_cdcmple
                0x0000000008000af8                __aeabi_cdcmpeq
                0x0000000008000b08                __aeabi_dcmpeq
                0x0000000008000b1c                __aeabi_dcmplt
                0x0000000008000b30                __aeabi_dcmple
                0x0000000008000b44                __aeabi_dcmpge
                0x0000000008000b58                __aeabi_dcmpgt
 .text          0x0000000008000b6c       0x50 /opt/st/stm32cubeide_1.9.0/plugins/com.st.stm32cube.ide.mcu.externaltools.gnu-tools-for-stm32.10.3-2021.10.linux64_1.0.0.202111181127/tools/bin/../lib/gcc/arm-none-eabi/10.3.1/thumb/v7e-m+fp/hard/libgcc.a(_arm_fixdfsi.o)
                0x0000000008000b6c                __fixdfsi
                0x0000000008000b6c                __aeabi_d2iz
 .text          0x0000000008000bbc       0x30 /opt/st/stm32cubeide_1.9.0/plugins/com.st.stm32cube.ide.mcu.externaltools.gnu-tools-for-stm32.10.3-2021.10.linux64_1.0.0.202111181127/tools/bin/../lib/gcc/arm-none-eabi/10.3.1/thumb/v7e-m+fp/hard/libgcc.a(_aeabi_uldivmod.o)
                0x0000000008000bbc                __aeabi_uldivmod
 .text          0x0000000008000bec      0x2d0 /opt/st/stm32cubeide_1.9.0/plugins/com.st.stm32cube.ide.mcu.externaltools.gnu-tools-for-stm32.10.3-2021.10.linux64_1.0.0.202111181127/tools/bin/../lib/gcc/arm-none-eabi/10.3.1/thumb/v7e-m+fp/hard/libgcc.a(_udivmoddi4.o)
                0x0000000008000bec                __udivmoddi4
 .text          0x0000000008000ebc        0x4 /opt/st/stm32cubeide_1.9.0/plugins/com.st.stm32cube.ide.mcu.externaltools.gnu-tools-for-stm32.10.3-2021.10.linux64_1.0.0.202111181127/tools/bin/../lib/gcc/arm-none-eabi/10.3.1/thumb/v7e-m+fp/hard/libgcc.a(_dvmd_tls.o)
                0x0000000008000ebc                __aeabi_ldiv0
                0x0000000008000ebc                __aeabi_idiv0
 *(.text*)
 .text.__NVIC_SystemReset
                0x0000000008000ec0       0x2c ./Core/Src/main.o
 .text.SCB_EnableICache
                0x0000000008000eec       0x4c ./Core/Src/main.o
 .text.SCB_EnableDCache
                0x0000000008000f38       0x88 ./Core/Src/main.o
 .text.main     0x0000000008000fc0      0x240 ./Core/Src/main.o
                0x0000000008000fc0                main
 .text.SystemClock_Config
                0x0000000008001200       0xdc ./Core/Src/main.o
                0x0000000008001200                SystemClock_Config
 .text.PeriphCommonClock_Config
                0x00000000080012dc       0x60 ./Core/Src/main.o
                0x00000000080012dc                PeriphCommonClock_Config
 .text.MX_CRC_Init
                0x000000000800133c       0x44 ./Core/Src/main.o
 .text.MX_DMA2D_Init
                0x0000000008001380       0x64 ./Core/Src/main.o
 .text.MX_LTDC_Init
                0x00000000080013e4      0x164 ./Core/Src/main.o
 .text.MX_SDMMC1_SD_Init
                0x0000000008001548       0x40 ./Core/Src/main.o
 .text.MX_USART1_UART_Init
                0x0000000008001588       0x60 ./Core/Src/main.o
 .text.MX_FMC_Init
                0x00000000080015e8       0x9c ./Core/Src/main.o
 .text.MX_GPIO_Init
                0x0000000008001684      0x154 ./Core/Src/main.o
 .text.Soal1    0x00000000080017d8      0x1a8 ./Core/Src/main.o
                0x00000000080017d8                Soal1
 .text.Soal2    0x0000000008001980      0x1c4 ./Core/Src/main.o
                0x0000000008001980                Soal2
 .text.Soal3    0x0000000008001b44      0x2b0 ./Core/Src/main.o
                0x0000000008001b44                Soal3
 .text.Soal4    0x0000000008001df4      0x1a4 ./Core/Src/main.o
                0x0000000008001df4                Soal4
 .text.Soal5    0x0000000008001f98      0x244 ./Core/Src/main.o
                0x0000000008001f98                Soal5
 .text.Process  0x00000000080021dc       0x78 ./Core/Src/main.o
                0x00000000080021dc                Process
 .text.Error1   0x0000000008002254       0x4c ./Core/Src/main.o
                0x0000000008002254                Error1
 .text.Error2   0x00000000080022a0       0x10 ./Core/Src/main.o
                0x00000000080022a0                Error2
 .text.replaceWordInString
                0x00000000080022b0       0xea ./Core/Src/main.o
                0x00000000080022b0                replaceWordInString
 *fill*         0x000000000800239a        0x2 
 .text.trim     0x000000000800239c       0xa4 ./Core/Src/main.o
                0x000000000800239c                trim
 .text.shift_trim
                0x0000000008002440       0xb8 ./Core/Src/main.o
                0x0000000008002440                shift_trim
 .text.IntToStr
                0x00000000080024f8       0x2c ./Core/Src/main.o
                0x00000000080024f8                IntToStr
 .text.read_file
                0x0000000008002524      0x164 ./Core/Src/main.o
                0x0000000008002524                read_file
 .text.get_data_from_rawdata
                0x0000000008002688       0xf8 ./Core/Src/main.o
                0x0000000008002688                get_data_from_rawdata
 .text.save_data_file
                0x0000000008002780       0xc0 ./Core/Src/main.o
                0x0000000008002780                save_data_file
 .text.c_round  0x0000000008002840       0x68 ./Core/Src/main.o
                0x0000000008002840                c_round
 .text.c_modulus
                0x00000000080028a8       0x98 ./Core/Src/main.o
                0x00000000080028a8                c_modulus
 .text.isGanjil
                0x0000000008002940       0x60 ./Core/Src/main.o
                0x0000000008002940                isGanjil
 .text.Error_Handler
                0x00000000080029a0        0xa ./Core/Src/main.o
                0x00000000080029a0                Error_Handler
 *fill*         0x00000000080029aa        0x2 
 .text.HAL_MspInit
                0x00000000080029ac       0x64 ./Core/Src/stm32f7xx_hal_msp.o
                0x00000000080029ac                HAL_MspInit
 .text.HAL_CRC_MspInit
                0x0000000008002a10       0x40 ./Core/Src/stm32f7xx_hal_msp.o
                0x0000000008002a10                HAL_CRC_MspInit
 .text.HAL_DMA2D_MspInit
                0x0000000008002a50       0x40 ./Core/Src/stm32f7xx_hal_msp.o
                0x0000000008002a50                HAL_DMA2D_MspInit
 .text.HAL_LTDC_MspInit
                0x0000000008002a90      0x2e4 ./Core/Src/stm32f7xx_hal_msp.o
                0x0000000008002a90                HAL_LTDC_MspInit
 .text.HAL_SD_MspInit
                0x0000000008002d74       0xc4 ./Core/Src/stm32f7xx_hal_msp.o
                0x0000000008002d74                HAL_SD_MspInit
 .text.HAL_UART_MspInit
                0x0000000008002e38      0x104 ./Core/Src/stm32f7xx_hal_msp.o
                0x0000000008002e38                HAL_UART_MspInit
 .text.HAL_FMC_MspInit
                0x0000000008002f3c      0x120 ./Core/Src/stm32f7xx_hal_msp.o
 .text.HAL_SDRAM_MspInit
                0x000000000800305c       0x14 ./Core/Src/stm32f7xx_hal_msp.o
                0x000000000800305c                HAL_SDRAM_MspInit
 .text.NMI_Handler
                0x0000000008003070        0x6 ./Core/Src/stm32f7xx_it.o
                0x0000000008003070                NMI_Handler
 .text.HardFault_Handler
                0x0000000008003076        0x6 ./Core/Src/stm32f7xx_it.o
                0x0000000008003076                HardFault_Handler
 .text.MemManage_Handler
                0x000000000800307c        0x6 ./Core/Src/stm32f7xx_it.o
                0x000000000800307c                MemManage_Handler
 .text.BusFault_Handler
                0x0000000008003082        0x6 ./Core/Src/stm32f7xx_it.o
                0x0000000008003082                BusFault_Handler
 .text.UsageFault_Handler
                0x0000000008003088        0x6 ./Core/Src/stm32f7xx_it.o
                0x0000000008003088                UsageFault_Handler
 .text.SVC_Handler
                0x000000000800308e        0xe ./Core/Src/stm32f7xx_it.o
                0x000000000800308e                SVC_Handler
 .text.DebugMon_Handler
                0x000000000800309c        0xe ./Core/Src/stm32f7xx_it.o
                0x000000000800309c                DebugMon_Handler
 .text.PendSV_Handler
                0x00000000080030aa        0xe ./Core/Src/stm32f7xx_it.o
                0x00000000080030aa                PendSV_Handler
 .text.SysTick_Handler
                0x00000000080030b8        0xc ./Core/Src/stm32f7xx_it.o
                0x00000000080030b8                SysTick_Handler
 .text.RCC_IRQHandler
                0x00000000080030c4        0xe ./Core/Src/stm32f7xx_it.o
                0x00000000080030c4                RCC_IRQHandler
 *fill*         0x00000000080030d2        0x2 
 .text.LTDC_IRQHandler
                0x00000000080030d4       0x14 ./Core/Src/stm32f7xx_it.o
                0x00000000080030d4                LTDC_IRQHandler
 .text._sbrk    0x00000000080030e8       0x6c ./Core/Src/sysmem.o
                0x00000000080030e8                _sbrk
 .text.SystemInit
                0x0000000008003154       0x24 ./Core/Src/system_stm32f7xx.o
                0x0000000008003154                SystemInit
 .text.Reset_Handler
                0x0000000008003178       0x50 ./Core/Startup/startup_stm32f746nghx.o
                0x0000000008003178                Reset_Handler
 .text.Default_Handler
                0x00000000080031c8        0x2 ./Core/Startup/startup_stm32f746nghx.o
                0x00000000080031c8                RTC_Alarm_IRQHandler
                0x00000000080031c8                EXTI2_IRQHandler
                0x00000000080031c8                TIM8_CC_IRQHandler
                0x00000000080031c8                UART8_IRQHandler
                0x00000000080031c8                SPI4_IRQHandler
                0x00000000080031c8                TIM1_CC_IRQHandler
                0x00000000080031c8                DMA2_Stream5_IRQHandler
                0x00000000080031c8                DMA1_Stream5_IRQHandler
                0x00000000080031c8                PVD_IRQHandler
                0x00000000080031c8                TAMP_STAMP_IRQHandler
                0x00000000080031c8                CAN2_RX1_IRQHandler
                0x00000000080031c8                EXTI3_IRQHandler
                0x00000000080031c8                TIM8_TRG_COM_TIM14_IRQHandler
                0x00000000080031c8                TIM1_UP_TIM10_IRQHandler
                0x00000000080031c8                TIM8_UP_TIM13_IRQHandler
                0x00000000080031c8                I2C3_ER_IRQHandler
                0x00000000080031c8                EXTI0_IRQHandler
                0x00000000080031c8                I2C2_EV_IRQHandler
                0x00000000080031c8                DMA1_Stream2_IRQHandler
                0x00000000080031c8                CAN1_RX0_IRQHandler
                0x00000000080031c8                FPU_IRQHandler
                0x00000000080031c8                OTG_HS_WKUP_IRQHandler
                0x00000000080031c8                LTDC_ER_IRQHandler
                0x00000000080031c8                CAN2_SCE_IRQHandler
                0x00000000080031c8                DMA2_Stream2_IRQHandler
                0x00000000080031c8                SPI1_IRQHandler
                0x00000000080031c8                TIM6_DAC_IRQHandler
                0x00000000080031c8                TIM1_BRK_TIM9_IRQHandler
                0x00000000080031c8                DCMI_IRQHandler
                0x00000000080031c8                CAN2_RX0_IRQHandler
                0x00000000080031c8                DMA2_Stream3_IRQHandler
                0x00000000080031c8                SAI2_IRQHandler
                0x00000000080031c8                USART6_IRQHandler
                0x00000000080031c8                USART3_IRQHandler
                0x00000000080031c8                CAN1_RX1_IRQHandler
                0x00000000080031c8                UART5_IRQHandler
                0x00000000080031c8                DMA2_Stream0_IRQHandler
                0x00000000080031c8                TIM4_IRQHandler
                0x00000000080031c8                QUADSPI_IRQHandler
                0x00000000080031c8                I2C1_EV_IRQHandler
                0x00000000080031c8                DMA1_Stream6_IRQHandler
                0x00000000080031c8                DMA1_Stream1_IRQHandler
                0x00000000080031c8                UART4_IRQHandler
                0x00000000080031c8                TIM3_IRQHandler
                0x00000000080031c8                TIM8_BRK_TIM12_IRQHandler
                0x00000000080031c8                Default_Handler
                0x00000000080031c8                CEC_IRQHandler
                0x00000000080031c8                EXTI15_10_IRQHandler
                0x00000000080031c8                ADC_IRQHandler
                0x00000000080031c8                DMA1_Stream7_IRQHandler
                0x00000000080031c8                SPI5_IRQHandler
                0x00000000080031c8                TIM7_IRQHandler
                0x00000000080031c8                SDMMC1_IRQHandler
                0x00000000080031c8                CAN2_TX_IRQHandler
                0x00000000080031c8                TIM5_IRQHandler
                0x00000000080031c8                DMA2_Stream7_IRQHandler
                0x00000000080031c8                I2C3_EV_IRQHandler
                0x00000000080031c8                EXTI9_5_IRQHandler
                0x00000000080031c8                RTC_WKUP_IRQHandler
                0x00000000080031c8                ETH_WKUP_IRQHandler
                0x00000000080031c8                SPDIF_RX_IRQHandler
                0x00000000080031c8                SPI2_IRQHandler
                0x00000000080031c8                OTG_HS_EP1_IN_IRQHandler
                0x00000000080031c8                DMA1_Stream0_IRQHandler
                0x00000000080031c8                CAN1_TX_IRQHandler
                0x00000000080031c8                EXTI4_IRQHandler
                0x00000000080031c8                RNG_IRQHandler
                0x00000000080031c8                ETH_IRQHandler
                0x00000000080031c8                OTG_HS_EP1_OUT_IRQHandler
                0x00000000080031c8                WWDG_IRQHandler
                0x00000000080031c8                SPI6_IRQHandler
                0x00000000080031c8                I2C4_EV_IRQHandler
                0x00000000080031c8                TIM2_IRQHandler
                0x00000000080031c8                OTG_FS_WKUP_IRQHandler
                0x00000000080031c8                TIM1_TRG_COM_TIM11_IRQHandler
                0x00000000080031c8                OTG_HS_IRQHandler
                0x00000000080031c8                DMA2D_IRQHandler
                0x00000000080031c8                EXTI1_IRQHandler
                0x00000000080031c8                UART7_IRQHandler
                0x00000000080031c8                USART2_IRQHandler
                0x00000000080031c8                I2C2_ER_IRQHandler
                0x00000000080031c8                DMA2_Stream1_IRQHandler
                0x00000000080031c8                CAN1_SCE_IRQHandler
                0x00000000080031c8                FLASH_IRQHandler
                0x00000000080031c8                DMA2_Stream4_IRQHandler
                0x00000000080031c8                USART1_IRQHandler
                0x00000000080031c8                OTG_FS_IRQHandler
                0x00000000080031c8                SPI3_IRQHandler
                0x00000000080031c8                DMA1_Stream4_IRQHandler
                0x00000000080031c8                I2C1_ER_IRQHandler
                0x00000000080031c8                FMC_IRQHandler
                0x00000000080031c8                LPTIM1_IRQHandler
                0x00000000080031c8                I2C4_ER_IRQHandler
                0x00000000080031c8                DMA2_Stream6_IRQHandler
                0x00000000080031c8                SAI1_IRQHandler
                0x00000000080031c8                DMA1_Stream3_IRQHandler
 .text.HAL_Init
                0x00000000080031ca       0x1a ./Drivers/STM32F7xx_HAL_Driver/Src/stm32f7xx_hal.o
                0x00000000080031ca                HAL_Init
 .text.HAL_InitTick
                0x00000000080031e4       0x60 ./Drivers/STM32F7xx_HAL_Driver/Src/stm32f7xx_hal.o
                0x00000000080031e4                HAL_InitTick
 .text.HAL_IncTick
                0x0000000008003244       0x28 ./Drivers/STM32F7xx_HAL_Driver/Src/stm32f7xx_hal.o
                0x0000000008003244                HAL_IncTick
 .text.HAL_GetTick
                0x000000000800326c       0x18 ./Drivers/STM32F7xx_HAL_Driver/Src/stm32f7xx_hal.o
                0x000000000800326c                HAL_GetTick
 .text.HAL_Delay
                0x0000000008003284       0x48 ./Drivers/STM32F7xx_HAL_Driver/Src/stm32f7xx_hal.o
                0x0000000008003284                HAL_Delay
 .text.__NVIC_SetPriorityGrouping
                0x00000000080032cc       0x48 ./Drivers/STM32F7xx_HAL_Driver/Src/stm32f7xx_hal_cortex.o
 .text.__NVIC_GetPriorityGrouping
                0x0000000008003314       0x1c ./Drivers/STM32F7xx_HAL_Driver/Src/stm32f7xx_hal_cortex.o
 .text.__NVIC_EnableIRQ
                0x0000000008003330       0x3c ./Drivers/STM32F7xx_HAL_Driver/Src/stm32f7xx_hal_cortex.o
 .text.__NVIC_SetPriority
                0x000000000800336c       0x54 ./Drivers/STM32F7xx_HAL_Driver/Src/stm32f7xx_hal_cortex.o
 .text.NVIC_EncodePriority
                0x00000000080033c0       0x66 ./Drivers/STM32F7xx_HAL_Driver/Src/stm32f7xx_hal_cortex.o
 *fill*         0x0000000008003426        0x2 
 .text.SysTick_Config
                0x0000000008003428       0x44 ./Drivers/STM32F7xx_HAL_Driver/Src/stm32f7xx_hal_cortex.o
 .text.HAL_NVIC_SetPriorityGrouping
                0x000000000800346c       0x16 ./Drivers/STM32F7xx_HAL_Driver/Src/stm32f7xx_hal_cortex.o
                0x000000000800346c                HAL_NVIC_SetPriorityGrouping
 .text.HAL_NVIC_SetPriority
                0x0000000008003482       0x38 ./Drivers/STM32F7xx_HAL_Driver/Src/stm32f7xx_hal_cortex.o
                0x0000000008003482                HAL_NVIC_SetPriority
 .text.HAL_NVIC_EnableIRQ
                0x00000000080034ba       0x1c ./Drivers/STM32F7xx_HAL_Driver/Src/stm32f7xx_hal_cortex.o
                0x00000000080034ba                HAL_NVIC_EnableIRQ
 .text.HAL_SYSTICK_Config
                0x00000000080034d6       0x18 ./Drivers/STM32F7xx_HAL_Driver/Src/stm32f7xx_hal_cortex.o
                0x00000000080034d6                HAL_SYSTICK_Config
 *fill*         0x00000000080034ee        0x2 
 .text.HAL_CRC_Init
                0x00000000080034f0       0xc8 ./Drivers/STM32F7xx_HAL_Driver/Src/stm32f7xx_hal_crc.o
                0x00000000080034f0                HAL_CRC_Init
 .text.HAL_CRCEx_Polynomial_Set
                0x00000000080035b8      0x10c ./Drivers/STM32F7xx_HAL_Driver/Src/stm32f7xx_hal_crc_ex.o
                0x00000000080035b8                HAL_CRCEx_Polynomial_Set
 .text.HAL_DMA_Init
                0x00000000080036c4      0x15c ./Drivers/STM32F7xx_HAL_Driver/Src/stm32f7xx_hal_dma.o
                0x00000000080036c4                HAL_DMA_Init
 .text.HAL_DMA_DeInit
                0x0000000008003820       0xbc ./Drivers/STM32F7xx_HAL_Driver/Src/stm32f7xx_hal_dma.o
                0x0000000008003820                HAL_DMA_DeInit
 .text.DMA_CalcBaseAndBitshift
                0x00000000080038dc       0x6c ./Drivers/STM32F7xx_HAL_Driver/Src/stm32f7xx_hal_dma.o
 .text.DMA_CheckFifoParam
                0x0000000008003948       0xf8 ./Drivers/STM32F7xx_HAL_Driver/Src/stm32f7xx_hal_dma.o
 .text.HAL_DMA2D_Init
                0x0000000008003a40       0x94 ./Drivers/STM32F7xx_HAL_Driver/Src/stm32f7xx_hal_dma2d.o
                0x0000000008003a40                HAL_DMA2D_Init
 .text.HAL_DMA2D_Start
                0x0000000008003ad4       0x56 ./Drivers/STM32F7xx_HAL_Driver/Src/stm32f7xx_hal_dma2d.o
                0x0000000008003ad4                HAL_DMA2D_Start
 .text.HAL_DMA2D_PollForTransfer
                0x0000000008003b2a      0x1d2 ./Drivers/STM32F7xx_HAL_Driver/Src/stm32f7xx_hal_dma2d.o
                0x0000000008003b2a                HAL_DMA2D_PollForTransfer
 .text.HAL_DMA2D_ConfigLayer
                0x0000000008003cfc      0x124 ./Drivers/STM32F7xx_HAL_Driver/Src/stm32f7xx_hal_dma2d.o
                0x0000000008003cfc                HAL_DMA2D_ConfigLayer
 .text.DMA2D_SetConfig
                0x0000000008003e20      0x138 ./Drivers/STM32F7xx_HAL_Driver/Src/stm32f7xx_hal_dma2d.o
 .text.HAL_GPIO_Init
                0x0000000008003f58      0x358 ./Drivers/STM32F7xx_HAL_Driver/Src/stm32f7xx_hal_gpio.o
                0x0000000008003f58                HAL_GPIO_Init
 .text.HAL_GPIO_WritePin
                0x00000000080042b0       0x32 ./Drivers/STM32F7xx_HAL_Driver/Src/stm32f7xx_hal_gpio.o
                0x00000000080042b0                HAL_GPIO_WritePin
 .text.HAL_GPIO_TogglePin
                0x00000000080042e2       0x34 ./Drivers/STM32F7xx_HAL_Driver/Src/stm32f7xx_hal_gpio.o
                0x00000000080042e2                HAL_GPIO_TogglePin
 *fill*         0x0000000008004316        0x2 
 .text.HAL_I2C_Init
                0x0000000008004318      0x120 ./Drivers/STM32F7xx_HAL_Driver/Src/stm32f7xx_hal_i2c.o
                0x0000000008004318                HAL_I2C_Init
 .text.HAL_I2C_DeInit
                0x0000000008004438       0x5e ./Drivers/STM32F7xx_HAL_Driver/Src/stm32f7xx_hal_i2c.o
                0x0000000008004438                HAL_I2C_DeInit
 .text.HAL_I2C_MspInit
                0x0000000008004496       0x14 ./Drivers/STM32F7xx_HAL_Driver/Src/stm32f7xx_hal_i2c.o
                0x0000000008004496                HAL_I2C_MspInit
 .text.HAL_I2C_MspDeInit
                0x00000000080044aa       0x14 ./Drivers/STM32F7xx_HAL_Driver/Src/stm32f7xx_hal_i2c.o
                0x00000000080044aa                HAL_I2C_MspDeInit
 *fill*         0x00000000080044be        0x2 
 .text.HAL_I2C_Mem_Write
                0x00000000080044c0      0x228 ./Drivers/STM32F7xx_HAL_Driver/Src/stm32f7xx_hal_i2c.o
                0x00000000080044c0                HAL_I2C_Mem_Write
 .text.HAL_I2C_Mem_Read
                0x00000000080046e8      0x234 ./Drivers/STM32F7xx_HAL_Driver/Src/stm32f7xx_hal_i2c.o
                0x00000000080046e8                HAL_I2C_Mem_Read
 .text.HAL_I2C_GetState
                0x000000000800491c       0x1c ./Drivers/STM32F7xx_HAL_Driver/Src/stm32f7xx_hal_i2c.o
                0x000000000800491c                HAL_I2C_GetState
 .text.I2C_RequestMemoryWrite
                0x0000000008004938       0xa8 ./Drivers/STM32F7xx_HAL_Driver/Src/stm32f7xx_hal_i2c.o
 .text.I2C_RequestMemoryRead
                0x00000000080049e0       0xa8 ./Drivers/STM32F7xx_HAL_Driver/Src/stm32f7xx_hal_i2c.o
 .text.I2C_Flush_TXDR
                0x0000000008004a88       0x48 ./Drivers/STM32F7xx_HAL_Driver/Src/stm32f7xx_hal_i2c.o
 .text.I2C_WaitOnFlagUntilTimeout
                0x0000000008004ad0       0x80 ./Drivers/STM32F7xx_HAL_Driver/Src/stm32f7xx_hal_i2c.o
 .text.I2C_WaitOnTXISFlagUntilTimeout
                0x0000000008004b50       0x80 ./Drivers/STM32F7xx_HAL_Driver/Src/stm32f7xx_hal_i2c.o
 .text.I2C_WaitOnSTOPFlagUntilTimeout
                0x0000000008004bd0       0x78 ./Drivers/STM32F7xx_HAL_Driver/Src/stm32f7xx_hal_i2c.o
 .text.I2C_IsErrorOccurred
                0x0000000008004c48      0x1d8 ./Drivers/STM32F7xx_HAL_Driver/Src/stm32f7xx_hal_i2c.o
 .text.I2C_TransferConfig
                0x0000000008004e20       0x64 ./Drivers/STM32F7xx_HAL_Driver/Src/stm32f7xx_hal_i2c.o
 .text.HAL_LTDC_Init
                0x0000000008004e84      0x1a0 ./Drivers/STM32F7xx_HAL_Driver/Src/stm32f7xx_hal_ltdc.o
                0x0000000008004e84                HAL_LTDC_Init
 .text.HAL_LTDC_IRQHandler
                0x0000000008005024      0x148 ./Drivers/STM32F7xx_HAL_Driver/Src/stm32f7xx_hal_ltdc.o
                0x0000000008005024                HAL_LTDC_IRQHandler
 .text.HAL_LTDC_ErrorCallback
                0x000000000800516c       0x14 ./Drivers/STM32F7xx_HAL_Driver/Src/stm32f7xx_hal_ltdc.o
                0x000000000800516c                HAL_LTDC_ErrorCallback
 .text.HAL_LTDC_LineEventCallback
                0x0000000008005180       0x14 ./Drivers/STM32F7xx_HAL_Driver/Src/stm32f7xx_hal_ltdc.o
                0x0000000008005180                HAL_LTDC_LineEventCallback
 .text.HAL_LTDC_ReloadEventCallback
                0x0000000008005194       0x14 ./Drivers/STM32F7xx_HAL_Driver/Src/stm32f7xx_hal_ltdc.o
                0x0000000008005194                HAL_LTDC_ReloadEventCallback
 .text.HAL_LTDC_ConfigLayer
                0x00000000080051a8       0x7c ./Drivers/STM32F7xx_HAL_Driver/Src/stm32f7xx_hal_ltdc.o
                0x00000000080051a8                HAL_LTDC_ConfigLayer
 .text.HAL_LTDC_GetState
                0x0000000008005224       0x1c ./Drivers/STM32F7xx_HAL_Driver/Src/stm32f7xx_hal_ltdc.o
                0x0000000008005224                HAL_LTDC_GetState
 .text.LTDC_SetConfig
                0x0000000008005240      0x334 ./Drivers/STM32F7xx_HAL_Driver/Src/stm32f7xx_hal_ltdc.o
 .text.HAL_PWREx_EnableOverDrive
                0x0000000008005574       0xa0 ./Drivers/STM32F7xx_HAL_Driver/Src/stm32f7xx_hal_pwr_ex.o
                0x0000000008005574                HAL_PWREx_EnableOverDrive
 .text.HAL_RCC_OscConfig
                0x0000000008005614      0x548 ./Drivers/STM32F7xx_HAL_Driver/Src/stm32f7xx_hal_rcc.o
                0x0000000008005614                HAL_RCC_OscConfig
 .text.HAL_RCC_ClockConfig
                0x0000000008005b5c      0x1d8 ./Drivers/STM32F7xx_HAL_Driver/Src/stm32f7xx_hal_rcc.o
                0x0000000008005b5c                HAL_RCC_ClockConfig
 .text.HAL_RCC_GetSysClockFreq
                0x0000000008005d34      0x18c ./Drivers/STM32F7xx_HAL_Driver/Src/stm32f7xx_hal_rcc.o
                0x0000000008005d34                HAL_RCC_GetSysClockFreq
 .text.HAL_RCC_GetHCLKFreq
                0x0000000008005ec0       0x18 ./Drivers/STM32F7xx_HAL_Driver/Src/stm32f7xx_hal_rcc.o
                0x0000000008005ec0                HAL_RCC_GetHCLKFreq
 .text.HAL_RCC_GetPCLK1Freq
                0x0000000008005ed8       0x28 ./Drivers/STM32F7xx_HAL_Driver/Src/stm32f7xx_hal_rcc.o
                0x0000000008005ed8                HAL_RCC_GetPCLK1Freq
 .text.HAL_RCC_GetPCLK2Freq
                0x0000000008005f00       0x28 ./Drivers/STM32F7xx_HAL_Driver/Src/stm32f7xx_hal_rcc.o
                0x0000000008005f00                HAL_RCC_GetPCLK2Freq
 .text.HAL_RCCEx_PeriphCLKConfig
                0x0000000008005f28      0x7e0 ./Drivers/STM32F7xx_HAL_Driver/Src/stm32f7xx_hal_rcc_ex.o
                0x0000000008005f28                HAL_RCCEx_PeriphCLKConfig
 .text.HAL_SD_Init
                0x0000000008006708       0x60 ./Drivers/STM32F7xx_HAL_Driver/Src/stm32f7xx_hal_sd.o
                0x0000000008006708                HAL_SD_Init
 .text.HAL_SD_InitCard
                0x0000000008006768      0x110 ./Drivers/STM32F7xx_HAL_Driver/Src/stm32f7xx_hal_sd.o
                0x0000000008006768                HAL_SD_InitCard
 .text.HAL_SD_ReadBlocks
                0x0000000008006878      0x3bc ./Drivers/STM32F7xx_HAL_Driver/Src/stm32f7xx_hal_sd.o
                0x0000000008006878                HAL_SD_ReadBlocks
 .text.HAL_SD_WriteBlocks
                0x0000000008006c34      0x30c ./Drivers/STM32F7xx_HAL_Driver/Src/stm32f7xx_hal_sd.o
                0x0000000008006c34                HAL_SD_WriteBlocks
 .text.HAL_SD_GetCardCSD
                0x0000000008006f40      0x348 ./Drivers/STM32F7xx_HAL_Driver/Src/stm32f7xx_hal_sd.o
                0x0000000008006f40                HAL_SD_GetCardCSD
 .text.HAL_SD_GetCardInfo
                0x0000000008007288       0x58 ./Drivers/STM32F7xx_HAL_Driver/Src/stm32f7xx_hal_sd.o
                0x0000000008007288                HAL_SD_GetCardInfo
 .text.HAL_SD_GetCardState
                0x00000000080072e0       0x40 ./Drivers/STM32F7xx_HAL_Driver/Src/stm32f7xx_hal_sd.o
                0x00000000080072e0                HAL_SD_GetCardState
 .text.SD_InitCard
                0x0000000008007320      0x19c ./Drivers/STM32F7xx_HAL_Driver/Src/stm32f7xx_hal_sd.o
 .text.SD_PowerON
                0x00000000080074bc      0x11c ./Drivers/STM32F7xx_HAL_Driver/Src/stm32f7xx_hal_sd.o
 .text.SD_SendStatus
                0x00000000080075d8       0x50 ./Drivers/STM32F7xx_HAL_Driver/Src/stm32f7xx_hal_sd.o
 .text.HAL_SDRAM_Init
                0x0000000008007628       0x68 ./Drivers/STM32F7xx_HAL_Driver/Src/stm32f7xx_hal_sdram.o
                0x0000000008007628                HAL_SDRAM_Init
 .text.HAL_SDRAM_SendCommand
                0x0000000008007690       0x6a ./Drivers/STM32F7xx_HAL_Driver/Src/stm32f7xx_hal_sdram.o
                0x0000000008007690                HAL_SDRAM_SendCommand
 .text.HAL_SDRAM_ProgramRefreshRate
                0x00000000080076fa       0x50 ./Drivers/STM32F7xx_HAL_Driver/Src/stm32f7xx_hal_sdram.o
                0x00000000080076fa                HAL_SDRAM_ProgramRefreshRate
 .text.HAL_UART_Init
                0x000000000800774a       0x9c ./Drivers/STM32F7xx_HAL_Driver/Src/stm32f7xx_hal_uart.o
                0x000000000800774a                HAL_UART_Init
 .text.HAL_UART_Receive
                0x00000000080077e6      0x1a0 ./Drivers/STM32F7xx_HAL_Driver/Src/stm32f7xx_hal_uart.o
                0x00000000080077e6                HAL_UART_Receive
 *fill*         0x0000000008007986        0x2 
 .text.UART_SetConfig
                0x0000000008007988      0x4c8 ./Drivers/STM32F7xx_HAL_Driver/Src/stm32f7xx_hal_uart.o
                0x0000000008007988                UART_SetConfig
 .text.UART_AdvFeatureConfig
                0x0000000008007e50      0x144 ./Drivers/STM32F7xx_HAL_Driver/Src/stm32f7xx_hal_uart.o
                0x0000000008007e50                UART_AdvFeatureConfig
 .text.UART_CheckIdleState
                0x0000000008007f94       0x66 ./Drivers/STM32F7xx_HAL_Driver/Src/stm32f7xx_hal_uart.o
                0x0000000008007f94                UART_CheckIdleState
 .text.UART_WaitOnFlagUntilTimeout
                0x0000000008007ffa      0x188 ./Drivers/STM32F7xx_HAL_Driver/Src/stm32f7xx_hal_uart.o
                0x0000000008007ffa                UART_WaitOnFlagUntilTimeout
 *fill*         0x0000000008008182        0x2 
 .text.FMC_SDRAM_Init
                0x0000000008008184       0xb8 ./Drivers/STM32F7xx_HAL_Driver/Src/stm32f7xx_ll_fmc.o
                0x0000000008008184                FMC_SDRAM_Init
 .text.FMC_SDRAM_Timing_Init
                0x000000000800823c       0xd4 ./Drivers/STM32F7xx_HAL_Driver/Src/stm32f7xx_ll_fmc.o
                0x000000000800823c                FMC_SDRAM_Timing_Init
 .text.FMC_SDRAM_SendCommand
                0x0000000008008310       0x48 ./Drivers/STM32F7xx_HAL_Driver/Src/stm32f7xx_ll_fmc.o
                0x0000000008008310                FMC_SDRAM_SendCommand
 .text.FMC_SDRAM_ProgramRefreshRate
                0x0000000008008358       0x30 ./Drivers/STM32F7xx_HAL_Driver/Src/stm32f7xx_ll_fmc.o
                0x0000000008008358                FMC_SDRAM_ProgramRefreshRate
 .text.SDMMC_Init
                0x0000000008008388       0x58 ./Drivers/STM32F7xx_HAL_Driver/Src/stm32f7xx_ll_sdmmc.o
                0x0000000008008388                SDMMC_Init
 .text.SDMMC_ReadFIFO
                0x00000000080083e0       0x1a ./Drivers/STM32F7xx_HAL_Driver/Src/stm32f7xx_ll_sdmmc.o
                0x00000000080083e0                SDMMC_ReadFIFO
 .text.SDMMC_WriteFIFO
                0x00000000080083fa       0x22 ./Drivers/STM32F7xx_HAL_Driver/Src/stm32f7xx_ll_sdmmc.o
                0x00000000080083fa                SDMMC_WriteFIFO
 .text.SDMMC_PowerState_ON
                0x000000000800841c       0x1c ./Drivers/STM32F7xx_HAL_Driver/Src/stm32f7xx_ll_sdmmc.o
                0x000000000800841c                SDMMC_PowerState_ON
 .text.SDMMC_GetPowerState
                0x0000000008008438       0x1c ./Drivers/STM32F7xx_HAL_Driver/Src/stm32f7xx_ll_sdmmc.o
                0x0000000008008438                SDMMC_GetPowerState
 .text.SDMMC_SendCommand
                0x0000000008008454       0x54 ./Drivers/STM32F7xx_HAL_Driver/Src/stm32f7xx_ll_sdmmc.o
                0x0000000008008454                SDMMC_SendCommand
 .text.SDMMC_GetCommandResponse
                0x00000000080084a8       0x1a ./Drivers/STM32F7xx_HAL_Driver/Src/stm32f7xx_ll_sdmmc.o
                0x00000000080084a8                SDMMC_GetCommandResponse
 .text.SDMMC_GetResponse
                0x00000000080084c2       0x26 ./Drivers/STM32F7xx_HAL_Driver/Src/stm32f7xx_ll_sdmmc.o
                0x00000000080084c2                SDMMC_GetResponse
 .text.SDMMC_ConfigData
                0x00000000080084e8       0x58 ./Drivers/STM32F7xx_HAL_Driver/Src/stm32f7xx_ll_sdmmc.o
                0x00000000080084e8                SDMMC_ConfigData
 .text.SDMMC_CmdBlockLength
                0x0000000008008540       0x44 ./Drivers/STM32F7xx_HAL_Driver/Src/stm32f7xx_ll_sdmmc.o
                0x0000000008008540                SDMMC_CmdBlockLength
 .text.SDMMC_CmdReadSingleBlock
                0x0000000008008584       0x44 ./Drivers/STM32F7xx_HAL_Driver/Src/stm32f7xx_ll_sdmmc.o
                0x0000000008008584                SDMMC_CmdReadSingleBlock
 .text.SDMMC_CmdReadMultiBlock
                0x00000000080085c8       0x44 ./Drivers/STM32F7xx_HAL_Driver/Src/stm32f7xx_ll_sdmmc.o
                0x00000000080085c8                SDMMC_CmdReadMultiBlock
 .text.SDMMC_CmdWriteSingleBlock
                0x000000000800860c       0x44 ./Drivers/STM32F7xx_HAL_Driver/Src/stm32f7xx_ll_sdmmc.o
                0x000000000800860c                SDMMC_CmdWriteSingleBlock
 .text.SDMMC_CmdWriteMultiBlock
                0x0000000008008650       0x44 ./Drivers/STM32F7xx_HAL_Driver/Src/stm32f7xx_ll_sdmmc.o
                0x0000000008008650                SDMMC_CmdWriteMultiBlock
 .text.SDMMC_CmdStopTransfer
                0x0000000008008694       0x44 ./Drivers/STM32F7xx_HAL_Driver/Src/stm32f7xx_ll_sdmmc.o
                0x0000000008008694                SDMMC_CmdStopTransfer
 .text.SDMMC_CmdSelDesel
                0x00000000080086d8       0x46 ./Drivers/STM32F7xx_HAL_Driver/Src/stm32f7xx_ll_sdmmc.o
                0x00000000080086d8                SDMMC_CmdSelDesel
 .text.SDMMC_CmdGoIdleState
                0x000000000800871e       0x3c ./Drivers/STM32F7xx_HAL_Driver/Src/stm32f7xx_ll_sdmmc.o
                0x000000000800871e                SDMMC_CmdGoIdleState
 .text.SDMMC_CmdOperCond
                0x000000000800875a       0x3e ./Drivers/STM32F7xx_HAL_Driver/Src/stm32f7xx_ll_sdmmc.o
                0x000000000800875a                SDMMC_CmdOperCond
 .text.SDMMC_CmdAppCommand
                0x0000000008008798       0x44 ./Drivers/STM32F7xx_HAL_Driver/Src/stm32f7xx_ll_sdmmc.o
                0x0000000008008798                SDMMC_CmdAppCommand
 .text.SDMMC_CmdAppOperCommand
                0x00000000080087dc       0x48 ./Drivers/STM32F7xx_HAL_Driver/Src/stm32f7xx_ll_sdmmc.o
                0x00000000080087dc                SDMMC_CmdAppOperCommand
 .text.SDMMC_CmdSendCID
                0x0000000008008824       0x3c ./Drivers/STM32F7xx_HAL_Driver/Src/stm32f7xx_ll_sdmmc.o
                0x0000000008008824                SDMMC_CmdSendCID
 .text.SDMMC_CmdSendCSD
                0x0000000008008860       0x3e ./Drivers/STM32F7xx_HAL_Driver/Src/stm32f7xx_ll_sdmmc.o
                0x0000000008008860                SDMMC_CmdSendCSD
 .text.SDMMC_CmdSetRelAdd
                0x000000000800889e       0x42 ./Drivers/STM32F7xx_HAL_Driver/Src/stm32f7xx_ll_sdmmc.o
                0x000000000800889e                SDMMC_CmdSetRelAdd
 .text.SDMMC_CmdSendStatus
                0x00000000080088e0       0x44 ./Drivers/STM32F7xx_HAL_Driver/Src/stm32f7xx_ll_sdmmc.o
                0x00000000080088e0                SDMMC_CmdSendStatus
 .text.SDMMC_GetCmdResp1
                0x0000000008008924      0x1dc ./Drivers/STM32F7xx_HAL_Driver/Src/stm32f7xx_ll_sdmmc.o
                0x0000000008008924                SDMMC_GetCmdResp1
 .text.SDMMC_GetCmdResp2
                0x0000000008008b00       0x90 ./Drivers/STM32F7xx_HAL_Driver/Src/stm32f7xx_ll_sdmmc.o
                0x0000000008008b00                SDMMC_GetCmdResp2
 .text.SDMMC_GetCmdResp3
                0x0000000008008b90       0x7c ./Drivers/STM32F7xx_HAL_Driver/Src/stm32f7xx_ll_sdmmc.o
                0x0000000008008b90                SDMMC_GetCmdResp3
 .text.SDMMC_GetCmdResp6
                0x0000000008008c0c       0xec ./Drivers/STM32F7xx_HAL_Driver/Src/stm32f7xx_ll_sdmmc.o
                0x0000000008008c0c                SDMMC_GetCmdResp6
 .text.SDMMC_GetCmdResp7
                0x0000000008008cf8       0x9c ./Drivers/STM32F7xx_HAL_Driver/Src/stm32f7xx_ll_sdmmc.o
                0x0000000008008cf8                SDMMC_GetCmdResp7
 .text.SDMMC_GetCmdError
                0x0000000008008d94       0x58 ./Drivers/STM32F7xx_HAL_Driver/Src/stm32f7xx_ll_sdmmc.o
 .text.MX_FATFS_Init
                0x0000000008008dec       0x24 ./FATFS/App/fatfs.o
                0x0000000008008dec                MX_FATFS_Init
 .text.get_fattime
                0x0000000008008e10       0x10 ./FATFS/App/fatfs.o
                0x0000000008008e10                get_fattime
 .text.BSP_SD_Init
                0x0000000008008e20       0x30 ./FATFS/Target/bsp_driver_sd.o
                0x0000000008008e20                BSP_SD_Init
 .text.BSP_SD_ReadBlocks
                0x0000000008008e50       0x3c ./FATFS/Target/bsp_driver_sd.o
                0x0000000008008e50                BSP_SD_ReadBlocks
 .text.BSP_SD_WriteBlocks
                0x0000000008008e8c       0x3c ./FATFS/Target/bsp_driver_sd.o
                0x0000000008008e8c                BSP_SD_WriteBlocks
 .text.BSP_SD_GetCardState
                0x0000000008008ec8       0x20 ./FATFS/Target/bsp_driver_sd.o
                0x0000000008008ec8                BSP_SD_GetCardState
 .text.BSP_SD_GetCardInfo
                0x0000000008008ee8       0x1c ./FATFS/Target/bsp_driver_sd.o
                0x0000000008008ee8                BSP_SD_GetCardInfo
 .text.BSP_SD_IsDetected
                0x0000000008008f04       0x1a ./FATFS/Target/bsp_driver_sd.o
                0x0000000008008f04                BSP_SD_IsDetected
 *fill*         0x0000000008008f1e        0x2 
 .text.SD_CheckStatus
                0x0000000008008f20       0x3c ./FATFS/Target/sd_diskio.o
 .text.SD_initialize
                0x0000000008008f5c       0x3c ./FATFS/Target/sd_diskio.o
                0x0000000008008f5c                SD_initialize
 .text.SD_status
                0x0000000008008f98       0x1c ./FATFS/Target/sd_diskio.o
                0x0000000008008f98                SD_status
 .text.SD_read  0x0000000008008fb4       0x42 ./FATFS/Target/sd_diskio.o
                0x0000000008008fb4                SD_read
 .text.SD_write
                0x0000000008008ff6       0x42 ./FATFS/Target/sd_diskio.o
                0x0000000008008ff6                SD_write
 .text.SD_ioctl
                0x0000000008009038       0xb0 ./FATFS/Target/sd_diskio.o
                0x0000000008009038                SD_ioctl
 .text.ft5336_Init
                0x00000000080090e8       0x1c ./GUI files/ft5336.o
                0x00000000080090e8                ft5336_Init
 .text.ft5336_Reset
                0x0000000008009104       0x16 ./GUI files/ft5336.o
                0x0000000008009104                ft5336_Reset
 .text.ft5336_ReadID
                0x000000000800911a       0x5c ./GUI files/ft5336.o
                0x000000000800911a                ft5336_ReadID
 .text.ft5336_TS_Start
                0x0000000008009176       0x22 ./GUI files/ft5336.o
                0x0000000008009176                ft5336_TS_Start
 .text.ft5336_TS_DetectTouch
                0x0000000008009198       0x54 ./GUI files/ft5336.o
                0x0000000008009198                ft5336_TS_DetectTouch
 .text.ft5336_TS_GetXY
                0x00000000080091ec      0x1e0 ./GUI files/ft5336.o
                0x00000000080091ec                ft5336_TS_GetXY
 .text.ft5336_TS_EnableIT
                0x00000000080093cc       0x28 ./GUI files/ft5336.o
                0x00000000080093cc                ft5336_TS_EnableIT
 .text.ft5336_TS_DisableIT
                0x00000000080093f4       0x28 ./GUI files/ft5336.o
                0x00000000080093f4                ft5336_TS_DisableIT
 .text.ft5336_TS_ITStatus
                0x000000000800941c       0x18 ./GUI files/ft5336.o
                0x000000000800941c                ft5336_TS_ITStatus
 .text.ft5336_TS_ClearIT
                0x0000000008009434       0x16 ./GUI files/ft5336.o
                0x0000000008009434                ft5336_TS_ClearIT
 *fill*         0x000000000800944a        0x2 
 .text.ft5336_Get_I2C_InitializedStatus
                0x000000000800944c       0x18 ./GUI files/ft5336.o
 .text.ft5336_I2C_InitializeIfRequired
                0x0000000008009464       0x20 ./GUI files/ft5336.o
 .text.ft5336_TS_Configure
                0x0000000008009484       0x1c ./GUI files/ft5336.o
 .text.I2Cx_MspInit
                0x00000000080094a0      0x160 ./GUI files/stm32746g_discovery.o
 .text.I2Cx_Init
                0x0000000008009600       0x78 ./GUI files/stm32746g_discovery.o
 .text.I2Cx_ReadMultiple
                0x0000000008009678       0x5a ./GUI files/stm32746g_discovery.o
 .text.I2Cx_WriteMultiple
                0x00000000080096d2       0x5a ./GUI files/stm32746g_discovery.o
 .text.I2Cx_Error
                0x000000000800972c       0x20 ./GUI files/stm32746g_discovery.o
 .text.TS_IO_Init
                0x000000000800974c       0x14 ./GUI files/stm32746g_discovery.o
                0x000000000800974c                TS_IO_Init
 .text.TS_IO_Write
                0x0000000008009760       0x34 ./GUI files/stm32746g_discovery.o
                0x0000000008009760                TS_IO_Write
 .text.TS_IO_Read
                0x0000000008009794       0x3c ./GUI files/stm32746g_discovery.o
                0x0000000008009794                TS_IO_Read
 .text.TS_IO_Delay
                0x00000000080097d0       0x16 ./GUI files/stm32746g_discovery.o
                0x00000000080097d0                TS_IO_Delay
 *fill*         0x00000000080097e6        0x2 
 .text.BSP_LCD_Init
                0x00000000080097e8       0xe0 ./GUI files/stm32746g_discovery_lcd.o
                0x00000000080097e8                BSP_LCD_Init
 .text.BSP_LCD_GetXSize
                0x00000000080098c8       0x28 ./GUI files/stm32746g_discovery_lcd.o
                0x00000000080098c8                BSP_LCD_GetXSize
 .text.BSP_LCD_GetYSize
                0x00000000080098f0       0x28 ./GUI files/stm32746g_discovery_lcd.o
                0x00000000080098f0                BSP_LCD_GetYSize
 .text.BSP_LCD_LayerDefaultInit
                0x0000000008009918       0xc0 ./GUI files/stm32746g_discovery_lcd.o
                0x0000000008009918                BSP_LCD_LayerDefaultInit
 .text.BSP_LCD_SelectLayer
                0x00000000080099d8       0x20 ./GUI files/stm32746g_discovery_lcd.o
                0x00000000080099d8                BSP_LCD_SelectLayer
 .text.BSP_LCD_SetTextColor
                0x00000000080099f8       0x30 ./GUI files/stm32746g_discovery_lcd.o
                0x00000000080099f8                BSP_LCD_SetTextColor
 .text.BSP_LCD_SetBackColor
                0x0000000008009a28       0x34 ./GUI files/stm32746g_discovery_lcd.o
                0x0000000008009a28                BSP_LCD_SetBackColor
 .text.BSP_LCD_SetFont
                0x0000000008009a5c       0x34 ./GUI files/stm32746g_discovery_lcd.o
                0x0000000008009a5c                BSP_LCD_SetFont
 .text.BSP_LCD_Clear
                0x0000000008009a90       0x50 ./GUI files/stm32746g_discovery_lcd.o
                0x0000000008009a90                BSP_LCD_Clear
 .text.BSP_LCD_DisplayChar
                0x0000000008009ae0       0x88 ./GUI files/stm32746g_discovery_lcd.o
                0x0000000008009ae0                BSP_LCD_DisplayChar
 .text.BSP_LCD_DisplayStringAt
                0x0000000008009b68      0x190 ./GUI files/stm32746g_discovery_lcd.o
                0x0000000008009b68                BSP_LCD_DisplayStringAt
 .text.BSP_LCD_DrawPixel
                0x0000000008009cf8       0x90 ./GUI files/stm32746g_discovery_lcd.o
                0x0000000008009cf8                BSP_LCD_DrawPixel
 .text.BSP_LCD_MspInit
                0x0000000008009d88      0x1b4 ./GUI files/stm32746g_discovery_lcd.o
                0x0000000008009d88                BSP_LCD_MspInit
 .text.BSP_LCD_ClockConfig
                0x0000000008009f3c       0x38 ./GUI files/stm32746g_discovery_lcd.o
                0x0000000008009f3c                BSP_LCD_ClockConfig
 .text.DrawChar
                0x0000000008009f74      0x170 ./GUI files/stm32746g_discovery_lcd.o
 .text.LL_FillBuffer
                0x000000000800a0e4       0x98 ./GUI files/stm32746g_discovery_lcd.o
 .text.BSP_SDRAM_Init
                0x000000000800a17c       0xbc ./GUI files/stm32746g_discovery_sdram.o
                0x000000000800a17c                BSP_SDRAM_Init
 .text.BSP_SDRAM_Initialization_sequence
                0x000000000800a238       0xc0 ./GUI files/stm32746g_discovery_sdram.o
                0x000000000800a238                BSP_SDRAM_Initialization_sequence
 .text.BSP_SDRAM_MspInit
                0x000000000800a2f8      0x1f0 ./GUI files/stm32746g_discovery_sdram.o
                0x000000000800a2f8                BSP_SDRAM_MspInit
 .text.BSP_TS_Init
                0x000000000800a4e8       0x80 ./GUI files/stm32746g_discovery_ts.o
                0x000000000800a4e8                BSP_TS_Init
 .text.disk_status
                0x000000000800a568       0x34 ./Middlewares/Third_Party/FatFs/src/diskio.o
                0x000000000800a568                disk_status
 .text.disk_initialize
                0x000000000800a59c       0x4c ./Middlewares/Third_Party/FatFs/src/diskio.o
                0x000000000800a59c                disk_initialize
 .text.disk_read
                0x000000000800a5e8       0x40 ./Middlewares/Third_Party/FatFs/src/diskio.o
                0x000000000800a5e8                disk_read
 .text.disk_write
                0x000000000800a628       0x40 ./Middlewares/Third_Party/FatFs/src/diskio.o
                0x000000000800a628                disk_write
 .text.disk_ioctl
                0x000000000800a668       0x3c ./Middlewares/Third_Party/FatFs/src/diskio.o
                0x000000000800a668                disk_ioctl
 .text.ld_word  0x000000000800a6a4       0x30 ./Middlewares/Third_Party/FatFs/src/ff.o
 .text.ld_dword
                0x000000000800a6d4       0x46 ./Middlewares/Third_Party/FatFs/src/ff.o
 .text.st_word  0x000000000800a71a       0x36 ./Middlewares/Third_Party/FatFs/src/ff.o
 .text.st_dword
                0x000000000800a750       0x58 ./Middlewares/Third_Party/FatFs/src/ff.o
 .text.mem_cpy  0x000000000800a7a8       0x42 ./Middlewares/Third_Party/FatFs/src/ff.o
 .text.mem_set  0x000000000800a7ea       0x36 ./Middlewares/Third_Party/FatFs/src/ff.o
 .text.mem_cmp  0x000000000800a820       0x4e ./Middlewares/Third_Party/FatFs/src/ff.o
 .text.chk_chr  0x000000000800a86e       0x36 ./Middlewares/Third_Party/FatFs/src/ff.o
 .text.chk_lock
                0x000000000800a8a4       0xb8 ./Middlewares/Third_Party/FatFs/src/ff.o
 .text.enq_lock
                0x000000000800a95c       0x44 ./Middlewares/Third_Party/FatFs/src/ff.o
 .text.inc_lock
                0x000000000800a9a0      0x11c ./Middlewares/Third_Party/FatFs/src/ff.o
 .text.dec_lock
                0x000000000800aabc       0x78 ./Middlewares/Third_Party/FatFs/src/ff.o
 .text.clear_lock
                0x000000000800ab34       0x48 ./Middlewares/Third_Party/FatFs/src/ff.o
 .text.sync_window
                0x000000000800ab7c       0x88 ./Middlewares/Third_Party/FatFs/src/ff.o
 .text.move_window
                0x000000000800ac04       0x5a ./Middlewares/Third_Party/FatFs/src/ff.o
 *fill*         0x000000000800ac5e        0x2 
 .text.sync_fs  0x000000000800ac60       0xdc ./Middlewares/Third_Party/FatFs/src/ff.o
 .text.clust2sect
                0x000000000800ad3c       0x3e ./Middlewares/Third_Party/FatFs/src/ff.o
 .text.get_fat  0x000000000800ad7a      0x150 ./Middlewares/Third_Party/FatFs/src/ff.o
 .text.put_fat  0x000000000800aeca      0x1d8 ./Middlewares/Third_Party/FatFs/src/ff.o
 .text.remove_chain
                0x000000000800b0a2       0xca ./Middlewares/Third_Party/FatFs/src/ff.o
 .text.create_chain
                0x000000000800b16c      0x130 ./Middlewares/Third_Party/FatFs/src/ff.o
 .text.clmt_clust
                0x000000000800b29c       0x68 ./Middlewares/Third_Party/FatFs/src/ff.o
 .text.dir_sdi  0x000000000800b304       0xf6 ./Middlewares/Third_Party/FatFs/src/ff.o
 .text.dir_next
                0x000000000800b3fa      0x18a ./Middlewares/Third_Party/FatFs/src/ff.o
 .text.dir_alloc
                0x000000000800b584       0x8e ./Middlewares/Third_Party/FatFs/src/ff.o
 .text.ld_clust
                0x000000000800b612       0x3e ./Middlewares/Third_Party/FatFs/src/ff.o
 .text.st_clust
                0x000000000800b650       0x40 ./Middlewares/Third_Party/FatFs/src/ff.o
 .text.cmp_lfn  0x000000000800b690       0xe0 ./Middlewares/Third_Party/FatFs/src/ff.o
 .text.put_lfn  0x000000000800b770       0xd0 ./Middlewares/Third_Party/FatFs/src/ff.o
 .text.gen_numname
                0x000000000800b840      0x11c ./Middlewares/Third_Party/FatFs/src/ff.o
 .text.sum_sfn  0x000000000800b95c       0x42 ./Middlewares/Third_Party/FatFs/src/ff.o
 .text.dir_find
                0x000000000800b99e      0x180 ./Middlewares/Third_Party/FatFs/src/ff.o
 *fill*         0x000000000800bb1e        0x2 
 .text.dir_register
                0x000000000800bb20      0x1f0 ./Middlewares/Third_Party/FatFs/src/ff.o
 .text.create_name
                0x000000000800bd10      0x370 ./Middlewares/Third_Party/FatFs/src/ff.o
 .text.follow_path
                0x000000000800c080       0xe2 ./Middlewares/Third_Party/FatFs/src/ff.o
 .text.get_ldnumber
                0x000000000800c162       0x88 ./Middlewares/Third_Party/FatFs/src/ff.o
 *fill*         0x000000000800c1ea        0x2 
 .text.check_fs
                0x000000000800c1ec       0xac ./Middlewares/Third_Party/FatFs/src/ff.o
 .text.find_volume
                0x000000000800c298      0x498 ./Middlewares/Third_Party/FatFs/src/ff.o
 .text.validate
                0x000000000800c730       0x6a ./Middlewares/Third_Party/FatFs/src/ff.o
 *fill*         0x000000000800c79a        0x2 
 .text.f_mount  0x000000000800c79c       0x8c ./Middlewares/Third_Party/FatFs/src/ff.o
                0x000000000800c79c                f_mount
 .text.f_open   0x000000000800c828      0x56e ./Middlewares/Third_Party/FatFs/src/ff.o
                0x000000000800c828                f_open
 .text.f_read   0x000000000800cd96      0x27e ./Middlewares/Third_Party/FatFs/src/ff.o
                0x000000000800cd96                f_read
 .text.f_write  0x000000000800d014      0x2ea ./Middlewares/Third_Party/FatFs/src/ff.o
                0x000000000800d014                f_write
 .text.f_sync   0x000000000800d2fe       0xfc ./Middlewares/Third_Party/FatFs/src/ff.o
                0x000000000800d2fe                f_sync
 .text.f_close  0x000000000800d3fa       0x54 ./Middlewares/Third_Party/FatFs/src/ff.o
                0x000000000800d3fa                f_close
 .text.f_gets   0x000000000800d44e       0x7a ./Middlewares/Third_Party/FatFs/src/ff.o
                0x000000000800d44e                f_gets
 .text.putc_bfd
                0x000000000800d4c8       0x7a ./Middlewares/Third_Party/FatFs/src/ff.o
 .text.putc_flush
                0x000000000800d542       0x4a ./Middlewares/Third_Party/FatFs/src/ff.o
 .text.putc_init
                0x000000000800d58c       0x2a ./Middlewares/Third_Party/FatFs/src/ff.o
 *fill*         0x000000000800d5b6        0x2 
 .text.f_printf
                0x000000000800d5b8      0x43c ./Middlewares/Third_Party/FatFs/src/ff.o
                0x000000000800d5b8                f_printf
 .text.FATFS_LinkDriverEx
                0x000000000800d9f4       0x98 ./Middlewares/Third_Party/FatFs/src/ff_gen_drv.o
                0x000000000800d9f4                FATFS_LinkDriverEx
 .text.FATFS_LinkDriver
                0x000000000800da8c       0x1e ./Middlewares/Third_Party/FatFs/src/ff_gen_drv.o
                0x000000000800da8c                FATFS_LinkDriver
 *fill*         0x000000000800daaa        0x2 
 .text.ff_convert
                0x000000000800daac       0x78 ./Middlewares/Third_Party/FatFs/src/option/ccsbcs.o
                0x000000000800daac                ff_convert
 .text.ff_wtoupper
                0x000000000800db24      0x114 ./Middlewares/Third_Party/FatFs/src/option/ccsbcs.o
                0x000000000800db24                ff_wtoupper
 .text.atoi     0x000000000800dc38        0x8 /opt/st/stm32cubeide_1.9.0/plugins/com.st.stm32cube.ide.mcu.externaltools.gnu-tools-for-stm32.10.3-2021.10.linux64_1.0.0.202111181127/tools/bin/../lib/gcc/arm-none-eabi/10.3.1/../../../../arm-none-eabi/lib/thumb/v7e-m+fp/hard/libc_nano.a(lib_a-atoi.o)
                0x000000000800dc38                atoi
 .text.calloc   0x000000000800dc40       0x10 /opt/st/stm32cubeide_1.9.0/plugins/com.st.stm32cube.ide.mcu.externaltools.gnu-tools-for-stm32.10.3-2021.10.linux64_1.0.0.202111181127/tools/bin/../lib/gcc/arm-none-eabi/10.3.1/../../../../arm-none-eabi/lib/thumb/v7e-m+fp/hard/libc_nano.a(lib_a-calloc.o)
                0x000000000800dc40                calloc
 .text.__errno  0x000000000800dc50        0xc /opt/st/stm32cubeide_1.9.0/plugins/com.st.stm32cube.ide.mcu.externaltools.gnu-tools-for-stm32.10.3-2021.10.linux64_1.0.0.202111181127/tools/bin/../lib/gcc/arm-none-eabi/10.3.1/../../../../arm-none-eabi/lib/thumb/v7e-m+fp/hard/libc_nano.a(lib_a-errno.o)
                0x000000000800dc50                __errno
 .text.__libc_init_array
                0x000000000800dc5c       0x48 /opt/st/stm32cubeide_1.9.0/plugins/com.st.stm32cube.ide.mcu.externaltools.gnu-tools-for-stm32.10.3-2021.10.linux64_1.0.0.202111181127/tools/bin/../lib/gcc/arm-none-eabi/10.3.1/../../../../arm-none-eabi/lib/thumb/v7e-m+fp/hard/libc_nano.a(lib_a-init.o)
                0x000000000800dc5c                __libc_init_array
 .text.malloc   0x000000000800dca4       0x10 /opt/st/stm32cubeide_1.9.0/plugins/com.st.stm32cube.ide.mcu.externaltools.gnu-tools-for-stm32.10.3-2021.10.linux64_1.0.0.202111181127/tools/bin/../lib/gcc/arm-none-eabi/10.3.1/../../../../arm-none-eabi/lib/thumb/v7e-m+fp/hard/libc_nano.a(lib_a-malloc.o)
                0x000000000800dca4                malloc
 .text.free     0x000000000800dcb4       0x10 /opt/st/stm32cubeide_1.9.0/plugins/com.st.stm32cube.ide.mcu.externaltools.gnu-tools-for-stm32.10.3-2021.10.linux64_1.0.0.202111181127/tools/bin/../lib/gcc/arm-none-eabi/10.3.1/../../../../arm-none-eabi/lib/thumb/v7e-m+fp/hard/libc_nano.a(lib_a-malloc.o)
                0x000000000800dcb4                free
 .text.memset   0x000000000800dcc4       0x10 /opt/st/stm32cubeide_1.9.0/plugins/com.st.stm32cube.ide.mcu.externaltools.gnu-tools-for-stm32.10.3-2021.10.linux64_1.0.0.202111181127/tools/bin/../lib/gcc/arm-none-eabi/10.3.1/../../../../arm-none-eabi/lib/thumb/v7e-m+fp/hard/libc_nano.a(lib_a-memset.o)
                0x000000000800dcc4                memset
 .text._calloc_r
                0x000000000800dcd4       0x2c /opt/st/stm32cubeide_1.9.0/plugins/com.st.stm32cube.ide.mcu.externaltools.gnu-tools-for-stm32.10.3-2021.10.linux64_1.0.0.202111181127/tools/bin/../lib/gcc/arm-none-eabi/10.3.1/../../../../arm-none-eabi/lib/thumb/v7e-m+fp/hard/libc_nano.a(lib_a-nano-callocr.o)
                0x000000000800dcd4                _calloc_r
 .text._free_r  0x000000000800dd00       0x98 /opt/st/stm32cubeide_1.9.0/plugins/com.st.stm32cube.ide.mcu.externaltools.gnu-tools-for-stm32.10.3-2021.10.linux64_1.0.0.202111181127/tools/bin/../lib/gcc/arm-none-eabi/10.3.1/../../../../arm-none-eabi/lib/thumb/v7e-m+fp/hard/libc_nano.a(lib_a-nano-freer.o)
                0x000000000800dd00                _free_r
 .text.sbrk_aligned
                0x000000000800dd98       0x40 /opt/st/stm32cubeide_1.9.0/plugins/com.st.stm32cube.ide.mcu.externaltools.gnu-tools-for-stm32.10.3-2021.10.linux64_1.0.0.202111181127/tools/bin/../lib/gcc/arm-none-eabi/10.3.1/../../../../arm-none-eabi/lib/thumb/v7e-m+fp/hard/libc_nano.a(lib_a-nano-mallocr.o)
 .text._malloc_r
                0x000000000800ddd8       0xe8 /opt/st/stm32cubeide_1.9.0/plugins/com.st.stm32cube.ide.mcu.externaltools.gnu-tools-for-stm32.10.3-2021.10.linux64_1.0.0.202111181127/tools/bin/../lib/gcc/arm-none-eabi/10.3.1/../../../../arm-none-eabi/lib/thumb/v7e-m+fp/hard/libc_nano.a(lib_a-nano-mallocr.o)
                0x000000000800ddd8                _malloc_r
 .text._sbrk_r  0x000000000800dec0       0x20 /opt/st/stm32cubeide_1.9.0/plugins/com.st.stm32cube.ide.mcu.externaltools.gnu-tools-for-stm32.10.3-2021.10.linux64_1.0.0.202111181127/tools/bin/../lib/gcc/arm-none-eabi/10.3.1/../../../../arm-none-eabi/lib/thumb/v7e-m+fp/hard/libc_nano.a(lib_a-sbrkr.o)
                0x000000000800dec0                _sbrk_r
 .text.sprintf  0x000000000800dee0       0x40 /opt/st/stm32cubeide_1.9.0/plugins/com.st.stm32cube.ide.mcu.externaltools.gnu-tools-for-stm32.10.3-2021.10.linux64_1.0.0.202111181127/tools/bin/../lib/gcc/arm-none-eabi/10.3.1/../../../../arm-none-eabi/lib/thumb/v7e-m+fp/hard/libc_nano.a(lib_a-sprintf.o)
                0x000000000800dee0                sprintf
                0x000000000800dee0                siprintf
 .text.sscanf   0x000000000800df20       0x58 /opt/st/stm32cubeide_1.9.0/plugins/com.st.stm32cube.ide.mcu.externaltools.gnu-tools-for-stm32.10.3-2021.10.linux64_1.0.0.202111181127/tools/bin/../lib/gcc/arm-none-eabi/10.3.1/../../../../arm-none-eabi/lib/thumb/v7e-m+fp/hard/libc_nano.a(lib_a-sscanf.o)
                0x000000000800df20                sscanf
                0x000000000800df20                siscanf
 .text.__seofread
                0x000000000800df78        0x4 /opt/st/stm32cubeide_1.9.0/plugins/com.st.stm32cube.ide.mcu.externaltools.gnu-tools-for-stm32.10.3-2021.10.linux64_1.0.0.202111181127/tools/bin/../lib/gcc/arm-none-eabi/10.3.1/../../../../arm-none-eabi/lib/thumb/v7e-m+fp/hard/libc_nano.a(lib_a-stdio.o)
                0x000000000800df78                __seofread
 .text.strcat   0x000000000800df7c       0x1e /opt/st/stm32cubeide_1.9.0/plugins/com.st.stm32cube.ide.mcu.externaltools.gnu-tools-for-stm32.10.3-2021.10.linux64_1.0.0.202111181127/tools/bin/../lib/gcc/arm-none-eabi/10.3.1/../../../../arm-none-eabi/lib/thumb/v7e-m+fp/hard/libc_nano.a(lib_a-strcat.o)
                0x000000000800df7c                strcat
 .text.strcpy   0x000000000800df9a       0x10 /opt/st/stm32cubeide_1.9.0/plugins/com.st.stm32cube.ide.mcu.externaltools.gnu-tools-for-stm32.10.3-2021.10.linux64_1.0.0.202111181127/tools/bin/../lib/gcc/arm-none-eabi/10.3.1/../../../../arm-none-eabi/lib/thumb/v7e-m+fp/hard/libc_nano.a(lib_a-strcpy.o)
                0x000000000800df9a                strcpy
 .text.strstr   0x000000000800dfaa       0x2c /opt/st/stm32cubeide_1.9.0/plugins/com.st.stm32cube.ide.mcu.externaltools.gnu-tools-for-stm32.10.3-2021.10.linux64_1.0.0.202111181127/tools/bin/../lib/gcc/arm-none-eabi/10.3.1/../../../../arm-none-eabi/lib/thumb/v7e-m+fp/hard/libc_nano.a(lib_a-strstr.o)
                0x000000000800dfaa                strstr
 *fill*         0x000000000800dfd6        0x2 
 .text._strtol_l.constprop.0
                0x000000000800dfd8      0x104 /opt/st/stm32cubeide_1.9.0/plugins/com.st.stm32cube.ide.mcu.externaltools.gnu-tools-for-stm32.10.3-2021.10.linux64_1.0.0.202111181127/tools/bin/../lib/gcc/arm-none-eabi/10.3.1/../../../../arm-none-eabi/lib/thumb/v7e-m+fp/hard/libc_nano.a(lib_a-strtol.o)
 .text._strtol_r
                0x000000000800e0dc        0x4 /opt/st/stm32cubeide_1.9.0/plugins/com.st.stm32cube.ide.mcu.externaltools.gnu-tools-for-stm32.10.3-2021.10.linux64_1.0.0.202111181127/tools/bin/../lib/gcc/arm-none-eabi/10.3.1/../../../../arm-none-eabi/lib/thumb/v7e-m+fp/hard/libc_nano.a(lib_a-strtol.o)
                0x000000000800e0dc                _strtol_r
 .text.strtol   0x000000000800e0e0       0x14 /opt/st/stm32cubeide_1.9.0/plugins/com.st.stm32cube.ide.mcu.externaltools.gnu-tools-for-stm32.10.3-2021.10.linux64_1.0.0.202111181127/tools/bin/../lib/gcc/arm-none-eabi/10.3.1/../../../../arm-none-eabi/lib/thumb/v7e-m+fp/hard/libc_nano.a(lib_a-strtol.o)
                0x000000000800e0e0                strtol
 .text.__malloc_lock
                0x000000000800e0f4        0xc /opt/st/stm32cubeide_1.9.0/plugins/com.st.stm32cube.ide.mcu.externaltools.gnu-tools-for-stm32.10.3-2021.10.linux64_1.0.0.202111181127/tools/bin/../lib/gcc/arm-none-eabi/10.3.1/../../../../arm-none-eabi/lib/thumb/v7e-m+fp/hard/libc_nano.a(lib_a-mlock.o)
                0x000000000800e0f4                __malloc_lock
 .text.__malloc_unlock
                0x000000000800e100        0xc /opt/st/stm32cubeide_1.9.0/plugins/com.st.stm32cube.ide.mcu.externaltools.gnu-tools-for-stm32.10.3-2021.10.linux64_1.0.0.202111181127/tools/bin/../lib/gcc/arm-none-eabi/10.3.1/../../../../arm-none-eabi/lib/thumb/v7e-m+fp/hard/libc_nano.a(lib_a-mlock.o)
                0x000000000800e100                __malloc_unlock
 .text.__ssputs_r
                0x000000000800e10c       0xb6 /opt/st/stm32cubeide_1.9.0/plugins/com.st.stm32cube.ide.mcu.externaltools.gnu-tools-for-stm32.10.3-2021.10.linux64_1.0.0.202111181127/tools/bin/../lib/gcc/arm-none-eabi/10.3.1/../../../../arm-none-eabi/lib/thumb/v7e-m+fp/hard/libc_nano.a(lib_a-nano-svfprintf.o)
                0x000000000800e10c                __ssputs_r
 *fill*         0x000000000800e1c2        0x2 
 .text._svfprintf_r
                0x000000000800e1c4      0x200 /opt/st/stm32cubeide_1.9.0/plugins/com.st.stm32cube.ide.mcu.externaltools.gnu-tools-for-stm32.10.3-2021.10.linux64_1.0.0.202111181127/tools/bin/../lib/gcc/arm-none-eabi/10.3.1/../../../../arm-none-eabi/lib/thumb/v7e-m+fp/hard/libc_nano.a(lib_a-nano-svfprintf.o)
                0x000000000800e1c4                _svfprintf_r
                0x000000000800e1c4                _svfiprintf_r
 .text._sungetc_r
                0x000000000800e3c4       0x7a /opt/st/stm32cubeide_1.9.0/plugins/com.st.stm32cube.ide.mcu.externaltools.gnu-tools-for-stm32.10.3-2021.10.linux64_1.0.0.202111181127/tools/bin/../lib/gcc/arm-none-eabi/10.3.1/../../../../arm-none-eabi/lib/thumb/v7e-m+fp/hard/libc_nano.a(lib_a-nano-svfscanf.o)
                0x000000000800e3c4                _sungetc_r
 .text.__ssrefill_r
                0x000000000800e43e       0x3a /opt/st/stm32cubeide_1.9.0/plugins/com.st.stm32cube.ide.mcu.externaltools.gnu-tools-for-stm32.10.3-2021.10.linux64_1.0.0.202111181127/tools/bin/../lib/gcc/arm-none-eabi/10.3.1/../../../../arm-none-eabi/lib/thumb/v7e-m+fp/hard/libc_nano.a(lib_a-nano-svfscanf.o)
                0x000000000800e43e                __ssrefill_r
 .text.__ssvfscanf_r
                0x000000000800e478      0x2f0 /opt/st/stm32cubeide_1.9.0/plugins/com.st.stm32cube.ide.mcu.externaltools.gnu-tools-for-stm32.10.3-2021.10.linux64_1.0.0.202111181127/tools/bin/../lib/gcc/arm-none-eabi/10.3.1/../../../../arm-none-eabi/lib/thumb/v7e-m+fp/hard/libc_nano.a(lib_a-nano-svfscanf.o)
                0x000000000800e478                __ssvfscanf_r
                0x000000000800e478                __ssvfiscanf_r
 .text._printf_common
                0x000000000800e768       0xda /opt/st/stm32cubeide_1.9.0/plugins/com.st.stm32cube.ide.mcu.externaltools.gnu-tools-for-stm32.10.3-2021.10.linux64_1.0.0.202111181127/tools/bin/../lib/gcc/arm-none-eabi/10.3.1/../../../../arm-none-eabi/lib/thumb/v7e-m+fp/hard/libc_nano.a(lib_a-nano-vfprintf_i.o)
                0x000000000800e768                _printf_common
 *fill*         0x000000000800e842        0x2 
 .text._printf_i
                0x000000000800e844      0x24c /opt/st/stm32cubeide_1.9.0/plugins/com.st.stm32cube.ide.mcu.externaltools.gnu-tools-for-stm32.10.3-2021.10.linux64_1.0.0.202111181127/tools/bin/../lib/gcc/arm-none-eabi/10.3.1/../../../../arm-none-eabi/lib/thumb/v7e-m+fp/hard/libc_nano.a(lib_a-nano-vfprintf_i.o)
                0x000000000800e844                _printf_i
 .text._scanf_chars
                0x000000000800ea90       0xb4 /opt/st/stm32cubeide_1.9.0/plugins/com.st.stm32cube.ide.mcu.externaltools.gnu-tools-for-stm32.10.3-2021.10.linux64_1.0.0.202111181127/tools/bin/../lib/gcc/arm-none-eabi/10.3.1/../../../../arm-none-eabi/lib/thumb/v7e-m+fp/hard/libc_nano.a(lib_a-nano-vfscanf_i.o)
                0x000000000800ea90                _scanf_chars
 .text._scanf_i
                0x000000000800eb44      0x1f0 /opt/st/stm32cubeide_1.9.0/plugins/com.st.stm32cube.ide.mcu.externaltools.gnu-tools-for-stm32.10.3-2021.10.linux64_1.0.0.202111181127/tools/bin/../lib/gcc/arm-none-eabi/10.3.1/../../../../arm-none-eabi/lib/thumb/v7e-m+fp/hard/libc_nano.a(lib_a-nano-vfscanf_i.o)
                0x000000000800eb44                _scanf_i
 .text.__sccl   0x000000000800ed34       0x70 /opt/st/stm32cubeide_1.9.0/plugins/com.st.stm32cube.ide.mcu.externaltools.gnu-tools-for-stm32.10.3-2021.10.linux64_1.0.0.202111181127/tools/bin/../lib/gcc/arm-none-eabi/10.3.1/../../../../arm-none-eabi/lib/thumb/v7e-m+fp/hard/libc_nano.a(lib_a-sccl.o)
                0x000000000800ed34                __sccl
 .text._strtoul_l.constprop.0
                0x000000000800eda4       0xe4 /opt/st/stm32cubeide_1.9.0/plugins/com.st.stm32cube.ide.mcu.externaltools.gnu-tools-for-stm32.10.3-2021.10.linux64_1.0.0.202111181127/tools/bin/../lib/gcc/arm-none-eabi/10.3.1/../../../../arm-none-eabi/lib/thumb/v7e-m+fp/hard/libc_nano.a(lib_a-strtoul.o)
 .text._strtoul_r
                0x000000000800ee88        0x4 /opt/st/stm32cubeide_1.9.0/plugins/com.st.stm32cube.ide.mcu.externaltools.gnu-tools-for-stm32.10.3-2021.10.linux64_1.0.0.202111181127/tools/bin/../lib/gcc/arm-none-eabi/10.3.1/../../../../arm-none-eabi/lib/thumb/v7e-m+fp/hard/libc_nano.a(lib_a-strtoul.o)
                0x000000000800ee88                _strtoul_r
 .text.__submore
                0x000000000800ee8c       0x74 /opt/st/stm32cubeide_1.9.0/plugins/com.st.stm32cube.ide.mcu.externaltools.gnu-tools-for-stm32.10.3-2021.10.linux64_1.0.0.202111181127/tools/bin/../lib/gcc/arm-none-eabi/10.3.1/../../../../arm-none-eabi/lib/thumb/v7e-m+fp/hard/libc_nano.a(lib_a-ungetc.o)
                0x000000000800ee8c                __submore
 .text.__retarget_lock_acquire_recursive
                0x000000000800ef00        0x2 /opt/st/stm32cubeide_1.9.0/plugins/com.st.stm32cube.ide.mcu.externaltools.gnu-tools-for-stm32.10.3-2021.10.linux64_1.0.0.202111181127/tools/bin/../lib/gcc/arm-none-eabi/10.3.1/../../../../arm-none-eabi/lib/thumb/v7e-m+fp/hard/libc_nano.a(lib_a-lock.o)
                0x000000000800ef00                __retarget_lock_acquire_recursive
 .text.__retarget_lock_release_recursive
                0x000000000800ef02        0x2 /opt/st/stm32cubeide_1.9.0/plugins/com.st.stm32cube.ide.mcu.externaltools.gnu-tools-for-stm32.10.3-2021.10.linux64_1.0.0.202111181127/tools/bin/../lib/gcc/arm-none-eabi/10.3.1/../../../../arm-none-eabi/lib/thumb/v7e-m+fp/hard/libc_nano.a(lib_a-lock.o)
                0x000000000800ef02                __retarget_lock_release_recursive
 .text.memcpy   0x000000000800ef04       0x1c /opt/st/stm32cubeide_1.9.0/plugins/com.st.stm32cube.ide.mcu.externaltools.gnu-tools-for-stm32.10.3-2021.10.linux64_1.0.0.202111181127/tools/bin/../lib/gcc/arm-none-eabi/10.3.1/../../../../arm-none-eabi/lib/thumb/v7e-m+fp/hard/libc_nano.a(lib_a-memcpy-stub.o)
                0x000000000800ef04                memcpy
 .text.memmove  0x000000000800ef20       0x34 /opt/st/stm32cubeide_1.9.0/plugins/com.st.stm32cube.ide.mcu.externaltools.gnu-tools-for-stm32.10.3-2021.10.linux64_1.0.0.202111181127/tools/bin/../lib/gcc/arm-none-eabi/10.3.1/../../../../arm-none-eabi/lib/thumb/v7e-m+fp/hard/libc_nano.a(lib_a-memmove.o)
                0x000000000800ef20                memmove
 .text._realloc_r
                0x000000000800ef54       0x5e /opt/st/stm32cubeide_1.9.0/plugins/com.st.stm32cube.ide.mcu.externaltools.gnu-tools-for-stm32.10.3-2021.10.linux64_1.0.0.202111181127/tools/bin/../lib/gcc/arm-none-eabi/10.3.1/../../../../arm-none-eabi/lib/thumb/v7e-m+fp/hard/libc_nano.a(lib_a-nano-reallocr.o)
                0x000000000800ef54                _realloc_r
 .text._malloc_usable_size_r
                0x000000000800efb2       0x10 /opt/st/stm32cubeide_1.9.0/plugins/com.st.stm32cube.ide.mcu.externaltools.gnu-tools-for-stm32.10.3-2021.10.linux64_1.0.0.202111181127/tools/bin/../lib/gcc/arm-none-eabi/10.3.1/../../../../arm-none-eabi/lib/thumb/v7e-m+fp/hard/libc_nano.a(lib_a-nano-msizer.o)
                0x000000000800efb2                _malloc_usable_size_r
 *(.glue_7)
 .glue_7        0x000000000800efc2        0x0 linker stubs
 *(.glue_7t)
 .glue_7t       0x000000000800efc2        0x0 linker stubs
 *(.eh_frame)
 *fill*         0x000000000800efc2        0x2 
 .eh_frame      0x000000000800efc4        0x0 /opt/st/stm32cubeide_1.9.0/plugins/com.st.stm32cube.ide.mcu.externaltools.gnu-tools-for-stm32.10.3-2021.10.linux64_1.0.0.202111181127/tools/bin/../lib/gcc/arm-none-eabi/10.3.1/thumb/v7e-m+fp/hard/crtbegin.o
 *(.init)
 .init          0x000000000800efc4        0x4 /opt/st/stm32cubeide_1.9.0/plugins/com.st.stm32cube.ide.mcu.externaltools.gnu-tools-for-stm32.10.3-2021.10.linux64_1.0.0.202111181127/tools/bin/../lib/gcc/arm-none-eabi/10.3.1/thumb/v7e-m+fp/hard/crti.o
                0x000000000800efc4                _init
 .init          0x000000000800efc8        0x8 /opt/st/stm32cubeide_1.9.0/plugins/com.st.stm32cube.ide.mcu.externaltools.gnu-tools-for-stm32.10.3-2021.10.linux64_1.0.0.202111181127/tools/bin/../lib/gcc/arm-none-eabi/10.3.1/thumb/v7e-m+fp/hard/crtn.o
 *(.fini)
 .fini          0x000000000800efd0        0x4 /opt/st/stm32cubeide_1.9.0/plugins/com.st.stm32cube.ide.mcu.externaltools.gnu-tools-for-stm32.10.3-2021.10.linux64_1.0.0.202111181127/tools/bin/../lib/gcc/arm-none-eabi/10.3.1/thumb/v7e-m+fp/hard/crti.o
                0x000000000800efd0                _fini
 .fini          0x000000000800efd4        0x8 /opt/st/stm32cubeide_1.9.0/plugins/com.st.stm32cube.ide.mcu.externaltools.gnu-tools-for-stm32.10.3-2021.10.linux64_1.0.0.202111181127/tools/bin/../lib/gcc/arm-none-eabi/10.3.1/thumb/v7e-m+fp/hard/crtn.o
                0x000000000800efdc                . = ALIGN (0x4)
                0x000000000800efdc                _etext = .

.vfp11_veneer   0x000000000800efdc        0x0
 .vfp11_veneer  0x000000000800efdc        0x0 linker stubs

.v4_bx          0x000000000800efdc        0x0
 .v4_bx         0x000000000800efdc        0x0 linker stubs

.iplt           0x000000000800efdc        0x0
 .iplt          0x000000000800efdc        0x0 /opt/st/stm32cubeide_1.9.0/plugins/com.st.stm32cube.ide.mcu.externaltools.gnu-tools-for-stm32.10.3-2021.10.linux64_1.0.0.202111181127/tools/bin/../lib/gcc/arm-none-eabi/10.3.1/thumb/v7e-m+fp/hard/crtbegin.o

.rodata         0x000000000800efdc     0x2288
                0x000000000800efdc                . = ALIGN (0x4)
 *(.rodata)
 .rodata        0x000000000800efdc      0x157 ./Core/Src/main.o
 *fill*         0x000000000800f133        0x1 
 .rodata        0x000000000800f134       0x48 ./Middlewares/Third_Party/FatFs/src/ff.o
 .rodata        0x000000000800f17c        0xc /opt/st/stm32cubeide_1.9.0/plugins/com.st.stm32cube.ide.mcu.externaltools.gnu-tools-for-stm32.10.3-2021.10.linux64_1.0.0.202111181127/tools/bin/../lib/gcc/arm-none-eabi/10.3.1/../../../../arm-none-eabi/lib/thumb/v7e-m+fp/hard/libc_nano.a(lib_a-nano-vfscanf_i.o)
 *(.rodata*)
 .rodata.AHBPrescTable
                0x000000000800f188       0x10 ./Core/Src/system_stm32f7xx.o
                0x000000000800f188                AHBPrescTable
 .rodata.APBPrescTable
                0x000000000800f198        0x8 ./Core/Src/system_stm32f7xx.o
                0x000000000800f198                APBPrescTable
 .rodata.flagBitshiftOffset.0
                0x000000000800f1a0        0x8 ./Drivers/STM32F7xx_HAL_Driver/Src/stm32f7xx_hal_dma.o
 .rodata.SD_Driver
                0x000000000800f1a8       0x14 ./FATFS/Target/sd_diskio.o
                0x000000000800f1a8                SD_Driver
 .rodata.Font24_Table
                0x000000000800f1bc     0x1ab8 ./GUI files/font24.o
                0x000000000800f1bc                Font24_Table
 .rodata.ExCvt  0x0000000008010c74       0x80 ./Middlewares/Third_Party/FatFs/src/ff.o
 .rodata.LfnOfs
                0x0000000008010cf4        0xd ./Middlewares/Third_Party/FatFs/src/ff.o
 *fill*         0x0000000008010d01        0x3 
 .rodata.Tbl    0x0000000008010d04      0x100 ./Middlewares/Third_Party/FatFs/src/option/ccsbcs.o
 .rodata.cvt1.1
                0x0000000008010e04      0x1f2 ./Middlewares/Third_Party/FatFs/src/option/ccsbcs.o
 *fill*         0x0000000008010ff6        0x2 
 .rodata.cvt2.0
                0x0000000008010ff8       0xbc ./Middlewares/Third_Party/FatFs/src/option/ccsbcs.o
 .rodata._ctype_
                0x00000000080110b4      0x101 /opt/st/stm32cubeide_1.9.0/plugins/com.st.stm32cube.ide.mcu.externaltools.gnu-tools-for-stm32.10.3-2021.10.linux64_1.0.0.202111181127/tools/bin/../lib/gcc/arm-none-eabi/10.3.1/../../../../arm-none-eabi/lib/thumb/v7e-m+fp/hard/libc_nano.a(lib_a-ctype_.o)
                0x00000000080110b4                _ctype_
 .rodata._svfprintf_r.str1.1
                0x00000000080111b5       0x11 /opt/st/stm32cubeide_1.9.0/plugins/com.st.stm32cube.ide.mcu.externaltools.gnu-tools-for-stm32.10.3-2021.10.linux64_1.0.0.202111181127/tools/bin/../lib/gcc/arm-none-eabi/10.3.1/../../../../arm-none-eabi/lib/thumb/v7e-m+fp/hard/libc_nano.a(lib_a-nano-svfprintf.o)
 .rodata.__ssvfscanf_r.str1.1
                0x00000000080111c6        0x4 /opt/st/stm32cubeide_1.9.0/plugins/com.st.stm32cube.ide.mcu.externaltools.gnu-tools-for-stm32.10.3-2021.10.linux64_1.0.0.202111181127/tools/bin/../lib/gcc/arm-none-eabi/10.3.1/../../../../arm-none-eabi/lib/thumb/v7e-m+fp/hard/libc_nano.a(lib_a-nano-svfscanf.o)
 .rodata._printf_i.str1.1
                0x00000000080111c6       0x22 /opt/st/stm32cubeide_1.9.0/plugins/com.st.stm32cube.ide.mcu.externaltools.gnu-tools-for-stm32.10.3-2021.10.linux64_1.0.0.202111181127/tools/bin/../lib/gcc/arm-none-eabi/10.3.1/../../../../arm-none-eabi/lib/thumb/v7e-m+fp/hard/libc_nano.a(lib_a-nano-vfprintf_i.o)
 .rodata.str1.1
                0x00000000080111e8        0x9 /opt/st/stm32cubeide_1.9.0/plugins/com.st.stm32cube.ide.mcu.externaltools.gnu-tools-for-stm32.10.3-2021.10.linux64_1.0.0.202111181127/tools/bin/../lib/gcc/arm-none-eabi/10.3.1/../../../../arm-none-eabi/lib/thumb/v7e-m+fp/hard/libc_nano.a(lib_a-nano-vfscanf_i.o)
 .rodata._scanf_i.str1.1
                0x00000000080111f1       0x12 /opt/st/stm32cubeide_1.9.0/plugins/com.st.stm32cube.ide.mcu.externaltools.gnu-tools-for-stm32.10.3-2021.10.linux64_1.0.0.202111181127/tools/bin/../lib/gcc/arm-none-eabi/10.3.1/../../../../arm-none-eabi/lib/thumb/v7e-m+fp/hard/libc_nano.a(lib_a-nano-vfscanf_i.o)
 *fill*         0x0000000008011203        0x1 
 .rodata.__sf_fake_stderr
                0x0000000008011204       0x20 /opt/st/stm32cubeide_1.9.0/plugins/com.st.stm32cube.ide.mcu.externaltools.gnu-tools-for-stm32.10.3-2021.10.linux64_1.0.0.202111181127/tools/bin/../lib/gcc/arm-none-eabi/10.3.1/../../../../arm-none-eabi/lib/thumb/v7e-m+fp/hard/libc_nano.a(lib_a-findfp.o)
                0x0000000008011204                __sf_fake_stderr
 .rodata.__sf_fake_stdin
                0x0000000008011224       0x20 /opt/st/stm32cubeide_1.9.0/plugins/com.st.stm32cube.ide.mcu.externaltools.gnu-tools-for-stm32.10.3-2021.10.linux64_1.0.0.202111181127/tools/bin/../lib/gcc/arm-none-eabi/10.3.1/../../../../arm-none-eabi/lib/thumb/v7e-m+fp/hard/libc_nano.a(lib_a-findfp.o)
                0x0000000008011224                __sf_fake_stdin
 .rodata.__sf_fake_stdout
                0x0000000008011244       0x20 /opt/st/stm32cubeide_1.9.0/plugins/com.st.stm32cube.ide.mcu.externaltools.gnu-tools-for-stm32.10.3-2021.10.linux64_1.0.0.202111181127/tools/bin/../lib/gcc/arm-none-eabi/10.3.1/../../../../arm-none-eabi/lib/thumb/v7e-m+fp/hard/libc_nano.a(lib_a-findfp.o)
                0x0000000008011244                __sf_fake_stdout
                0x0000000008011264                . = ALIGN (0x4)

.ARM.extab      0x0000000008011264        0x0
                0x0000000008011264                . = ALIGN (0x4)
 *(.ARM.extab* .gnu.linkonce.armextab.*)
                0x0000000008011264                . = ALIGN (0x4)

.ARM            0x0000000008011264        0x8
                0x0000000008011264                . = ALIGN (0x4)
                0x0000000008011264                __exidx_start = .
 *(.ARM.exidx*)
 .ARM.exidx     0x0000000008011264        0x8 /opt/st/stm32cubeide_1.9.0/plugins/com.st.stm32cube.ide.mcu.externaltools.gnu-tools-for-stm32.10.3-2021.10.linux64_1.0.0.202111181127/tools/bin/../lib/gcc/arm-none-eabi/10.3.1/thumb/v7e-m+fp/hard/libgcc.a(_udivmoddi4.o)
                0x000000000801126c                __exidx_end = .
                0x000000000801126c                . = ALIGN (0x4)

.rel.dyn        0x000000000801126c        0x0
 .rel.iplt      0x000000000801126c        0x0 /opt/st/stm32cubeide_1.9.0/plugins/com.st.stm32cube.ide.mcu.externaltools.gnu-tools-for-stm32.10.3-2021.10.linux64_1.0.0.202111181127/tools/bin/../lib/gcc/arm-none-eabi/10.3.1/thumb/v7e-m+fp/hard/crtbegin.o

.preinit_array  0x000000000801126c        0x0
                0x000000000801126c                . = ALIGN (0x4)
                0x000000000801126c                PROVIDE (__preinit_array_start = .)
 *(.preinit_array*)
                0x000000000801126c                PROVIDE (__preinit_array_end = .)
                0x000000000801126c                . = ALIGN (0x4)

.init_array     0x000000000801126c        0x4
                0x000000000801126c                . = ALIGN (0x4)
                0x000000000801126c                PROVIDE (__init_array_start = .)
 *(SORT_BY_NAME(.init_array.*))
 *(.init_array*)
 .init_array    0x000000000801126c        0x4 /opt/st/stm32cubeide_1.9.0/plugins/com.st.stm32cube.ide.mcu.externaltools.gnu-tools-for-stm32.10.3-2021.10.linux64_1.0.0.202111181127/tools/bin/../lib/gcc/arm-none-eabi/10.3.1/thumb/v7e-m+fp/hard/crtbegin.o
                0x0000000008011270                PROVIDE (__init_array_end = .)
                0x0000000008011270                . = ALIGN (0x4)

.fini_array     0x0000000008011270        0x4
                0x0000000008011270                . = ALIGN (0x4)
                [!provide]                        PROVIDE (__fini_array_start = .)
 *(SORT_BY_NAME(.fini_array.*))
 *(.fini_array*)
 .fini_array    0x0000000008011270        0x4 /opt/st/stm32cubeide_1.9.0/plugins/com.st.stm32cube.ide.mcu.externaltools.gnu-tools-for-stm32.10.3-2021.10.linux64_1.0.0.202111181127/tools/bin/../lib/gcc/arm-none-eabi/10.3.1/thumb/v7e-m+fp/hard/crtbegin.o
                [!provide]                        PROVIDE (__fini_array_end = .)
                0x0000000008011274                . = ALIGN (0x4)
                0x0000000008011274                _sidata = LOADADDR (.data)

.data           0x0000000020000000       0xac load address 0x0000000008011274
                0x0000000020000000                . = ALIGN (0x4)
                0x0000000020000000                _sdata = .
 *(.data)
 *(.data*)
 .data.led      0x0000000020000000        0x4 ./Core/Src/main.o
                0x0000000020000000                led
 .data.text     0x0000000020000004        0x4 ./Core/Src/main.o
                0x0000000020000004                text
 .data.SystemCoreClock
                0x0000000020000008        0x4 ./Core/Src/system_stm32f7xx.o
                0x0000000020000008                SystemCoreClock
 .data.uwTickPrio
                0x000000002000000c        0x4 ./Drivers/STM32F7xx_HAL_Driver/Src/stm32f7xx_hal.o
                0x000000002000000c                uwTickPrio
 .data.uwTickFreq
                0x0000000020000010        0x1 ./Drivers/STM32F7xx_HAL_Driver/Src/stm32f7xx_hal.o
                0x0000000020000010                uwTickFreq
 .data.Stat     0x0000000020000011        0x1 ./FATFS/Target/sd_diskio.o
 *fill*         0x0000000020000012        0x2 
 .data.Font24   0x0000000020000014        0x8 ./GUI files/font24.o
                0x0000000020000014                Font24
 .data.ft5336_ts_drv
                0x000000002000001c       0x28 ./GUI files/ft5336.o
                0x000000002000001c                ft5336_ts_drv
 .data.sdramstatus.3
                0x0000000020000044        0x1 ./GUI files/stm32746g_discovery_sdram.o
 *fill*         0x0000000020000045        0x3 
 .data._impure_ptr
                0x0000000020000048        0x4 /opt/st/stm32cubeide_1.9.0/plugins/com.st.stm32cube.ide.mcu.externaltools.gnu-tools-for-stm32.10.3-2021.10.linux64_1.0.0.202111181127/tools/bin/../lib/gcc/arm-none-eabi/10.3.1/../../../../arm-none-eabi/lib/thumb/v7e-m+fp/hard/libc_nano.a(lib_a-impure.o)
                0x0000000020000048                _impure_ptr
 .data.impure_data
                0x000000002000004c       0x60 /opt/st/stm32cubeide_1.9.0/plugins/com.st.stm32cube.ide.mcu.externaltools.gnu-tools-for-stm32.10.3-2021.10.linux64_1.0.0.202111181127/tools/bin/../lib/gcc/arm-none-eabi/10.3.1/../../../../arm-none-eabi/lib/thumb/v7e-m+fp/hard/libc_nano.a(lib_a-impure.o)
 *(.RamFunc)
 *(.RamFunc*)
                0x00000000200000ac                . = ALIGN (0x4)
                0x00000000200000ac                _edata = .

.igot.plt       0x00000000200000ac        0x0 load address 0x0000000008011320
 .igot.plt      0x00000000200000ac        0x0 /opt/st/stm32cubeide_1.9.0/plugins/com.st.stm32cube.ide.mcu.externaltools.gnu-tools-for-stm32.10.3-2021.10.linux64_1.0.0.202111181127/tools/bin/../lib/gcc/arm-none-eabi/10.3.1/thumb/v7e-m+fp/hard/crtbegin.o
                0x00000000200000ac                . = ALIGN (0x4)

.bss            0x00000000200000ac     0x5f80 load address 0x0000000008011320
                0x00000000200000ac                _sbss = .
                0x00000000200000ac                __bss_start__ = _sbss
 *(.bss)
 .bss           0x00000000200000ac       0x1c /opt/st/stm32cubeide_1.9.0/plugins/com.st.stm32cube.ide.mcu.externaltools.gnu-tools-for-stm32.10.3-2021.10.linux64_1.0.0.202111181127/tools/bin/../lib/gcc/arm-none-eabi/10.3.1/thumb/v7e-m+fp/hard/crtbegin.o
 *(.bss*)
 .bss.hcrc      0x00000000200000c8       0x24 ./Core/Src/main.o
                0x00000000200000c8                hcrc
 .bss.hdma2d    0x00000000200000ec       0x40 ./Core/Src/main.o
                0x00000000200000ec                hdma2d
 .bss.hltdc     0x000000002000012c       0xa8 ./Core/Src/main.o
                0x000000002000012c                hltdc
 .bss.hsd1      0x00000000200001d4       0x84 ./Core/Src/main.o
                0x00000000200001d4                hsd1
 .bss.huart1    0x0000000020000258       0x84 ./Core/Src/main.o
                0x0000000020000258                huart1
 .bss.hsdram1   0x00000000200002dc       0x34 ./Core/Src/main.o
                0x00000000200002dc                hsdram1
 .bss.res       0x0000000020000310        0x1 ./Core/Src/main.o
                0x0000000020000310                res
 *fill*         0x0000000020000311        0x3 
 .bss.SDFatFs   0x0000000020000314      0x234 ./Core/Src/main.o
                0x0000000020000314                SDFatFs
 .bss.MyFile    0x0000000020000548      0x230 ./Core/Src/main.o
                0x0000000020000548                MyFile
 .bss.buffrd    0x0000000020000778       0x1e ./Core/Src/main.o
                0x0000000020000778                buffrd
 *fill*         0x0000000020000796        0x2 
 .bss.data      0x0000000020000798        0x4 ./Core/Src/main.o
                0x0000000020000798                data
 .bss.flag      0x000000002000079c        0x4 ./Core/Src/main.o
                0x000000002000079c                flag
 .bss.datainput_1