../Drivers/CMSIS/Include/core_cm7.h:2229:22:SCB_EnableICache	4	static,ignoring_inline_asm
../Drivers/CMSIS/Include/core_cm7.h:2281:22:SCB_EnableDCache	24	static,ignoring_inline_asm
../Core/Src/main.c:100:5:main	80	static
../Core/Src/main.c:203:6:SystemClock_Config	88	static
../Core/Src/main.c:256:13:MX_ADC1_Init	24	static
../Core/Src/main.c:308:13:MX_CRC_Init	8	static
../Core/Src/main.c:339:13:MX_DMA2D_Init	8	static
../Core/Src/main.c:376:13:MX_LTDC_Init	112	static
../Core/Src/main.c:458:13:MX_TIM14_Init	40	static
../Core/Src/main.c:504:13:MX_USART1_UART_Init	8	static
../Core/Src/main.c:535:13:MX_FMC_Init	40	static
../Core/Src/main.c:586:13:MX_GPIO_Init	56	static
../Core/Src/main.c:606:7:IntToStr	24	static
../Core/Src/main.c:619:6:StartADC	16	static
../Core/Src/main.c:662:6:StartPWM	24	static
../Core/Src/main.c:719:6:Error_Handler	4	static,ignoring_inline_asm
