../Core/Src/stm32f7xx_hal_msp.c:65:6:HAL_MspInit	16	static
../Core/Src/stm32f7xx_hal_msp.c:99:6:HAL_ADC_MspInit	48	static
../Core/Src/stm32f7xx_hal_msp.c:132:6:HAL_ADC_MspDeInit	16	static
../Core/Src/stm32f7xx_hal_msp.c:160:6:HAL_CRC_MspInit	24	static
../Core/Src/stm32f7xx_hal_msp.c:182:6:HAL_CRC_MspDeInit	16	static
../Core/Src/stm32f7xx_hal_msp.c:204:6:HAL_DMA2D_MspInit	24	static
../Core/Src/stm32f7xx_hal_msp.c:226:6:HAL_DMA2D_MspDeInit	16	static
../Core/Src/stm32f7xx_hal_msp.c:248:6:HAL_LTDC_MspInit	216	static
../Core/Src/stm32f7xx_hal_msp.c:409:6:HAL_LTDC_MspDeInit	16	static
../Core/Src/stm32f7xx_hal_msp.c:485:6:HAL_TIM_Base_MspInit	24	static
../Core/Src/stm32f7xx_hal_msp.c:501:6:HAL_TIM_MspPostInit	40	static
../Core/Src/stm32f7xx_hal_msp.c:533:6:HAL_TIM_Base_MspDeInit	16	static
../Core/Src/stm32f7xx_hal_msp.c:555:6:HAL_UART_MspInit	184	static
../Core/Src/stm32f7xx_hal_msp.c:610:6:HAL_UART_MspDeInit	16	static
../Core/Src/stm32f7xx_hal_msp.c:637:13:HAL_FMC_MspInit	32	static
../Core/Src/stm32f7xx_hal_msp.c:743:6:HAL_SDRAM_MspInit	16	static
../Core/Src/stm32f7xx_hal_msp.c:755:13:HAL_FMC_MspDeInit	8	static
../Core/Src/stm32f7xx_hal_msp.c:829:6:HAL_SDRAM_MspDeInit	16	static
