../Core/Src/main.c:83:6:HAL_ADC_ConvCpltCallback	16	static
../Core/Src/main.c:94:5:main	8	static
../Core/Src/main.c:152:6:SystemClock_Config	216	static
../Core/Src/main.c:210:13:MX_ADC1_Init	24	static
../Core/Src/main.c:260:13:MX_ETH_Init	8	static
../Core/Src/main.c:307:13:MX_TIM3_Init	64	static
../Core/Src/main.c:366:13:MX_TIM7_Init	24	static
../Core/Src/main.c:405:13:MX_USART3_UART_Init	8	static
../Core/Src/main.c:440:13:MX_USB_OTG_FS_PCD_Init	8	static
../Core/Src/main.c:473:13:MX_DMA_Init	16	static
../Core/Src/main.c:491:13:MX_GPIO_Init	56	static
../Core/Src/main.c:545:6:Error_Handler	4	static,ignoring_inline_asm
