../Drivers/CMSIS/Include/core_cm7.h:2147:34:__NVIC_SystemReset	4	static,ignoring_inline_asm
../Drivers/CMSIS/Include/core_cm7.h:2229:22:SCB_EnableICache	4	static,ignoring_inline_asm
../Drivers/CMSIS/Include/core_cm7.h:2281:22:SCB_EnableDCache	24	static,ignoring_inline_asm
../Core/Src/main.c:133:5:main	24	static
../Core/Src/main.c:259:6:SystemClock_Config	88	static
../Core/Src/main.c:311:6:PeriphCommonClock_Config	144	static
../Core/Src/main.c:338:13:MX_CRC_Init	8	static
../Core/Src/main.c:369:13:MX_DMA2D_Init	8	static
../Core/Src/main.c:406:13:MX_LTDC_Init	112	static
../Core/Src/main.c:488:13:MX_SDMMC1_SD_Init	4	static
../Core/Src/main.c:516:13:MX_USART1_UART_Init	8	static
../Core/Src/main.c:547:13:MX_FMC_Init	40	static
../Core/Src/main.c:598:13:MX_GPIO_Init	72	static
../Core/Src/main.c:630:6:Soal1	48	static
../Core/Src/main.c:668:6:Soal2	48	static
../Core/Src/main.c:709:6:Soal3	64	static
../Core/Src/main.c:777:6:Soal4	64	static
../Core/Src/main.c:822:6:Soal5	64	static
../Core/Src/main.c:877:6:Process	16	static
../Core/Src/main.c:891:6:Error1	8	static
../Core/Src/main.c:904:6:Error2	8	static
../Core/Src/main.c:912:7:replaceWordInString	48	static
../Core/Src/main.c:942:7:trim	40	static
../Core/Src/main.c:961:7:shift_trim	40	static
../Core/Src/main.c:982:7:IntToStr	24	static
../Core/Src/main.c:989:6:read_file	32	static
../Core/Src/main.c:1032:6:get_data_from_rawdata	32	static
../Core/Src/main.c:1052:6:save_data_file	32	static
../Core/Src/main.c:1070:5:c_round	16	static
../Core/Src/main.c:1074:8:c_modulus	40	static
../Core/Src/main.c:1080:5:isGanjil	24	static
../Core/Src/main.c:1093:6:Error_Handler	4	static,ignoring_inline_asm
