../Core/Src/stm32f7xx_hal_msp.c:63:6:HAL_MspInit	16	static
../Core/Src/stm32f7xx_hal_msp.c:95:6:HAL_CRC_MspInit	24	static
../Core/Src/stm32f7xx_hal_msp.c:117:6:HAL_CRC_MspDeInit	16	static
../Core/Src/stm32f7xx_hal_msp.c:139:6:HAL_DMA2D_MspInit	24	static
../Core/Src/stm32f7xx_hal_msp.c:161:6:HAL_DMA2D_MspDeInit	16	static
../Core/Src/stm32f7xx_hal_msp.c:183:6:HAL_LTDC_MspInit	80	static
../Core/Src/stm32f7xx_hal_msp.c:328:6:HAL_LTDC_MspDeInit	16	static
../Core/Src/stm32f7xx_hal_msp.c:404:6:HAL_SD_MspInit	48	static
../Core/Src/stm32f7xx_hal_msp.c:449:6:HAL_SD_MspDeInit	16	static
../Core/Src/stm32f7xx_hal_msp.c:481:6:HAL_UART_MspInit	184	static
../Core/Src/stm32f7xx_hal_msp.c:536:6:HAL_UART_MspDeInit	16	static
../Core/Src/stm32f7xx_hal_msp.c:563:13:HAL_FMC_MspInit	32	static
../Core/Src/stm32f7xx_hal_msp.c:669:6:HAL_SDRAM_MspInit	16	static
../Core/Src/stm32f7xx_hal_msp.c:681:13:HAL_FMC_MspDeInit	8	static
../Core/Src/stm32f7xx_hal_msp.c:755:6:HAL_SDRAM_MspDeInit	16	static
