Archive member included to satisfy reference by file (symbol)

/opt/st/stm32cubeide_1.10.1/plugins/com.st.stm32cube.ide.mcu.externaltools.gnu-tools-for-stm32.10.3-2021.10.linux64_1.0.0.202111181127/tools/bin/../lib/gcc/arm-none-eabi/10.3.1/../../../../arm-none-eabi/lib/thumb/v7e-m+fp/hard/libc_nano.a(lib_a-errno.o)
                              ./Core/Src/syscalls.o (__errno)
/opt/st/stm32cubeide_1.10.1/plugins/com.st.stm32cube.ide.mcu.externaltools.gnu-tools-for-stm32.10.3-2021.10.linux64_1.0.0.202111181127/tools/bin/../lib/gcc/arm-none-eabi/10.3.1/../../../../arm-none-eabi/lib/thumb/v7e-m+fp/hard/libc_nano.a(lib_a-exit.o)
                              /opt/st/stm32cubeide_1.10.1/plugins/com.st.stm32cube.ide.mcu.externaltools.gnu-tools-for-stm32.10.3-2021.10.linux64_1.0.0.202111181127/tools/bin/../lib/gcc/arm-none-eabi/10.3.1/../../../../arm-none-eabi/lib/thumb/v7e-m+fp/hard/crt0.o (exit)
/opt/st/stm32cubeide_1.10.1/plugins/com.st.stm32cube.ide.mcu.externaltools.gnu-tools-for-stm32.10.3-2021.10.linux64_1.0.0.202111181127/tools/bin/../lib/gcc/arm-none-eabi/10.3.1/../../../../arm-none-eabi/lib/thumb/v7e-m+fp/hard/libc_nano.a(lib_a-findfp.o)
                              ./Middlewares/Third_Party/FreeRTOS/Source/tasks.o (__sf_fake_stderr)
/opt/st/stm32cubeide_1.10.1/plugins/com.st.stm32cube.ide.mcu.externaltools.gnu-tools-for-stm32.10.3-2021.10.linux64_1.0.0.202111181127/tools/bin/../lib/gcc/arm-none-eabi/10.3.1/../../../../arm-none-eabi/lib/thumb/v7e-m+fp/hard/libc_nano.a(lib_a-fwalk.o)
                              /opt/st/stm32cubeide_1.10.1/plugins/com.st.stm32cube.ide.mcu.externaltools.gnu-tools-for-stm32.10.3-2021.10.linux64_1.0.0.202111181127/tools/bin/../lib/gcc/arm-none-eabi/10.3.1/../../../../arm-none-eabi/lib/thumb/v7e-m+fp/hard/libc_nano.a(lib_a-findfp.o) (_fwalk)
/opt/st/stm32cubeide_1.10.1/plugins/com.st.stm32cube.ide.mcu.externaltools.gnu-tools-for-stm32.10.3-2021.10.linux64_1.0.0.202111181127/tools/bin/../lib/gcc/arm-none-eabi/10.3.1/../../../../arm-none-eabi/lib/thumb/v7e-m+fp/hard/libc_nano.a(lib_a-impure.o)
                              /opt/st/stm32cubeide_1.10.1/plugins/com.st.stm32cube.ide.mcu.externaltools.gnu-tools-for-stm32.10.3-2021.10.linux64_1.0.0.202111181127/tools/bin/../lib/gcc/arm-none-eabi/10.3.1/../../../../arm-none-eabi/lib/thumb/v7e-m+fp/hard/libc_nano.a(lib_a-exit.o) (_global_impure_ptr)
/opt/st/stm32cubeide_1.10.1/plugins/com.st.stm32cube.ide.mcu.externaltools.gnu-tools-for-stm32.10.3-2021.10.linux64_1.0.0.202111181127/tools/bin/../lib/gcc/arm-none-eabi/10.3.1/../../../../arm-none-eabi/lib/thumb/v7e-m+fp/hard/libc_nano.a(lib_a-init.o)
                              /opt/st/stm32cubeide_1.10.1/plugins/com.st.stm32cube.ide.mcu.externaltools.gnu-tools-for-stm32.10.3-2021.10.linux64_1.0.0.202111181127/tools/bin/../lib/gcc/arm-none-eabi/10.3.1/../../../../arm-none-eabi/lib/thumb/v7e-m+fp/hard/crt0.o (__libc_init_array)
/opt/st/stm32cubeide_1.10.1/plugins/com.st.stm32cube.ide.mcu.externaltools.gnu-tools-for-stm32.10.3-2021.10.linux64_1.0.0.202111181127/tools/bin/../lib/gcc/arm-none-eabi/10.3.1/../../../../arm-none-eabi/lib/thumb/v7e-m+fp/hard/libc_nano.a(lib_a-lock.o)
                              /opt/st/stm32cubeide_1.10.1/plugins/com.st.stm32cube.ide.mcu.externaltools.gnu-tools-for-stm32.10.3-2021.10.linux64_1.0.0.202111181127/tools/bin/../lib/gcc/arm-none-eabi/10.3.1/../../../../arm-none-eabi/lib/thumb/v7e-m+fp/hard/libc_nano.a(lib_a-findfp.o) (__retarget_lock_init_recursive)
/opt/st/stm32cubeide_1.10.1/plugins/com.st.stm32cube.ide.mcu.externaltools.gnu-tools-for-stm32.10.3-2021.10.linux64_1.0.0.202111181127/tools/bin/../lib/gcc/arm-none-eabi/10.3.1/../../../../arm-none-eabi/lib/thumb/v7e-m+fp/hard/libc_nano.a(lib_a-malloc.o)
                              ./Core/Src/main.o (malloc)
/opt/st/stm32cubeide_1.10.1/plugins/com.st.stm32cube.ide.mcu.externaltools.gnu-tools-for-stm32.10.3-2021.10.linux64_1.0.0.202111181127/tools/bin/../lib/gcc/arm-none-eabi/10.3.1/../../../../arm-none-eabi/lib/thumb/v7e-m+fp/hard/libc_nano.a(lib_a-memcpy-stub.o)
                              ./Middlewares/Third_Party/FreeRTOS/Source/queue.o (memcpy)
/opt/st/stm32cubeide_1.10.1/plugins/com.st.stm32cube.ide.mcu.externaltools.gnu-tools-for-stm32.10.3-2021.10.linux64_1.0.0.202111181127/tools/bin/../lib/gcc/arm-none-eabi/10.3.1/../../../../arm-none-eabi/lib/thumb/v7e-m+fp/hard/libc_nano.a(lib_a-memset.o)
                              /opt/st/stm32cubeide_1.10.1/plugins/com.st.stm32cube.ide.mcu.externaltools.gnu-tools-for-stm32.10.3-2021.10.linux64_1.0.0.202111181127/tools/bin/../lib/gcc/arm-none-eabi/10.3.1/../../../../arm-none-eabi/lib/thumb/v7e-m+fp/hard/crt0.o (memset)
/opt/st/stm32cubeide_1.10.1/plugins/com.st.stm32cube.ide.mcu.externaltools.gnu-tools-for-stm32.10.3-2021.10.linux64_1.0.0.202111181127/tools/bin/../lib/gcc/arm-none-eabi/10.3.1/../../../../arm-none-eabi/lib/thumb/v7e-m+fp/hard/libc_nano.a(lib_a-nano-freer.o)
[...]
Memory Configuration

Name             Origin             Length             Attributes
RAM              0x0000000020000000 0x0000000000050000 xrw
FLASH            0x0000000008000000 0x0000000000100000 xr
*default*        0x0000000000000000 0xffffffffffffffff

Linker script and memory map

LOAD /opt/st/stm32cubeide_1.10.1/plugins/com.st.stm32cube.ide.mcu.externaltools.gnu-tools-for-stm32.10.3-2021.10.linux64_1.0.0.202111181127/tools/bin/../lib/gcc/arm-none-eabi/10.3.1/thumb/v7e-m+fp/hard/crti.o
LOAD /opt/st/stm32cubeide_1.10.1/plugins/com.st.stm32cube.ide.mcu.externaltools.gnu-tools-for-stm32.10.3-2021.10.linux64_1.0.0.202111181127/tools/bin/../lib/gcc/arm-none-eabi/10.3.1/thumb/v7e-m+fp/hard/crtbegin.o
LOAD /opt/st/stm32cubeide_1.10.1/plugins/com.st.stm32cube.ide.mcu.externaltools.gnu-tools-for-stm32.10.3-2021.10.linux64_1.0.0.202111181127/tools/bin/../lib/gcc/arm-none-eabi/10.3.1/../../../../arm-none-eabi/lib/thumb/v7e-m+fp/hard/crt0.o
LOAD ./Core/Src/freertos.o
LOAD ./Core/Src/main.o
LOAD ./Core/Src/stm32f7xx_hal_msp.o
LOAD ./Core/Src/stm32f7xx_it.o
LOAD ./Core/Src/syscalls.o
LOAD ./Core/Src/sysmem.o
LOAD ./Core/Src/system_stm32f7xx.o
LOAD ./Core/Startup/startup_stm32f746nghx.o
LOAD ./Drivers/STM32F7xx_HAL_Driver/Src/stm32f7xx_hal.o
LOAD ./Drivers/STM32F7xx_HAL_Driver/Src/stm32f7xx_hal_adc.o
LOAD ./Drivers/STM32F7xx_HAL_Driver/Src/stm32f7xx_hal_adc_ex.o
LOAD ./Drivers/STM32F7xx_HAL_Driver/Src/stm32f7xx_hal_cortex.o
LOAD ./Drivers/STM32F7xx_HAL_Driver/Src/stm32f7xx_hal_crc.o
LOAD ./Drivers/STM32F7xx_HAL_Driver/Src/stm32f7xx_hal_crc_ex.o
LOAD ./Drivers/STM32F7xx_HAL_Driver/Src/stm32f7xx_hal_dma.o
LOAD ./Drivers/STM32F7xx_HAL_Driver/Src/stm32f7xx_hal_dma2d.o
LOAD ./Drivers/STM32F7xx_HAL_Driver/Src/stm32f7xx_hal_dma_ex.o
LOAD ./Drivers/STM32F7xx_HAL_Driver/Src/stm32f7xx_hal_dsi.o
LOAD ./Drivers/STM32F7xx_HAL_Driver/Src/stm32f7xx_hal_exti.o
LOAD ./Drivers/STM32F7xx_HAL_Driver/Src/stm32f7xx_hal_flash.o
LOAD ./Drivers/STM32F7xx_HAL_Driver/Src/stm32f7xx_hal_flash_ex.o
LOAD ./Drivers/STM32F7xx_HAL_Driver/Src/stm32f7xx_hal_gpio.o
LOAD ./Drivers/STM32F7xx_HAL_Driver/Src/stm32f7xx_hal_i2c.o
LOAD ./Drivers/STM32F7xx_HAL_Driver/Src/stm32f7xx_hal_i2c_ex.o
LOAD ./Drivers/STM32F7xx_HAL_Driver/Src/stm32f7xx_hal_ltdc.o
LOAD ./Drivers/STM32F7xx_HAL_Driver/Src/stm32f7xx_hal_ltdc_ex.o
LOAD ./Drivers/STM32F7xx_HAL_Driver/Src/stm32f7xx_hal_pwr.o
LOAD ./Drivers/STM32F7xx_HAL_Driver/Src/stm32f7xx_hal_pwr_ex.o
LOAD ./Drivers/STM32F7xx_HAL_Driver/Src/stm32f7xx_hal_rcc.o
LOAD ./Drivers/STM32F7xx_HAL_Driver/Src/stm32f7xx_hal_rcc_ex.o
LOAD ./Drivers/STM32F7xx_HAL_Driver/Src/stm32f7xx_hal_sdram.o
LOAD ./Drivers/STM32F7xx_HAL_Driver/Src/stm32f7xx_hal_tim.o
LOAD ./Drivers/STM32F7xx_HAL_Driver/Src/stm32f7xx_hal_tim_ex.o
LOAD ./Drivers/STM32F7xx_HAL_Driver/Src/stm32f7xx_hal_uart.o
LOAD ./Drivers/STM32F7xx_HAL_Driver/Src/stm32f7xx_hal_uart_ex.o
LOAD ./Drivers/STM32F7xx_HAL_Driver/Src/stm32f7xx_ll_fmc.o
LOAD ./GUI files/font12.o
LOAD ./GUI files/font16.o
LOAD ./GUI files/font20.o
LOAD ./GUI files/font24.o
LOAD ./GUI files/font8.o
LOAD ./GUI files/ft5336.o
LOAD ./GUI files/stm32746g_discovery.o
LOAD ./GUI files/stm32746g_discovery_lcd.o
LOAD ./GUI files/stm32746g_discovery_sdram.o
LOAD ./GUI files/stm32746g_discovery_ts.o
LOAD ./Middlewares/Third_Party/FreeRTOS/Source/CMSIS_RTOS/cmsis_os.o
LOAD ./Middlewares/Third_Party/FreeRTOS/Source/croutine.o
LOAD ./Middlewares/Third_Party/FreeRTOS/Source/event_groups.o
LOAD ./Middlewares/Third_Party/FreeRTOS/Source/list.o
LOAD ./Middlewares/Third_Party/FreeRTOS/Source/queue.o
LOAD ./Middlewares/Third_Party/FreeRTOS/Source/stream_buffer.o
LOAD ./Middlewares/Third_Party/FreeRTOS/Source/tasks.o
LOAD ./Middlewares/Third_Party/FreeRTOS/Source/timers.o
LOAD ./Middlewares/Third_Party/FreeRTOS/Source/portable/GCC/ARM_CM7/r0p1/port.o
LOAD ./Middlewares/Third_Party/FreeRTOS/Source/portable/MemMang/heap_4.o
START GROUP
LOAD /opt/st/stm32cubeide_1.10.1/plugins/com.st.stm32cube.ide.mcu.externaltools.gnu-tools-for-stm32.10.3-2021.10.linux64_1.0.0.202111181127/tools/bin/../lib/gcc/arm-none-eabi/10.3.1/../../../../arm-none-eabi/lib/thumb/v7e-m+fp/hard/libc_nano.a
LOAD /opt/st/stm32cubeide_1.10.1/plugins/com.st.stm32cube.ide.mcu.externaltools.gnu-tools-for-stm32.10.3-2021.10.linux64_1.0.0.202111181127/tools/bin/../lib/gcc/arm-none-eabi/10.3.1/../../../../arm-none-eabi/lib/thumb/v7e-m+fp/hard/libm.a
END GROUP
START GROUP
LOAD /opt/st/stm32cubeide_1.10.1/plugins/com.st.stm32cube.ide.mcu.externaltools.gnu-tools-for-stm32.10.3-2021.10.linux64_1.0.0.202111181127/tools/bin/../lib/gcc/arm-none-eabi/10.3.1/thumb/v7e-m+fp/hard/libgcc.a
LOAD /opt/st/stm32cubeide_1.10.1/plugins/com.st.stm32cube.ide.mcu.externaltools.gnu-tools-for-stm32.10.3-2021.10.linux64_1.0.0.202111181127/tools/bin/../lib/gcc/arm-none-eabi/10.3.1/../../../../arm-none-eabi/lib/thumb/v7e-m+fp/hard/libc_nano.a
END GROUP
START GROUP
LOAD /opt/st/stm32cubeide_1.10.1/plugins/com.st.stm32cube.ide.mcu.externaltools.gnu-tools-for-stm32.10.3-2021.10.linux64_1.0.0.202111181127/tools/bin/../lib/gcc/arm-none-eabi/10.3.1/thumb/v7e-m+fp/hard/libgcc.a
LOAD /opt/st/stm32cubeide_1.10.1/plugins/com.st.stm32cube.ide.mcu.externaltools.gnu-tools-for-stm32.10.3-2021.10.linux64_1.0.0.202111181127/tools/bin/../lib/gcc/arm-none-eabi/10.3.1/../../../../arm-none-eabi/lib/thumb/v7e-m+fp/hard/libc_nano.a
LOAD /opt/st/stm32cubeide_1.10.1/plugins/com.st.stm32cube.ide.mcu.externaltools.gnu-tools-for-stm32.10.3-2021.10.linux64_1.0.0.202111181127/tools/bin/../lib/gcc/arm-none-eabi/10.3.1/../../../../arm-none-eabi/lib/thumb/v7e-m+fp/hard/libnosys.a
END GROUP
START GROUP
LOAD /opt/st/stm32cubeide_1.10.1/plugins/com.st.stm32cube.ide.mcu.externaltools.gnu-tools-for-stm32.10.3-2021.10.linux64_1.0.0.202111181127/tools/bin/../lib/gcc/arm-none-eabi/10.3.1/thumb/v7e-m+fp/hard/libgcc.a
LOAD /opt/st/stm32cubeide_1.10.1/plugins/com.st.stm32cube.ide.mcu.externaltools.gnu-tools-for-stm32.10.3-2021.10.linux64_1.0.0.202111181127/tools/bin/../lib/gcc/arm-none-eabi/10.3.1/../../../../arm-none-eabi/lib/thumb/v7e-m+fp/hard/libc_nano.a
LOAD /opt/st/stm32cubeide_1.10.1/plugins/com.st.stm32cube.ide.mcu.externaltools.gnu-tools-for-stm32.10.3-2021.10.linux64_1.0.0.202111181127/tools/bin/../lib/gcc/arm-none-eabi/10.3.1/../../../../arm-none-eabi/lib/thumb/v7e-m+fp/hard/libnosys.a
END GROUP
LOAD /opt/st/stm32cubeide_1.10.1/plugins/com.st.stm32cube.ide.mcu.externaltools.gnu-tools-for-stm32.10.3-2021.10.linux64_1.0.0.202111181127/tools/bin/../lib/gcc/arm-none-eabi/10.3.1/thumb/v7e-m+fp/hard/crtend.o
LOAD /opt/st/stm32cubeide_1.10.1/plugins/com.st.stm32cube.ide.mcu.externaltools.gnu-tools-for-stm32.10.3-2021.10.linux64_1.0.0.202111181127/tools/bin/../lib/gcc/arm-none-eabi/10.3.1/thumb/v7e-m+fp/hard/crtn.o
                0x0000000020050000                _estack = (ORIGIN (RAM) + LENGTH (RAM))
                0x0000000000000200                _Min_Heap_Size = 0x200
                0x0000000000000400                _Min_Stack_Size = 0x400

.isr_vector     0x0000000008000000      0x1c8
                0x0000000008000000                . = ALIGN (0x4)
 *(.isr_vector)
 .isr_vector    0x0000000008000000      0x1c8 ./Core/Startup/startup_stm32f746nghx.o
                0x0000000008000000                g_pfnVectors
                0x00000000080001c8                . = ALIGN (0x4)

.text           0x00000000080001d0     0x9fa0
                0x00000000080001d0                . = ALIGN (0x4)
 *(.text)
 .text          0x00000000080001d0       0x40 /opt/st/stm32cubeide_1.10.1/plugins/com.st.stm32cube.ide.mcu.externaltools.gnu-tools-for-stm32.10.3-2021.10.linux64_1.0.0.202111181127/tools/bin/../lib/gcc/arm-none-eabi/10.3.1/thumb/v7e-m+fp/hard/crtbegin.o
 .text          0x0000000008000210       0xa0 /opt/st/stm32cubeide_1.10.1/plugins/com.st.stm32cube.ide.mcu.externaltools.gnu-tools-for-stm32.10.3-2021.10.linux64_1.0.0.202111181127/tools/bin/../lib/gcc/arm-none-eabi/10.3.1/../../../../arm-none-eabi/lib/thumb/v7e-m+fp/hard/libc_nano.a(lib_a-memchr.o)
                0x0000000008000210                memchr
 .text          0x00000000080002b0       0x30 /opt/st/stm32cubeide_1.10.1/plugins/com.st.stm32cube.ide.mcu.externaltools.gnu-tools-for-stm32.10.3-2021.10.linux64_1.0.0.202111181127/tools/bin/../lib/gcc/arm-none-eabi/10.3.1/thumb/v7e-m+fp/hard/libgcc.a(_aeabi_uldivmod.o)
                0x00000000080002b0                __aeabi_uldivmod
 .text          0x00000000080002e0      0x2d0 /opt/st/stm32cubeide_1.10.1/plugins/com.st.stm32cube.ide.mcu.externaltools.gnu-tools-for-stm32.10.3-2021.10.linux64_1.0.0.202111181127/tools/bin/../lib/gcc/arm-none-eabi/10.3.1/thumb/v7e-m+fp/hard/libgcc.a(_udivmoddi4.o)
                0x00000000080002e0                __udivmoddi4
 .text          0x00000000080005b0        0x4 /opt/st/stm32cubeide_1.10.1/plugins/com.st.stm32cube.ide.mcu.externaltools.gnu-tools-for-stm32.10.3-2021.10.linux64_1.0.0.202111181127/tools/bin/../lib/gcc/arm-none-eabi/10.3.1/thumb/v7e-m+fp/hard/libgcc.a(_dvmd_tls.o)
                0x00000000080005b0                __aeabi_ldiv0
                0x00000000080005b0                __aeabi_idiv0
 *(.text*)
 .text.vApplicationGetIdleTaskMemory
                0x00000000080005b4       0x34 ./Core/Src/freertos.o
                0x00000000080005b4                vApplicationGetIdleTaskMemory
 .text.SCB_EnableICache
                0x00000000080005e8       0x4c ./Core/Src/main.o
 .text.SCB_EnableDCache
                0x0000000008000634       0x88 ./Core/Src/main.o
 .text.main     0x00000000080006bc      0x104 ./Core/Src/main.o
                0x00000000080006bc                main
 .text.SystemClock_Config
                0x00000000080007c0       0xdc ./Core/Src/main.o
                0x00000000080007c0                SystemClock_Config
 .text.MX_ADC1_Init
                0x000000000800089c       0xa4 ./Core/Src/main.o
 .text.MX_CRC_Init
                0x0000000008000940       0x44 ./Core/Src/main.o
 .text.MX_DMA2D_Init
                0x0000000008000984       0x64 ./Core/Src/main.o
 .text.MX_LTDC_Init
                0x00000000080009e8      0x164 ./Core/Src/main.o
 .text.MX_TIM14_Init
                0x0000000008000b4c       0x9c ./Core/Src/main.o
 .text.MX_USART1_UART_Init
                0x0000000008000be8       0x60 ./Core/Src/main.o
 .text.MX_FMC_Init
                0x0000000008000c48       0x9c ./Core/Src/main.o
 .text.MX_GPIO_Init
                0x0000000008000ce4      0x120 ./Core/Src/main.o
 .text.IntToStr
                0x0000000008000e04       0x2c ./Core/Src/main.o
                0x0000000008000e04                IntToStr
 .text.StartADC
                0x0000000008000e30       0xcc ./Core/Src/main.o
                0x0000000008000e30                StartADC
 .text.StartPWM
                0x0000000008000efc      0x1dc ./Core/Src/main.o
                0x0000000008000efc                StartPWM
 .text.Error_Handler
                0x00000000080010d8        0xa ./Core/Src/main.o
                0x00000000080010d8                Error_Handler
 *fill*         0x00000000080010e2        0x2 
 .text.HAL_MspInit
                0x00000000080010e4       0x70 ./Core/Src/stm32f7xx_hal_msp.o
                0x00000000080010e4                HAL_MspInit
 .text.HAL_ADC_MspInit
                0x0000000008001154       0x80 ./Core/Src/stm32f7xx_hal_msp.o
                0x0000000008001154                HAL_ADC_MspInit
 .text.HAL_CRC_MspInit
                0x00000000080011d4       0x40 ./Core/Src/stm32f7xx_hal_msp.o
                0x00000000080011d4                HAL_CRC_MspInit
 .text.HAL_DMA2D_MspInit
                0x0000000008001214       0x40 ./Core/Src/stm32f7xx_hal_msp.o
                0x0000000008001214                HAL_DMA2D_MspInit
 .text.HAL_LTDC_MspInit
                0x0000000008001254      0x398 ./Core/Src/stm32f7xx_hal_msp.o
                0x0000000008001254                HAL_LTDC_MspInit
 .text.HAL_TIM_Base_MspInit
                0x00000000080015ec       0x40 ./Core/Src/stm32f7xx_hal_msp.o
                0x00000000080015ec                HAL_TIM_Base_MspInit
 .text.HAL_TIM_MspPostInit
                0x000000000800162c       0x70 ./Core/Src/stm32f7xx_hal_msp.o
                0x000000000800162c                HAL_TIM_MspPostInit
 .text.HAL_UART_MspInit
                0x000000000800169c      0x104 ./Core/Src/stm32f7xx_hal_msp.o
                0x000000000800169c                HAL_UART_MspInit
 .text.HAL_FMC_MspInit
                0x00000000080017a0      0x120 ./Core/Src/stm32f7xx_hal_msp.o
 .text.HAL_SDRAM_MspInit
                0x00000000080018c0       0x14 ./Core/Src/stm32f7xx_hal_msp.o
                0x00000000080018c0                HAL_SDRAM_MspInit
 .text.NMI_Handler
                0x00000000080018d4        0x6 ./Core/Src/stm32f7xx_it.o
                0x00000000080018d4                NMI_Handler
 .text.HardFault_Handler
                0x00000000080018da        0x6 ./Core/Src/stm32f7xx_it.o
                0x00000000080018da                HardFault_Handler
 .text.MemManage_Handler
                0x00000000080018e0        0x6 ./Core/Src/stm32f7xx_it.o
                0x00000000080018e0                MemManage_Handler
 .text.BusFault_Handler
                0x00000000080018e6        0x6 ./Core/Src/stm32f7xx_it.o
                0x00000000080018e6                BusFault_Handler
 .text.UsageFault_Handler
                0x00000000080018ec        0x6 ./Core/Src/stm32f7xx_it.o
                0x00000000080018ec                UsageFault_Handler
 .text.DebugMon_Handler
                0x00000000080018f2        0xe ./Core/Src/stm32f7xx_it.o
                0x00000000080018f2                DebugMon_Handler
 .text.SysTick_Handler
                0x0000000008001900       0x1a ./Core/Src/stm32f7xx_it.o
                0x0000000008001900                SysTick_Handler
 .text.RCC_IRQHandler
                0x000000000800191a        0xe ./Core/Src/stm32f7xx_it.o
                0x000000000800191a                RCC_IRQHandler
 .text.LTDC_IRQHandler
                0x0000000008001928       0x14 ./Core/Src/stm32f7xx_it.o
                0x0000000008001928                LTDC_IRQHandler
 .text._sbrk    0x000000000800193c       0x6c ./Core/Src/sysmem.o
                0x000000000800193c                _sbrk
 .text.SystemInit
                0x00000000080019a8       0x24 ./Core/Src/system_stm32f7xx.o
                0x00000000080019a8                SystemInit
 .text.Reset_Handler
                0x00000000080019cc       0x50 ./Core/Startup/startup_stm32f746nghx.o
                0x00000000080019cc                Reset_Handler
 .text.Default_Handler
                0x0000000008001a1c        0x2 ./Core/Startup/startup_stm32f746nghx.o
                0x0000000008001a1c                RTC_Alarm_IRQHandler
                0x0000000008001a1c                EXTI2_IRQHandler
                0x0000000008001a1c                TIM8_CC_IRQHandler
                0x0000000008001a1c                UART8_IRQHandler
                0x0000000008001a1c                SPI4_IRQHandler
                0x0000000008001a1c                TIM1_CC_IRQHandler
                0x0000000008001a1c                DMA2_Stream5_IRQHandler
                0x0000000008001a1c                DMA1_Stream5_IRQHandler
                0x0000000008001a1c                PVD_IRQHandler
                0x0000000008001a1c                TAMP_STAMP_IRQHandler
                0x0000000008001a1c                CAN2_RX1_IRQHandler
                0x0000000008001a1c                EXTI3_IRQHandler
                0x0000000008001a1c                TIM8_TRG_COM_TIM14_IRQHandler
                0x0000000008001a1c                TIM1_UP_TIM10_IRQHandler
                0x0000000008001a1c                TIM8_UP_TIM13_IRQHandler
                0x0000000008001a1c                I2C3_ER_IRQHandler
                0x0000000008001a1c                EXTI0_IRQHandler
                0x0000000008001a1c                I2C2_EV_IRQHandler
                0x0000000008001a1c                DMA1_Stream2_IRQHandler
                0x0000000008001a1c                CAN1_RX0_IRQHandler
                0x0000000008001a1c                FPU_IRQHandler
                0x0000000008001a1c                OTG_HS_WKUP_IRQHandler
                0x0000000008001a1c                LTDC_ER_IRQHandler
                0x0000000008001a1c                CAN2_SCE_IRQHandler
                0x0000000008001a1c                DMA2_Stream2_IRQHandler
                0x0000000008001a1c                SPI1_IRQHandler
                0x0000000008001a1c                TIM6_DAC_IRQHandler
                0x0000000008001a1c                TIM1_BRK_TIM9_IRQHandler
                0x0000000008001a1c                DCMI_IRQHandler
                0x0000000008001a1c                CAN2_RX0_IRQHandler
                0x0000000008001a1c                DMA2_Stream3_IRQHandler
                0x0000000008001a1c                SAI2_IRQHandler
                0x0000000008001a1c                USART6_IRQHandler
                0x0000000008001a1c                USART3_IRQHandler
                0x0000000008001a1c                CAN1_RX1_IRQHandler
                0x0000000008001a1c                UART5_IRQHandler
                0x0000000008001a1c                DMA2_Stream0_IRQHandler
                0x0000000008001a1c                TIM4_IRQHandler
                0x0000000008001a1c                QUADSPI_IRQHandler
                0x0000000008001a1c                I2C1_EV_IRQHandler
                0x0000000008001a1c                DMA1_Stream6_IRQHandler
                0x0000000008001a1c                DMA1_Stream1_IRQHandler
                0x0000000008001a1c                UART4_IRQHandler
                0x0000000008001a1c                TIM3_IRQHandler
                0x0000000008001a1c                TIM8_BRK_TIM12_IRQHandler
                0x0000000008001a1c                Default_Handler
                0x0000000008001a1c                CEC_IRQHandler
                0x0000000008001a1c                EXTI15_10_IRQHandler
                0x0000000008001a1c                ADC_IRQHandler
                0x0000000008001a1c                DMA1_Stream7_IRQHandler
                0x0000000008001a1c                SPI5_IRQHandler
                0x0000000008001a1c                TIM7_IRQHandler
                0x0000000008001a1c                SDMMC1_IRQHandler
                0x0000000008001a1c                CAN2_TX_IRQHandler
                0x0000000008001a1c                TIM5_IRQHandler
                0x0000000008001a1c                DMA2_Stream7_IRQHandler
                0x0000000008001a1c                I2C3_EV_IRQHandler
                0x0000000008001a1c                EXTI9_5_IRQHandler
                0x0000000008001a1c                RTC_WKUP_IRQHandler
                0x0000000008001a1c                ETH_WKUP_IRQHandler
                0x0000000008001a1c                SPDIF_RX_IRQHandler
                0x0000000008001a1c                SPI2_IRQHandler
                0x0000000008001a1c                OTG_HS_EP1_IN_IRQHandler
                0x0000000008001a1c                DMA1_Stream0_IRQHandler
                0x0000000008001a1c                CAN1_TX_IRQHandler
                0x0000000008001a1c                EXTI4_IRQHandler
                0x0000000008001a1c                RNG_IRQHandler
                0x0000000008001a1c                ETH_IRQHandler
                0x0000000008001a1c                OTG_HS_EP1_OUT_IRQHandler
                0x0000000008001a1c                WWDG_IRQHandler
                0x0000000008001a1c                SPI6_IRQHandler
                0x0000000008001a1c                I2C4_EV_IRQHandler
                0x0000000008001a1c                TIM2_IRQHandler
                0x0000000008001a1c                OTG_FS_WKUP_IRQHandler
                0x0000000008001a1c                TIM1_TRG_COM_TIM11_IRQHandler
                0x0000000008001a1c                OTG_HS_IRQHandler
                0x0000000008001a1c                DMA2D_IRQHandler
                0x0000000008001a1c                EXTI1_IRQHandler
                0x0000000008001a1c                UART7_IRQHandler
                0x0000000008001a1c                USART2_IRQHandler
                0x0000000008001a1c                I2C2_ER_IRQHandler
                0x0000000008001a1c                DMA2_Stream1_IRQHandler
                0x0000000008001a1c                CAN1_SCE_IRQHandler
                0x0000000008001a1c                FLASH_IRQHandler
                0x0000000008001a1c                DMA2_Stream4_IRQHandler
                0x0000000008001a1c                USART1_IRQHandler
                0x0000000008001a1c                OTG_FS_IRQHandler
                0x0000000008001a1c                SPI3_IRQHandler
                0x0000000008001a1c                DMA1_Stream4_IRQHandler
                0x0000000008001a1c                I2C1_ER_IRQHandler
                0x0000000008001a1c                FMC_IRQHandler
                0x0000000008001a1c                LPTIM1_IRQHandler
                0x0000000008001a1c                I2C4_ER_IRQHandler
                0x0000000008001a1c                DMA2_Stream6_IRQHandler
                0x0000000008001a1c                SAI1_IRQHandler
                0x0000000008001a1c                DMA1_Stream3_IRQHandler
 .text.HAL_Init
                0x0000000008001a1e       0x1a ./Drivers/STM32F7xx_HAL_Driver/Src/stm32f7xx_hal.o
                0x0000000008001a1e                HAL_Init
 .text.HAL_InitTick
                0x0000000008001a38       0x60 ./Drivers/STM32F7xx_HAL_Driver/Src/stm32f7xx_hal.o
                0x0000000008001a38                HAL_InitTick
 .text.HAL_IncTick
                0x0000000008001a98       0x28 ./Drivers/STM32F7xx_HAL_Driver/Src/stm32f7xx_hal.o
                0x0000000008001a98                HAL_IncTick
 .text.HAL_GetTick
                0x0000000008001ac0       0x18 ./Drivers/STM32F7xx_HAL_Driver/Src/stm32f7xx_hal.o
                0x0000000008001ac0                HAL_GetTick
 .text.HAL_Delay
                0x0000000008001ad8       0x48 ./Drivers/STM32F7xx_HAL_Driver/Src/stm32f7xx_hal.o
                0x0000000008001ad8                HAL_Delay
 .text.HAL_ADC_Init
                0x0000000008001b20       0x88 ./Drivers/STM32F7xx_HAL_Driver/Src/stm32f7xx_hal_adc.o
                0x0000000008001b20                HAL_ADC_Init
 .text.HAL_ADC_Start
                0x0000000008001ba8      0x19c ./Drivers/STM32F7xx_HAL_Driver/Src/stm32f7xx_hal_adc.o
                0x0000000008001ba8                HAL_ADC_Start
 .text.HAL_ADC_Stop
                0x0000000008001d44       0x68 ./Drivers/STM32F7xx_HAL_Driver/Src/stm32f7xx_hal_adc.o
                0x0000000008001d44                HAL_ADC_Stop
 .text.HAL_ADC_PollForConversion
                0x0000000008001dac      0x116 ./Drivers/STM32F7xx_HAL_Driver/Src/stm32f7xx_hal_adc.o
                0x0000000008001dac                HAL_ADC_PollForConversion
 .text.HAL_ADC_GetValue
                0x0000000008001ec2       0x1a ./Drivers/STM32F7xx_HAL_Driver/Src/stm32f7xx_hal_adc.o
                0x0000000008001ec2                HAL_ADC_GetValue
 .text.HAL_ADC_ConfigChannel
                0x0000000008001edc      0x2ac ./Drivers/STM32F7xx_HAL_Driver/Src/stm32f7xx_hal_adc.o
                0x0000000008001edc                HAL_ADC_ConfigChannel
 .text.ADC_Init
                0x0000000008002188      0x1f4 ./Drivers/STM32F7xx_HAL_Driver/Src/stm32f7xx_hal_adc.o
 .text.__NVIC_SetPriorityGrouping
                0x000000000800237c       0x48 ./Drivers/STM32F7xx_HAL_Driver/Src/stm32f7xx_hal_cortex.o
 .text.__NVIC_GetPriorityGrouping
                0x00000000080023c4       0x1c ./Drivers/STM32F7xx_HAL_Driver/Src/stm32f7xx_hal_cortex.o
 .text.__NVIC_EnableIRQ
                0x00000000080023e0       0x3c ./Drivers/STM32F7xx_HAL_Driver/Src/stm32f7xx_hal_cortex.o
 .text.__NVIC_SetPriority
                0x000000000800241c       0x54 ./Drivers/STM32F7xx_HAL_Driver/Src/stm32f7xx_hal_cortex.o
 .text.NVIC_EncodePriority
                0x0000000008002470       0x66 ./Drivers/STM32F7xx_HAL_Driver/Src/stm32f7xx_hal_cortex.o
 *fill*         0x00000000080024d6        0x2 
 .text.SysTick_Config
                0x00000000080024d8       0x44 ./Drivers/STM32F7xx_HAL_Driver/Src/stm32f7xx_hal_cortex.o
 .text.HAL_NVIC_SetPriorityGrouping
                0x000000000800251c       0x16 ./Drivers/STM32F7xx_HAL_Driver/Src/stm32f7xx_hal_cortex.o
                0x000000000800251c                HAL_NVIC_SetPriorityGrouping
 .text.HAL_NVIC_SetPriority
                0x0000000008002532       0x38 ./Drivers/STM32F7xx_HAL_Driver/Src/stm32f7xx_hal_cortex.o
                0x0000000008002532                HAL_NVIC_SetPriority
 .text.HAL_NVIC_EnableIRQ
                0x000000000800256a       0x1c ./Drivers/STM32F7xx_HAL_Driver/Src/stm32f7xx_hal_cortex.o
                0x000000000800256a                HAL_NVIC_EnableIRQ
 .text.HAL_SYSTICK_Config
                0x0000000008002586       0x18 ./Drivers/STM32F7xx_HAL_Driver/Src/stm32f7xx_hal_cortex.o
                0x0000000008002586                HAL_SYSTICK_Config
 *fill*         0x000000000800259e        0x2 
 .text.HAL_CRC_Init
                0x00000000080025a0       0xc8 ./Drivers/STM32F7xx_HAL_Driver/Src/stm32f7xx_hal_crc.o
                0x00000000080025a0                HAL_CRC_Init
 .text.HAL_CRCEx_Polynomial_Set
                0x0000000008002668      0x10c ./Drivers/STM32F7xx_HAL_Driver/Src/stm32f7xx_hal_crc_ex.o
                0x0000000008002668                HAL_CRCEx_Polynomial_Set
 .text.HAL_DMA_Init
                0x0000000008002774      0x15c ./Drivers/STM32F7xx_HAL_Driver/Src/stm32f7xx_hal_dma.o
                0x0000000008002774                HAL_DMA_Init
 .text.HAL_DMA_DeInit
                0x00000000080028d0       0xbc ./Drivers/STM32F7xx_HAL_Driver/Src/stm32f7xx_hal_dma.o
                0x00000000080028d0                HAL_DMA_DeInit
 .text.DMA_CalcBaseAndBitshift
                0x000000000800298c       0x6c ./Drivers/STM32F7xx_HAL_Driver/Src/stm32f7xx_hal_dma.o
 .text.DMA_CheckFifoParam
                0x00000000080029f8       0xf8 ./Drivers/STM32F7xx_HAL_Driver/Src/stm32f7xx_hal_dma.o
 .text.HAL_DMA2D_Init
                0x0000000008002af0       0x94 ./Drivers/STM32F7xx_HAL_Driver/Src/stm32f7xx_hal_dma2d.o
                0x0000000008002af0                HAL_DMA2D_Init
 .text.HAL_DMA2D_Start
                0x0000000008002b84       0x56 ./Drivers/STM32F7xx_HAL_Driver/Src/stm32f7xx_hal_dma2d.o
                0x0000000008002b84                HAL_DMA2D_Start
 .text.HAL_DMA2D_PollForTransfer
                0x0000000008002bda      0x1d2 ./Drivers/STM32F7xx_HAL_Driver/Src/stm32f7xx_hal_dma2d.o
                0x0000000008002bda                HAL_DMA2D_PollForTransfer
 .text.HAL_DMA2D_ConfigLayer
                0x0000000008002dac      0x124 ./Drivers/STM32F7xx_HAL_Driver/Src/stm32f7xx_hal_dma2d.o
                0x0000000008002dac                HAL_DMA2D_ConfigLayer
 .text.DMA2D_SetConfig
                0x0000000008002ed0      0x138 ./Drivers/STM32F7xx_HAL_Driver/Src/stm32f7xx_hal_dma2d.o
 .text.HAL_GPIO_Init
                0x0000000008003008      0x358 ./Drivers/STM32F7xx_HAL_Driver/Src/stm32f7xx_hal_gpio.o
                0x0000000008003008                HAL_GPIO_Init
 .text.HAL_GPIO_WritePin
                0x0000000008003360       0x32 ./Drivers/STM32F7xx_HAL_Driver/Src/stm32f7xx_hal_gpio.o
                0x0000000008003360                HAL_GPIO_WritePin
 *fill*         0x0000000008003392        0x2 
 .text.HAL_I2C_Init
                0x0000000008003394      0x120 ./Drivers/STM32F7xx_HAL_Driver/Src/stm32f7xx_hal_i2c.o
                0x0000000008003394                HAL_I2C_Init
 .text.HAL_I2C_DeInit
                0x00000000080034b4       0x5e ./Drivers/STM32F7xx_HAL_Driver/Src/stm32f7xx_hal_i2c.o
                0x00000000080034b4                HAL_I2C_DeInit
 .text.HAL_I2C_MspInit
                0x0000000008003512       0x14 ./Drivers/STM32F7xx_HAL_Driver/Src/stm32f7xx_hal_i2c.o
                0x0000000008003512                HAL_I2C_MspInit
 .text.HAL_I2C_MspDeInit
                0x0000000008003526       0x14 ./Drivers/STM32F7xx_HAL_Driver/Src/stm32f7xx_hal_i2c.o
                0x0000000008003526                HAL_I2C_MspDeInit
 *fill*         0x000000000800353a        0x2 
 .text.HAL_I2C_Mem_Write
                0x000000000800353c      0x228 ./Drivers/STM32F7xx_HAL_Driver/Src/stm32f7xx_hal_i2c.o
                0x000000000800353c                HAL_I2C_Mem_Write
 .text.HAL_I2C_Mem_Read
                0x0000000008003764      0x234 ./Drivers/STM32F7xx_HAL_Driver/Src/stm32f7xx_hal_i2c.o
                0x0000000008003764                HAL_I2C_Mem_Read
 .text.HAL_I2C_GetState
                0x0000000008003998       0x1c ./Drivers/STM32F7xx_HAL_Driver/Src/stm32f7xx_hal_i2c.o
                0x0000000008003998                HAL_I2C_GetState
 .text.I2C_RequestMemoryWrite
                0x00000000080039b4       0xa8 ./Drivers/STM32F7xx_HAL_Driver/Src/stm32f7xx_hal_i2c.o
 .text.I2C_RequestMemoryRead
                0x0000000008003a5c       0xa8 ./Drivers/STM32F7xx_HAL_Driver/Src/stm32f7xx_hal_i2c.o
 .text.I2C_Flush_TXDR
                0x0000000008003b04       0x48 ./Drivers/STM32F7xx_HAL_Driver/Src/stm32f7xx_hal_i2c.o
 .text.I2C_WaitOnFlagUntilTimeout
                0x0000000008003b4c       0x80 ./Drivers/STM32F7xx_HAL_Driver/Src/stm32f7xx_hal_i2c.o
 .text.I2C_WaitOnTXISFlagUntilTimeout
                0x0000000008003bcc       0x80 ./Drivers/STM32F7xx_HAL_Driver/Src/stm32f7xx_hal_i2c.o
 .text.I2C_WaitOnSTOPFlagUntilTimeout
                0x0000000008003c4c       0x78 ./Drivers/STM32F7xx_HAL_Driver/Src/stm32f7xx_hal_i2c.o
 .text.I2C_IsErrorOccurred
                0x0000000008003cc4      0x1d8 ./Drivers/STM32F7xx_HAL_Driver/Src/stm32f7xx_hal_i2c.o
 .text.I2C_TransferConfig
                0x0000000008003e9c       0x64 ./Drivers/STM32F7xx_HAL_Driver/Src/stm32f7xx_hal_i2c.o
 .text.HAL_LTDC_Init
                0x0000000008003f00      0x1a0 ./Drivers/STM32F7xx_HAL_Driver/Src/stm32f7xx_hal_ltdc.o
                0x0000000008003f00                HAL_LTDC_Init
 .text.HAL_LTDC_IRQHandler
                0x00000000080040a0      0x148 ./Drivers/STM32F7xx_HAL_Driver/Src/stm32f7xx_hal_ltdc.o
                0x00000000080040a0                HAL_LTDC_IRQHandler
 .text.HAL_LTDC_ErrorCallback
                0x00000000080041e8       0x14 ./Drivers/STM32F7xx_HAL_Driver/Src/stm32f7xx_hal_ltdc.o
                0x00000000080041e8                HAL_LTDC_ErrorCallback
 .text.HAL_LTDC_LineEventCallback
                0x00000000080041fc       0x14 ./Drivers/STM32F7xx_HAL_Driver/Src/stm32f7xx_hal_ltdc.o
                0x00000000080041fc                HAL_LTDC_LineEventCallback
 .text.HAL_LTDC_ReloadEventCallback
                0x0000000008004210       0x14 ./Drivers/STM32F7xx_HAL_Driver/Src/stm32f7xx_hal_ltdc.o
                0x0000000008004210                HAL_LTDC_ReloadEventCallback
 .text.HAL_LTDC_ConfigLayer
                0x0000000008004224       0x7c ./Drivers/STM32F7xx_HAL_Driver/Src/stm32f7xx_hal_ltdc.o
                0x0000000008004224                HAL_LTDC_ConfigLayer
 .text.HAL_LTDC_GetState
                0x00000000080042a0       0x1c ./Drivers/STM32F7xx_HAL_Driver/Src/stm32f7xx_hal_ltdc.o
                0x00000000080042a0                HAL_LTDC_GetState
 .text.LTDC_SetConfig
                0x00000000080042bc      0x334 ./Drivers/STM32F7xx_HAL_Driver/Src/stm32f7xx_hal_ltdc.o
 .text.HAL_PWREx_EnableOverDrive
                0x00000000080045f0       0xa0 ./Drivers/STM32F7xx_HAL_Driver/Src/stm32f7xx_hal_pwr_ex.o
                0x00000000080045f0                HAL_PWREx_EnableOverDrive
 .text.HAL_RCC_OscConfig
                0x0000000008004690      0x548 ./Drivers/STM32F7xx_HAL_Driver/Src/stm32f7xx_hal_rcc.o
                0x0000000008004690                HAL_RCC_OscConfig
 .text.HAL_RCC_ClockConfig
                0x0000000008004bd8      0x1d8 ./Drivers/STM32F7xx_HAL_Driver/Src/stm32f7xx_hal_rcc.o
                0x0000000008004bd8                HAL_RCC_ClockConfig
 .text.HAL_RCC_GetSysClockFreq
                0x0000000008004db0      0x18c ./Drivers/STM32F7xx_HAL_Driver/Src/stm32f7xx_hal_rcc.o
                0x0000000008004db0                HAL_RCC_GetSysClockFreq
 .text.HAL_RCC_GetHCLKFreq
                0x0000000008004f3c       0x18 ./Drivers/STM32F7xx_HAL_Driver/Src/stm32f7xx_hal_rcc.o
                0x0000000008004f3c                HAL_RCC_GetHCLKFreq
 .text.HAL_RCC_GetPCLK1Freq
                0x0000000008004f54       0x28 ./Drivers/STM32F7xx_HAL_Driver/Src/stm32f7xx_hal_rcc.o
                0x0000000008004f54                HAL_RCC_GetPCLK1Freq
 .text.HAL_RCC_GetPCLK2Freq
                0x0000000008004f7c       0x28 ./Drivers/STM32F7xx_HAL_Driver/Src/stm32f7xx_hal_rcc.o
                0x0000000008004f7c                HAL_RCC_GetPCLK2Freq
 .text.HAL_RCCEx_PeriphCLKConfig
                0x0000000008004fa4      0x7e0 ./Drivers/STM32F7xx_HAL_Driver/Src/stm32f7xx_hal_rcc_ex.o
                0x0000000008004fa4                HAL_RCCEx_PeriphCLKConfig
 .text.HAL_SDRAM_Init
                0x0000000008005784       0x68 ./Drivers/STM32F7xx_HAL_Driver/Src/stm32f7xx_hal_sdram.o
                0x0000000008005784                HAL_SDRAM_Init
 .text.HAL_SDRAM_SendCommand
                0x00000000080057ec       0x6a ./Drivers/STM32F7xx_HAL_Driver/Src/stm32f7xx_hal_sdram.o
                0x00000000080057ec                HAL_SDRAM_SendCommand
 .text.HAL_SDRAM_ProgramRefreshRate
                0x0000000008005856       0x50 ./Drivers/STM32F7xx_HAL_Driver/Src/stm32f7xx_hal_sdram.o
                0x0000000008005856                HAL_SDRAM_ProgramRefreshRate
 .text.HAL_TIM_Base_Init
                0x00000000080058a6       0xae ./Drivers/STM32F7xx_HAL_Driver/Src/stm32f7xx_hal_tim.o
                0x00000000080058a6                HAL_TIM_Base_Init
 .text.HAL_TIM_PWM_Init
                0x0000000008005954       0xae ./Drivers/STM32F7xx_HAL_Driver/Src/stm32f7xx_hal_tim.o
                0x0000000008005954                HAL_TIM_PWM_Init
 .text.HAL_TIM_PWM_MspInit
                0x0000000008005a02       0x14 ./Drivers/STM32F7xx_HAL_Driver/Src/stm32f7xx_hal_tim.o
                0x0000000008005a02                HAL_TIM_PWM_MspInit
 *fill*         0x0000000008005a16        0x2 
 .text.HAL_TIM_PWM_Start
                0x0000000008005a18      0x1f4 ./Drivers/STM32F7xx_HAL_Driver/Src/stm32f7xx_hal_tim.o
                0x0000000008005a18                HAL_TIM_PWM_Start
 .text.HAL_TIM_PWM_ConfigChannel
                0x0000000008005c0c      0x228 ./Drivers/STM32F7xx_HAL_Driver/Src/stm32f7xx_hal_tim.o
                0x0000000008005c0c                HAL_TIM_PWM_ConfigChannel
 .text.TIM_Base_SetConfig
                0x0000000008005e34      0x140 ./Drivers/STM32F7xx_HAL_Driver/Src/stm32f7xx_hal_tim.o
                0x0000000008005e34                TIM_Base_SetConfig
 .text.TIM_OC1_SetConfig
                0x0000000008005f74       0xe4 ./Drivers/STM32F7xx_HAL_Driver/Src/stm32f7xx_hal_tim.o
 .text.TIM_OC2_SetConfig
                0x0000000008006058       0xf0 ./Drivers/STM32F7xx_HAL_Driver/Src/stm32f7xx_hal_tim.o
                0x0000000008006058                TIM_OC2_SetConfig
 .text.TIM_OC3_SetConfig
                0x0000000008006148       0xec ./Drivers/STM32F7xx_HAL_Driver/Src/stm32f7xx_hal_tim.o
 .text.TIM_OC4_SetConfig
                0x0000000008006234       0xb0 ./Drivers/STM32F7xx_HAL_Driver/Src/stm32f7xx_hal_tim.o
 .text.TIM_OC5_SetConfig
                0x00000000080062e4       0xa4 ./Drivers/STM32F7xx_HAL_Driver/Src/stm32f7xx_hal_tim.o
 .text.TIM_OC6_SetConfig
                0x0000000008006388       0xa8 ./Drivers/STM32F7xx_HAL_Driver/Src/stm32f7xx_hal_tim.o
 .text.TIM_CCxChannelCmd
                0x0000000008006430       0x4a ./Drivers/STM32F7xx_HAL_Driver/Src/stm32f7xx_hal_tim.o
                0x0000000008006430                TIM_CCxChannelCmd
 .text.HAL_UART_Init
                0x000000000800647a       0x9c ./Drivers/STM32F7xx_HAL_Driver/Src/stm32f7xx_hal_uart.o
                0x000000000800647a                HAL_UART_Init
 .text.HAL_UART_Transmit
                0x0000000008006516      0x126 ./Drivers/STM32F7xx_HAL_Driver/Src/stm32f7xx_hal_uart.o
                0x0000000008006516                HAL_UART_Transmit
 .text.HAL_UART_Receive
                0x000000000800663c      0x1a0 ./Drivers/STM32F7xx_HAL_Driver/Src/stm32f7xx_hal_uart.o
                0x000000000800663c                HAL_UART_Receive
 .text.UART_SetConfig
                0x00000000080067dc      0x4c8 ./Drivers/STM32F7xx_HAL_Driver/Src/stm32f7xx_hal_uart.o
                0x00000000080067dc                UART_SetConfig
 .text.UART_AdvFeatureConfig
                0x0000000008006ca4      0x144 ./Drivers/STM32F7xx_HAL_Driver/Src/stm32f7xx_hal_uart.o
                0x0000000008006ca4                UART_AdvFeatureConfig
 .text.UART_CheckIdleState
                0x0000000008006de8       0x66 ./Drivers/STM32F7xx_HAL_Driver/Src/stm32f7xx_hal_uart.o
                0x0000000008006de8                UART_CheckIdleState
 .text.UART_WaitOnFlagUntilTimeout
                0x0000000008006e4e      0x188 ./Drivers/STM32F7xx_HAL_Driver/Src/stm32f7xx_hal_uart.o
                0x0000000008006e4e                UART_WaitOnFlagUntilTimeout
 *fill*         0x0000000008006fd6        0x2 
 .text.FMC_SDRAM_Init
                0x0000000008006fd8       0xb8 ./Drivers/STM32F7xx_HAL_Driver/Src/stm32f7xx_ll_fmc.o
                0x0000000008006fd8                FMC_SDRAM_Init
 .text.FMC_SDRAM_Timing_Init
                0x0000000008007090       0xd4 ./Drivers/STM32F7xx_HAL_Driver/Src/stm32f7xx_ll_fmc.o
                0x0000000008007090                FMC_SDRAM_Timing_Init
 .text.FMC_SDRAM_SendCommand
                0x0000000008007164       0x48 ./Drivers/STM32F7xx_HAL_Driver/Src/stm32f7xx_ll_fmc.o
                0x0000000008007164                FMC_SDRAM_SendCommand
 .text.FMC_SDRAM_ProgramRefreshRate
                0x00000000080071ac       0x30 ./Drivers/STM32F7xx_HAL_Driver/Src/stm32f7xx_ll_fmc.o
                0x00000000080071ac                FMC_SDRAM_ProgramRefreshRate
 .text.ft5336_Init
                0x00000000080071dc       0x1c ./GUI files/ft5336.o
                0x00000000080071dc                ft5336_Init
 .text.ft5336_Reset
                0x00000000080071f8       0x16 ./GUI files/ft5336.o
                0x00000000080071f8                ft5336_Reset
 .text.ft5336_ReadID
                0x000000000800720e       0x5c ./GUI files/ft5336.o
                0x000000000800720e                ft5336_ReadID
 .text.ft5336_TS_Start
                0x000000000800726a       0x22 ./GUI files/ft5336.o
                0x000000000800726a                ft5336_TS_Start
 .text.ft5336_TS_DetectTouch
                0x000000000800728c       0x54 ./GUI files/ft5336.o
                0x000000000800728c                ft5336_TS_DetectTouch
 .text.ft5336_TS_GetXY
                0x00000000080072e0      0x1e0 ./GUI files/ft5336.o
                0x00000000080072e0                ft5336_TS_GetXY
 .text.ft5336_TS_EnableIT
                0x00000000080074c0       0x28 ./GUI files/ft5336.o
                0x00000000080074c0                ft5336_TS_EnableIT
 .text.ft5336_TS_DisableIT
                0x00000000080074e8       0x28 ./GUI files/ft5336.o
                0x00000000080074e8                ft5336_TS_DisableIT
 .text.ft5336_TS_ITStatus
                0x0000000008007510       0x18 ./GUI files/ft5336.o
                0x0000000008007510                ft5336_TS_ITStatus
 .text.ft5336_TS_ClearIT
                0x0000000008007528       0x16 ./GUI files/ft5336.o
                0x0000000008007528                ft5336_TS_ClearIT
 *fill*         0x000000000800753e        0x2 
 .text.ft5336_Get_I2C_InitializedStatus
                0x0000000008007540       0x18 ./GUI files/ft5336.o
 .text.ft5336_I2C_InitializeIfRequired
                0x0000000008007558       0x20 ./GUI files/ft5336.o
 .text.ft5336_TS_Configure
                0x0000000008007578       0x1c ./GUI files/ft5336.o
 .text.I2Cx_MspInit
                0x0000000008007594      0x160 ./GUI files/stm32746g_discovery.o
 .text.I2Cx_Init
                0x00000000080076f4       0x78 ./GUI files/stm32746g_discovery.o
 .text.I2Cx_ReadMultiple
                0x000000000800776c       0x5a ./GUI files/stm32746g_discovery.o
 .text.I2Cx_WriteMultiple
                0x00000000080077c6       0x5a ./GUI files/stm32746g_discovery.o
 .text.I2Cx_Error
                0x0000000008007820       0x20 ./GUI files/stm32746g_discovery.o
 .text.TS_IO_Init
                0x0000000008007840       0x14 ./GUI files/stm32746g_discovery.o
                0x0000000008007840                TS_IO_Init
 .text.TS_IO_Write
                0x0000000008007854       0x34 ./GUI files/stm32746g_discovery.o
                0x0000000008007854                TS_IO_Write
 .text.TS_IO_Read
                0x0000000008007888       0x3c ./GUI files/stm32746g_discovery.o
                0x0000000008007888                TS_IO_Read
 .text.TS_IO_Delay
                0x00000000080078c4       0x16 ./GUI files/stm32746g_discovery.o
                0x00000000080078c4                TS_IO_Delay
 *fill*         0x00000000080078da        0x2 
 .text.BSP_LCD_Init
                0x00000000080078dc       0xe0 ./GUI files/stm32746g_discovery_lcd.o
                0x00000000080078dc                BSP_LCD_Init
 .text.BSP_LCD_GetXSize
                0x00000000080079bc       0x28 ./GUI files/stm32746g_discovery_lcd.o
                0x00000000080079bc                BSP_LCD_GetXSize
 .text.BSP_LCD_GetYSize
                0x00000000080079e4       0x28 ./GUI files/stm32746g_discovery_lcd.o
                0x00000000080079e4                BSP_LCD_GetYSize
 .text.BSP_LCD_LayerDefaultInit
                0x0000000008007a0c       0xc0 ./GUI files/stm32746g_discovery_lcd.o
                0x0000000008007a0c                BSP_LCD_LayerDefaultInit
 .text.BSP_LCD_SelectLayer
                0x0000000008007acc       0x20 ./GUI files/stm32746g_discovery_lcd.o
                0x0000000008007acc                BSP_LCD_SelectLayer
 .text.BSP_LCD_SetTextColor
                0x0000000008007aec       0x30 ./GUI files/stm32746g_discovery_lcd.o
                0x0000000008007aec                BSP_LCD_SetTextColor
 .text.BSP_LCD_SetFont
                0x0000000008007b1c       0x34 ./GUI files/stm32746g_discovery_lcd.o
                0x0000000008007b1c                BSP_LCD_SetFont
 .text.BSP_LCD_Clear
                0x0000000008007b50       0x50 ./GUI files/stm32746g_discovery_lcd.o
                0x0000000008007b50                BSP_LCD_Clear
 .text.BSP_LCD_MspInit
                0x0000000008007ba0      0x1b4 ./GUI files/stm32746g_discovery_lcd.o
                0x0000000008007ba0                BSP_LCD_MspInit
 .text.BSP_LCD_ClockConfig
                0x0000000008007d54       0x38 ./GUI files/stm32746g_discovery_lcd.o
                0x0000000008007d54                BSP_LCD_ClockConfig
 .text.LL_FillBuffer
                0x0000000008007d8c       0x98 ./GUI files/stm32746g_discovery_lcd.o
 .text.BSP_SDRAM_Init
                0x0000000008007e24       0xbc ./GUI files/stm32746g_discovery_sdram.o
                0x0000000008007e24                BSP_SDRAM_Init
 .text.BSP_SDRAM_Initialization_sequence
                0x0000000008007ee0       0xc0 ./GUI files/stm32746g_discovery_sdram.o
                0x0000000008007ee0                BSP_SDRAM_Initialization_sequence
 .text.BSP_SDRAM_MspInit
                0x0000000008007fa0      0x1f0 ./GUI files/stm32746g_discovery_sdram.o
                0x0000000008007fa0                BSP_SDRAM_MspInit
 .text.BSP_TS_Init
                0x0000000008008190       0x80 ./GUI files/stm32746g_discovery_ts.o
                0x0000000008008190                BSP_TS_Init
 .text.makeFreeRtosPriority
                0x0000000008008210       0x30 ./Middlewares/Third_Party/FreeRTOS/Source/CMSIS_RTOS/cmsis_os.o
 .text.osKernelStart
                0x0000000008008240        0xe ./Middlewares/Third_Party/FreeRTOS/Source/CMSIS_RTOS/cmsis_os.o
                0x0000000008008240                osKernelStart
 .text.osThreadCreate
                0x000000000800824e       0x98 ./Middlewares/Third_Party/FreeRTOS/Source/CMSIS_RTOS/cmsis_os.o
                0x000000000800824e                osThreadCreate
 .text.osDelay  0x00000000080082e6       0x28 ./Middlewares/Third_Party/FreeRTOS/Source/CMSIS_RTOS/cmsis_os.o
                0x00000000080082e6                osDelay
 .text.vListInitialise
                0x000000000800830e       0x40 ./Middlewares/Third_Party/FreeRTOS/Source/list.o
                0x000000000800830e                vListInitialise
 .text.vListInitialiseItem
                0x000000000800834e       0x1a ./Middlewares/Third_Party/FreeRTOS/Source/list.o
                0x000000000800834e                vListInitialiseItem
 .text.vListInsertEnd
                0x0000000008008368       0x48 ./Middlewares/Third_Party/FreeRTOS/Source/list.o
                0x0000000008008368                vListInsertEnd
 .text.vListInsert
                0x00000000080083b0       0x72 ./Middlewares/Third_Party/FreeRTOS/Source/list.o
                0x00000000080083b0                vListInsert
 .text.uxListRemove
                0x0000000008008422       0x54 ./Middlewares/Third_Party/FreeRTOS/Source/list.o
                0x0000000008008422                uxListRemove
 .text.xTaskCreateStatic
                0x0000000008008476       0xc6 ./Middlewares/Third_Party/FreeRTOS/Source/tasks.o
                0x0000000008008476                xTaskCreateStatic
 .text.xTaskCreate
                0x000000000800853c       0x8a ./Middlewares/Third_Party/FreeRTOS/Source/tasks.o
                0x000000000800853c                xTaskCreate
 *fill*         0x00000000080085c6        0x2 
 .text.prvInitialiseNewTask
                0x00000000080085c8      0x140 ./Middlewares/Third_Party/FreeRTOS/Source/tasks.o
 .text.prvAddNewTaskToReadyList
                0x0000000008008708       0xd4 ./Middlewares/Third_Party/FreeRTOS/Source/tasks.o
 .text.vTaskDelay
                0x00000000080087dc       0x6c ./Middlewares/Third_Party/FreeRTOS/Source/tasks.o
                0x00000000080087dc                vTaskDelay
 .text.vTaskStartScheduler
                0x0000000008008848       0xdc ./Middlewares/Third_Party/FreeRTOS/Source/tasks.o
                0x0000000008008848                vTaskStartScheduler
 .text.vTaskSuspendAll
                0x0000000008008924       0x1c ./Middlewares/Third_Party/FreeRTOS/Source/tasks.o
                0x0000000008008924                vTaskSuspendAll
 .text.xTaskResumeAll
                0x0000000008008940      0x13c ./Middlewares/Third_Party/FreeRTOS/Source/tasks.o
                0x0000000008008940                xTaskResumeAll
 .text.xTaskIncrementTick
                0x0000000008008a7c      0x174 ./Middlewares/Third_Party/FreeRTOS/Source/tasks.o
                0x0000000008008a7c                xTaskIncrementTick
 .text.vTaskSwitchContext
                0x0000000008008bf0       0xc8 ./Middlewares/Third_Party/FreeRTOS/Source/tasks.o
                0x0000000008008bf0                vTaskSwitchContext
 .text.prvIdleTask
                0x0000000008008cb8       0x30 ./Middlewares/Third_Party/FreeRTOS/Source/tasks.o
 .text.prvInitialiseTaskLists
                0x0000000008008ce8       0x80 ./Middlewares/Third_Party/FreeRTOS/Source/tasks.o
 .text.prvCheckTasksWaitingTermination
                0x0000000008008d68       0x5c ./Middlewares/Third_Party/FreeRTOS/Source/tasks.o
 .text.prvDeleteTCB
                0x0000000008008dc4       0x6c ./Middlewares/Third_Party/FreeRTOS/Source/tasks.o
 .text.prvResetNextTaskUnblockTime
                0x0000000008008e30       0x40 ./Middlewares/Third_Party/FreeRTOS/Source/tasks.o
 .text.xTaskGetSchedulerState
                0x0000000008008e70       0x3c ./Middlewares/Third_Party/FreeRTOS/Source/tasks.o
                0x0000000008008e70                xTaskGetSchedulerState
 .text.prvAddCurrentTaskToDelayedList
                0x0000000008008eac       0xcc ./Middlewares/Third_Party/FreeRTOS/Source/tasks.o
 .text.pxPortInitialiseStack
                0x0000000008008f78       0x68 ./Middlewares/Third_Party/FreeRTOS/Source/portable/GCC/ARM_CM7/r0p1/port.o
                0x0000000008008f78                pxPortInitialiseStack
 .text.prvTaskExitError
                0x0000000008008fe0       0x60 ./Middlewares/Third_Party/FreeRTOS/Source/portable/GCC/ARM_CM7/r0p1/port.o
 .text.SVC_Handler
                0x0000000008009040       0x28 ./Middlewares/Third_Party/FreeRTOS/Source/portable/GCC/ARM_CM7/r0p1/port.o
                0x0000000008009040                SVC_Handler
 .text.prvPortStartFirstTask
                0x0000000008009068       0x28 ./Middlewares/Third_Party/FreeRTOS/Source/portable/GCC/ARM_CM7/r0p1/port.o
 .text.xPortStartScheduler
                0x0000000008009090       0xfc ./Middlewares/Third_Party/FreeRTOS/Source/portable/GCC/ARM_CM7/r0p1/port.o
                0x0000000008009090                xPortStartScheduler
 .text.vPortEnterCritical
                0x000000000800918c       0x68 ./Middlewares/Third_Party/FreeRTOS/Source/portable/GCC/ARM_CM7/r0p1/port.o
                0x000000000800918c                vPortEnterCritical
 .text.vPortExitCritical
                0x00000000080091f4       0x58 ./Middlewares/Third_Party/FreeRTOS/Source/portable/GCC/ARM_CM7/r0p1/port.o
                0x00000000080091f4                vPortExitCritical
 *fill*         0x000000000800924c        0x4 
 .text.PendSV_Handler
                0x0000000008009250       0x68 ./Middlewares/Third_Party/FreeRTOS/Source/portable/GCC/ARM_CM7/r0p1/port.o
                0x0000000008009250                PendSV_Handler
 .text.xPortSysTickHandler
                0x00000000080092b8       0x48 ./Middlewares/Third_Party/FreeRTOS/Source/portable/GCC/ARM_CM7/r0p1/port.o
                0x00000000080092b8                xPortSysTickHandler
 .text.vPortSetupTimerInterrupt
                0x0000000008009300       0x48 ./Middlewares/Third_Party/FreeRTOS/Source/portable/GCC/ARM_CM7/r0p1/port.o
                0x0000000008009300                vPortSetupTimerInterrupt
 .text.vPortEnableVFP
                0x0000000008009348       0x14 ./Middlewares/Third_Party/FreeRTOS/Source/portable/GCC/ARM_CM7/r0p1/port.o
 .text.pvPortMalloc
                0x000000000800935c      0x194 ./Middlewares/Third_Party/FreeRTOS/Source/portable/MemMang/heap_4.o
                0x000000000800935c                pvPortMalloc
 .text.vPortFree
                0x00000000080094f0       0xbc ./Middlewares/Third_Party/FreeRTOS/Source/portable/MemMang/heap_4.o
                0x00000000080094f0                vPortFree
 .text.prvHeapInit
                0x00000000080095ac       0xc4 ./Middlewares/Third_Party/FreeRTOS/Source/portable/MemMang/heap_4.o
 .text.prvInsertBlockIntoFreeList
                0x0000000008009670       0xb4 ./Middlewares/Third_Party/FreeRTOS/Source/portable/MemMang/heap_4.o
 .text.__errno  0x0000000008009724        0xc /opt/st/stm32cubeide_1.10.1/plugins/com.st.stm32cube.ide.mcu.externaltools.gnu-tools-for-stm32.10.3-2021.10.linux64_1.0.0.202111181127/tools/bin/../lib/gcc/arm-none-eabi/10.3.1/../../../../arm-none-eabi/lib/thumb/v7e-m+fp/hard/libc_nano.a(lib_a-errno.o)
                0x0000000008009724                __errno
 .text.__libc_init_array
                0x0000000008009730       0x48 /opt/st/stm32cubeide_1.10.1/plugins/com.st.stm32cube.ide.mcu.externaltools.gnu-tools-for-stm32.10.3-2021.10.linux64_1.0.0.202111181127/tools/bin/../lib/gcc/arm-none-eabi/10.3.1/../../../../arm-none-eabi/lib/thumb/v7e-m+fp/hard/libc_nano.a(lib_a-init.o)
                0x0000000008009730                __libc_init_array
 .text.__retarget_lock_acquire_recursive
                0x0000000008009778        0x2 /opt/st/stm32cubeide_1.10.1/plugins/com.st.stm32cube.ide.mcu.externaltools.gnu-tools-for-stm32.10.3-2021.10.linux64_1.0.0.202111181127/tools/bin/../lib/gcc/arm-none-eabi/10.3.1/../../../../arm-none-eabi/lib/thumb/v7e-m+fp/hard/libc_nano.a(lib_a-lock.o)
                0x0000000008009778                __retarget_lock_acquire_recursive
 .text.__retarget_lock_release_recursive
                0x000000000800977a        0x2 /opt/st/stm32cubeide_1.10.1/plugins/com.st.stm32cube.ide.mcu.externaltools.gnu-tools-for-stm32.10.3-2021.10.linux64_1.0.0.202111181127/tools/bin/../lib/gcc/arm-none-eabi/10.3.1/../../../../arm-none-eabi/lib/thumb/v7e-m+fp/hard/libc_nano.a(lib_a-lock.o)
                0x000000000800977a                __retarget_lock_release_recursive
 .text.malloc   0x000000000800977c       0x10 /opt/st/stm32cubeide_1.10.1/plugins/com.st.stm32cube.ide.mcu.externaltools.gnu-tools-for-stm32.10.3-2021.10.linux64_1.0.0.202111181127/tools/bin/../lib/gcc/arm-none-eabi/10.3.1/../../../../arm-none-eabi/lib/thumb/v7e-m+fp/hard/libc_nano.a(lib_a-malloc.o)
                0x000000000800977c                malloc
 .text.memcpy   0x000000000800978c       0x1c /opt/st/stm32cubeide_1.10.1/plugins/com.st.stm32cube.ide.mcu.externaltools.gnu-tools-for-stm32.10.3-2021.10.linux64_1.0.0.202111181127/tools/bin/../lib/gcc/arm-none-eabi/10.3.1/../../../../arm-none-eabi/lib/thumb/v7e-m+fp/hard/libc_nano.a(lib_a-memcpy-stub.o)
                0x000000000800978c                memcpy
 .text.memset   0x00000000080097a8       0x10 /opt/st/stm32cubeide_1.10.1/plugins/com.st.stm32cube.ide.mcu.externaltools.gnu-tools-for-stm32.10.3-2021.10.linux64_1.0.0.202111181127/tools/bin/../lib/gcc/arm-none-eabi/10.3.1/../../../../arm-none-eabi/lib/thumb/v7e-m+fp/hard/libc_nano.a(lib_a-memset.o)
                0x00000000080097a8                memset
 .text._free_r  0x00000000080097b8       0x98 /opt/st/stm32cubeide_1.10.1/plugins/com.st.stm32cube.ide.mcu.externaltools.gnu-tools-for-stm32.10.3-2021.10.linux64_1.0.0.202111181127/tools/bin/../lib/gcc/arm-none-eabi/10.3.1/../../../../arm-none-eabi/lib/thumb/v7e-m+fp/hard/libc_nano.a(lib_a-nano-freer.o)
                0x00000000080097b8                _free_r
 .text.sbrk_aligned
                0x0000000008009850       0x40 /opt/st/stm32cubeide_1.10.1/plugins/com.st.stm32cube.ide.mcu.externaltools.gnu-tools-for-stm32.10.3-2021.10.linux64_1.0.0.202111181127/tools/bin/../lib/gcc/arm-none-eabi/10.3.1/../../../../arm-none-eabi/lib/thumb/v7e-m+fp/hard/libc_nano.a(lib_a-nano-mallocr.o)
 .text._malloc_r
                0x0000000008009890       0xe8 /opt/st/stm32cubeide_1.10.1/plugins/com.st.stm32cube.ide.mcu.externaltools.gnu-tools-for-stm32.10.3-2021.10.linux64_1.0.0.202111181127/tools/bin/../lib/gcc/arm-none-eabi/10.3.1/../../../../arm-none-eabi/lib/thumb/v7e-m+fp/hard/libc_nano.a(lib_a-nano-mallocr.o)
                0x0000000008009890                _malloc_r
 .text.cleanup_glue
                0x0000000008009978       0x1a /opt/st/stm32cubeide_1.10.1/plugins/com.st.stm32cube.ide.mcu.externaltools.gnu-tools-for-stm32.10.3-2021.10.linux64_1.0.0.202111181127/tools/bin/../lib/gcc/arm-none-eabi/10.3.1/../../../../arm-none-eabi/lib/thumb/v7e-m+fp/hard/libc_nano.a(lib_a-reent.o)
                0x0000000008009978                cleanup_glue
 *fill*         0x0000000008009992        0x2 
 .text._reclaim_reent
                0x0000000008009994       0xb8 /opt/st/stm32cubeide_1.10.1/plugins/com.st.stm32cube.ide.mcu.externaltools.gnu-tools-for-stm32.10.3-2021.10.linux64_1.0.0.202111181127/tools/bin/../lib/gcc/arm-none-eabi/10.3.1/../../../../arm-none-eabi/lib/thumb/v7e-m+fp/hard/libc_nano.a(lib_a-reent.o)
                0x0000000008009994                _reclaim_reent
 .text._sbrk_r  0x0000000008009a4c       0x20 /opt/st/stm32cubeide_1.10.1/plugins/com.st.stm32cube.ide.mcu.externaltools.gnu-tools-for-stm32.10.3-2021.10.linux64_1.0.0.202111181127/tools/bin/../lib/gcc/arm-none-eabi/10.3.1/../../../../arm-none-eabi/lib/thumb/v7e-m+fp/hard/libc_nano.a(lib_a-sbrkr.o)
                0x0000000008009a4c                _sbrk_r
 .text.sprintf  0x0000000008009a6c       0x40 /opt/st/stm32cubeide_1.10.1/plugins/com.st.stm32cube.ide.mcu.externaltools.gnu-tools-for-stm32.10.3-2021.10.linux64_1.0.0.202111181127/tools/bin/../lib/gcc/arm-none-eabi/10.3.1/../../../../arm-none-eabi/lib/thumb/v7e-m+fp/hard/libc_nano.a(lib_a-sprintf.o)
                0x0000000008009a6c                sprintf
                0x0000000008009a6c                siprintf
 .text.strcpy   0x0000000008009aac       0x10 /opt/st/stm32cubeide_1.10.1/plugins/com.st.stm32cube.ide.mcu.externaltools.gnu-tools-for-stm32.10.3-2021.10.linux64_1.0.0.202111181127/tools/bin/../lib/gcc/arm-none-eabi/10.3.1/../../../../arm-none-eabi/lib/thumb/v7e-m+fp/hard/libc_nano.a(lib_a-strcpy.o)
                0x0000000008009aac                strcpy
 .text.__malloc_lock
                0x0000000008009abc        0xc /opt/st/stm32cubeide_1.10.1/plugins/com.st.stm32cube.ide.mcu.externaltools.gnu-tools-for-stm32.10.3-2021.10.linux64_1.0.0.202111181127/tools/bin/../lib/gcc/arm-none-eabi/10.3.1/../../../../arm-none-eabi/lib/thumb/v7e-m+fp/hard/libc_nano.a(lib_a-mlock.o)
                0x0000000008009abc                __malloc_lock
 .text.__malloc_unlock
                0x0000000008009ac8        0xc /opt/st/stm32cubeide_1.10.1/plugins/com.st.stm32cube.ide.mcu.externaltools.gnu-tools-for-stm32.10.3-2021.10.linux64_1.0.0.202111181127/tools/bin/../lib/gcc/arm-none-eabi/10.3.1/../../../../arm-none-eabi/lib/thumb/v7e-m+fp/hard/libc_nano.a(lib_a-mlock.o)
                0x0000000008009ac8                __malloc_unlock
 .text.__ssputs_r
                0x0000000008009ad4       0xb6 /opt/st/stm32cubeide_1.10.1/plugins/com.st.stm32cube.ide.mcu.externaltools.gnu-tools-for-stm32.10.3-2021.10.linux64_1.0.0.202111181127/tools/bin/../lib/gcc/arm-none-eabi/10.3.1/../../../../arm-none-eabi/lib/thumb/v7e-m+fp/hard/libc_nano.a(lib_a-nano-svfprintf.o)
                0x0000000008009ad4                __ssputs_r
 *fill*         0x0000000008009b8a        0x2 
 .text._svfprintf_r
                0x0000000008009b8c      0x200 /opt/st/stm32cubeide_1.10.1/plugins/com.st.stm32cube.ide.mcu.externaltools.gnu-tools-for-stm32.10.3-2021.10.linux64_1.0.0.202111181127/tools/bin/../lib/gcc/arm-none-eabi/10.3.1/../../../../arm-none-eabi/lib/thumb/v7e-m+fp/hard/libc_nano.a(lib_a-nano-svfprintf.o)
                0x0000000008009b8c                _svfprintf_r
                0x0000000008009b8c                _svfiprintf_r
 .text._printf_common
                0x0000000008009d8c       0xda /opt/st/stm32cubeide_1.10.1/plugins/com.st.stm32cube.ide.mcu.externaltools.gnu-tools-for-stm32.10.3-2021.10.linux64_1.0.0.202111181127/tools/bin/../lib/gcc/arm-none-eabi/10.3.1/../../../../arm-none-eabi/lib/thumb/v7e-m+fp/hard/libc_nano.a(lib_a-nano-vfprintf_i.o)
                0x0000000008009d8c                _printf_common
 *fill*         0x0000000008009e66        0x2 
 .text._printf_i
                0x0000000008009e68      0x24c /opt/st/stm32cubeide_1.10.1/plugins/com.st.stm32cube.ide.mcu.externaltools.gnu-tools-for-stm32.10.3-2021.10.linux64_1.0.0.202111181127/tools/bin/../lib/gcc/arm-none-eabi/10.3.1/../../../../arm-none-eabi/lib/thumb/v7e-m+fp/hard/libc_nano.a(lib_a-nano-vfprintf_i.o)
                0x0000000008009e68                _printf_i
 .text.memmove  0x000000000800a0b4       0x34 /opt/st/stm32cubeide_1.10.1/plugins/com.st.stm32cube.ide.mcu.externaltools.gnu-tools-for-stm32.10.3-2021.10.linux64_1.0.0.202111181127/tools/bin/../lib/gcc/arm-none-eabi/10.3.1/../../../../arm-none-eabi/lib/thumb/v7e-m+fp/hard/libc_nano.a(lib_a-memmove.o)
                0x000000000800a0b4                memmove
 .text._realloc_r
                0x000000000800a0e8       0x5e /opt/st/stm32cubeide_1.10.1/plugins/com.st.stm32cube.ide.mcu.externaltools.gnu-tools-for-stm32.10.3-2021.10.linux64_1.0.0.202111181127/tools/bin/../lib/gcc/arm-none-eabi/10.3.1/../../../../arm-none-eabi/lib/thumb/v7e-m+fp/hard/libc_nano.a(lib_a-nano-reallocr.o)
                0x000000000800a0e8                _realloc_r
 .text._malloc_usable_size_r
                0x000000000800a146       0x10 /opt/st/stm32cubeide_1.10.1/plugins/com.st.stm32cube.ide.mcu.externaltools.gnu-tools-for-stm32.10.3-2021.10.linux64_1.0.0.202111181127/tools/bin/../lib/gcc/arm-none-eabi/10.3.1/../../../../arm-none-eabi/lib/thumb/v7e-m+fp/hard/libc_nano.a(lib_a-nano-msizer.o)
                0x000000000800a146                _malloc_usable_size_r
 *(.glue_7)
 .glue_7        0x000000000800a156        0x0 linker stubs
 *(.glue_7t)
 .glue_7t       0x000000000800a156        0x0 linker stubs
 *(.eh_frame)
 *fill*         0x000000000800a156        0x2 
 .eh_frame      0x000000000800a158        0x0 /opt/st/stm32cubeide_1.10.1/plugins/com.st.stm32cube.ide.mcu.externaltools.gnu-tools-for-stm32.10.3-2021.10.linux64_1.0.0.202111181127/tools/bin/../lib/gcc/arm-none-eabi/10.3.1/thumb/v7e-m+fp/hard/crtbegin.o
 *(.init)
 .init          0x000000000800a158        0x4 /opt/st/stm32cubeide_1.10.1/plugins/com.st.stm32cube.ide.mcu.externaltools.gnu-tools-for-stm32.10.3-2021.10.linux64_1.0.0.202111181127/tools/bin/../lib/gcc/arm-none-eabi/10.3.1/thumb/v7e-m+fp/hard/crti.o
                0x000000000800a158                _init
 .init          0x000000000800a15c        0x8 /opt/st/stm32cubeide_1.10.1/plugins/com.st.stm32cube.ide.mcu.externaltools.gnu-tools-for-stm32.10.3-2021.10.linux64_1.0.0.202111181127/tools/bin/../lib/gcc/arm-none-eabi/10.3.1/thumb/v7e-m+fp/hard/crtn.o
 *(.fini)
 .fini          0x000000000800a164        0x4 /opt/st/stm32cubeide_1.10.1/plugins/com.st.stm32cube.ide.mcu.externaltools.gnu-tools-for-stm32.10.3-2021.10.linux64_1.0.0.202111181127/tools/bin/../lib/gcc/arm-none-eabi/10.3.1/thumb/v7e-m+fp/hard/crti.o
                0x000000000800a164                _fini
 .fini          0x000000000800a168        0x8 /opt/st/stm32cubeide_1.10.1/plugins/com.st.stm32cube.ide.mcu.externaltools.gnu-tools-for-stm32.10.3-2021.10.linux64_1.0.0.202111181127/tools/bin/../lib/gcc/arm-none-eabi/10.3.1/thumb/v7e-m+fp/hard/crtn.o
                0x000000000800a170                . = ALIGN (0x4)
                0x000000000800a170                _etext = .

.vfp11_veneer   0x000000000800a170        0x0
 .vfp11_veneer  0x000000000800a170        0x0 linker stubs

.v4_bx          0x000000000800a170        0x0
 .v4_bx         0x000000000800a170        0x0 linker stubs

.iplt           0x000000000800a170        0x0
 .iplt          0x000000000800a170        0x0 /opt/st/stm32cubeide_1.10.1/plugins/com.st.stm32cube.ide.mcu.externaltools.gnu-tools-for-stm32.10.3-2021.10.linux64_1.0.0.202111181127/tools/bin/../lib/gcc/arm-none-eabi/10.3.1/thumb/v7e-m+fp/hard/crtbegin.o

.rodata         0x000000000800a170     0x1bc8
                0x000000000800a170                . = ALIGN (0x4)
 *(.rodata)
 .rodata        0x000000000800a170       0x53 ./Core/Src/main.o
 *fill*         0x000000000800a1c3        0x1 
 .rodata        0x000000000800a1c4        0x5 ./Middlewares/Third_Party/FreeRTOS/Source/tasks.o
 *(.rodata*)
 *fill*         0x000000000800a1c9        0x3 
 .rodata.AHBPrescTable
                0x000000000800a1cc       0x10 ./Core/Src/system_stm32f7xx.o
                0x000000000800a1cc                AHBPrescTable
 .rodata.APBPrescTable
                0x000000000800a1dc        0x8 ./Core/Src/system_stm32f7xx.o
                0x000000000800a1dc                APBPrescTable
 .rodata.flagBitshiftOffset.0
                0x000000000800a1e4        0x8 ./Drivers/STM32F7xx_HAL_Driver/Src/stm32f7xx_hal_dma.o
 .rodata.Font24_Table
                0x000000000800a1ec     0x1ab8 ./GUI files/font24.o
                0x000000000800a1ec                Font24_Table
 .rodata.__sf_fake_stderr
                0x000000000800bca4       0x20 /opt/st/stm32cubeide_1.10.1/plugins/com.st.stm32cube.ide.mcu.externaltools.gnu-tools-for-stm32.10.3-2021.10.linux64_1.0.0.202111181127/tools/bin/../lib/gcc/arm-none-eabi/10.3.1/../../../../arm-none-eabi/lib/thumb/v7e-m+fp/hard/libc_nano.a(lib_a-findfp.o)
                0x000000000800bca4                __sf_fake_stderr
 .rodata.__sf_fake_stdin
                0x000000000800bcc4       0x20 /opt/st/stm32cubeide_1.10.1/plugins/com.st.stm32cube.ide.mcu.externaltools.gnu-tools-for-stm32.10.3-2021.10.linux64_1.0.0.202111181127/tools/bin/../lib/gcc/arm-none-eabi/10.3.1/../../../../arm-none-eabi/lib/thumb/v7e-m+fp/hard/libc_nano.a(lib_a-findfp.o)
                0x000000000800bcc4                __sf_fake_stdin
 .rodata.__sf_fake_stdout
                0x000000000800bce4       0x20 /opt/st/stm32cubeide_1.10.1/plugins/com.st.stm32cube.ide.mcu.externaltools.gnu-tools-for-stm32.10.3-2021.10.linux64_1.0.0.202111181127/tools/bin/../lib/gcc/arm-none-eabi/10.3.1/../../../../arm-none-eabi/lib/thumb/v7e-m+fp/hard/libc_nano.a(lib_a-findfp.o)
                0x000000000800bce4                __sf_fake_stdout
 .rodata._svfprintf_r.str1.1
                0x000000000800bd04       0x11 /opt/st/stm32cubeide_1.10.1/plugins/com.st.stm32cube.ide.mcu.externaltools.gnu-tools-for-stm32.10.3-2021.10.linux64_1.0.0.202111181127/tools/bin/../lib/gcc/arm-none-eabi/10.3.1/../../../../arm-none-eabi/lib/thumb/v7e-m+fp/hard/libc_nano.a(lib_a-nano-svfprintf.o)
 .rodata._printf_i.str1.1
                0x000000000800bd15       0x22 /opt/st/stm32cubeide_1.10.1/plugins/com.st.stm32cube.ide.mcu.externaltools.gnu-tools-for-stm32.10.3-2021.10.linux64_1.0.0.202111181127/tools/bin/../lib/gcc/arm-none-eabi/10.3.1/../../../../arm-none-eabi/lib/thumb/v7e-m+fp/hard/libc_nano.a(lib_a-nano-vfprintf_i.o)
                0x000000000800bd38                . = ALIGN (0x4)
 *fill*         0x000000000800bd37        0x1 

.ARM.extab      0x000000000800bd38        0x0
                0x000000000800bd38                . = ALIGN (0x4)
 *(.ARM.extab* .gnu.linkonce.armextab.*)
                0x000000000800bd38                . = ALIGN (0x4)

.ARM            0x000000000800bd38        0x8
                0x000000000800bd38                . = ALIGN (0x4)
                0x000000000800bd38                __exidx_start = .
 *(.ARM.exidx*)
 .ARM.exidx     0x000000000800bd38        0x8 /opt/st/stm32cubeide_1.10.1/plugins/com.st.stm32cube.ide.mcu.externaltools.gnu-tools-for-stm32.10.3-2021.10.linux64_1.0.0.202111181127/tools/bin/../lib/gcc/arm-none-eabi/10.3.1/thumb/v7e-m+fp/hard/libgcc.a(_udivmoddi4.o)
                0x000000000800bd40                __exidx_end = .
                0x000000000800bd40                . = ALIGN (0x4)

.rel.dyn        0x000000000800bd40        0x0
 .rel.iplt      0x000000000800bd40        0x0 /opt/st/stm32cubeide_1.10.1/plugins/com.st.stm32cube.ide.mcu.externaltools.gnu-tools-for-stm32.10.3-2021.10.linux64_1.0.0.202111181127/tools/bin/../lib/gcc/arm-none-eabi/10.3.1/thumb/v7e-m+fp/hard/crtbegin.o

.preinit_array  0x000000000800bd40        0x0
                0x000000000800bd40                . = ALIGN (0x4)
                0x000000000800bd40                PROVIDE (__preinit_array_start = .)
 *(.preinit_array*)
                0x000000000800bd40                PROVIDE (__preinit_array_end = .)
                0x000000000800bd40                . = ALIGN (0x4)

.init_array     0x000000000800bd40        0x4
                0x000000000800bd40                . = ALIGN (0x4)
                0x000000000800bd40                PROVIDE (__init_array_start = .)
 *(SORT_BY_NAME(.init_array.*))
 *(.init_array*)
 .init_array    0x000000000800bd40        0x4 /opt/st/stm32cubeide_1.10.1/plugins/com.st.stm32cube.ide.mcu.externaltools.gnu-tools-for-stm32.10.3-2021.10.linux64_1.0.0.202111181127/tools/bin/../lib/gcc/arm-none-eabi/10.3.1/thumb/v7e-m+fp/hard/crtbegin.o
                0x000000000800bd44                PROVIDE (__init_array_end = .)
                0x000000000800bd44                . = ALIGN (0x4)

.fini_array     0x000000000800bd44        0x4
                0x000000000800bd44                . = ALIGN (0x4)
                [!provide]                        PROVIDE (__fini_array_start = .)
 *(SORT_BY_NAME(.fini_array.*))
 *(.fini_array*)
 .fini_array    0x000000000800bd44        0x4 /opt/st/stm32cubeide_1.10.1/plugins/com.st.stm32cube.ide.mcu.externaltools.gnu-tools-for-stm32.10.3-2021.10.linux64_1.0.0.202111181127/tools/bin/../lib/gcc/arm-none-eabi/10.3.1/thumb/v7e-m+fp/hard/crtbegin.o
                [!provide]                        PROVIDE (__fini_array_end = .)
                0x000000000800bd48                . = ALIGN (0x4)
                0x000000000800bd48                _sidata = LOADADDR (.data)

.data           0x0000000020000000       0xa8 load address 0x000000000800bd48
                0x0000000020000000                . = ALIGN (0x4)
                0x0000000020000000                _sdata = .
 *(.data)
 *(.data*)
 .data.SystemCoreClock
                0x0000000020000000        0x4 ./Core/Src/system_stm32f7xx.o
                0x0000000020000000                SystemCoreClock
 .data.uwTickPrio
                0x0000000020000004        0x4 ./Drivers/STM32F7xx_HAL_Driver/Src/stm32f7xx_hal.o
                0x0000000020000004                uwTickPrio
 .data.uwTickFreq
                0x0000000020000008        0x1 ./Drivers/STM32F7xx_HAL_Driver/Src/stm32f7xx_hal.o
                0x0000000020000008                uwTickFreq
 *fill*         0x0000000020000009        0x3 
 .data.Font24   0x000000002000000c        0x8 ./GUI files/font24.o
                0x000000002000000c                Font24
 .data.ft5336_ts_drv
                0x0000000020000014       0x28 ./GUI files/ft5336.o
                0x0000000020000014                ft5336_ts_drv
 .data.sdramstatus.3
                0x000000002000003c        0x1 ./GUI files/stm32746g_discovery_sdram.o
 *fill*         0x000000002000003d        0x3 
 .data.uxCriticalNesting
                0x0000000020000040        0x4 ./Middlewares/Third_Party/FreeRTOS/Source/portable/GCC/ARM_CM7/r0p1/port.o
 .data._impure_ptr
                0x0000000020000044        0x4 /opt/st/stm32cubeide_1.10.1/plugins/com.st.stm32cube.ide.mcu.externaltools.gnu-tools-for-stm32.10.3-2021.10.linux64_1.0.0.202111181127/tools/bin/../lib/gcc/arm-none-eabi/10.3.1/../../../../arm-none-eabi/lib/thumb/v7e-m+fp/hard/libc_nano.a(lib_a-impure.o)
                0x0000000020000044                _impure_ptr
 .data.impure_data
                0x0000000020000048       0x60 /opt/st/stm32cubeide_1.10.1/plugins/com.st.stm32cube.ide.mcu.externaltools.gnu-tools-for-stm32.10.3-2021.10.linux64_1.0.0.202111181127/tools/bin/../lib/gcc/arm-none-eabi/10.3.1/../../../../arm-none-eabi/lib/thumb/v7e-m+fp/hard/libc_nano.a(lib_a-impure.o)
 *(.RamFunc)
 *(.RamFunc*)
                0x00000000200000a8                . = ALIGN (0x4)
                0x00000000200000a8                _edata = .

.igot.plt       0x00000000200000a8        0x0 load address 0x000000000800bdf0
 .igot.plt      0x00000000200000a8        0x0 /opt/st/stm32cubeide_1.10.1/plugins/com.st.stm32cube.ide.mcu.externaltools.gnu-tools-for-stm32.10.3-2021.10.linux64_1.0.0.202111181127/tools/bin/../lib/gcc/arm-none-eabi/10.3.1/thumb/v7e-m+fp/hard/crtbegin.o
                0x00000000200000a8                . = ALIGN (0x4)

.bss            0x00000000200000a8     0x4620 load address 0x000000000800bdf0
                0x00000000200000a8                _sbss = .
                0x00000000200000a8                __bss_start__ = _sbss
 *(.bss)
 .bss           0x00000000200000a8       0x1c /opt/st/stm32cubeide_1.10.1/plugins/com.st.stm32cube.ide.mcu.externaltools.gnu-tools-for-stm32.10.3-2021.10.linux64_1.0.0.202111181127/tools/bin/../lib/gcc/arm-none-eabi/10.3.1/thumb/v7e-m+fp/hard/crtbegin.o
 *(.bss*)
 .bss.xIdleTaskTCBBuffer
                0x00000000200000c4       0xb4 ./Core/Src/freertos.o
 .bss.xIdleStack
                0x0000000020000178      0x200 ./Core/Src/freertos.o
 .bss.hadc1     0x0000000020000378       0x48 ./Core/Src/main.o
                0x0000000020000378                hadc1
 .bss.hcrc      0x00000000200003c0       0x24 ./Core/Src/main.o
                0x00000000200003c0                hcrc
 .bss.hdma2d    0x00000000200003e4       0x40 ./Core/Src/main.o
                0x00000000200003e4                hdma2d
 .bss.hltdc     0x0000000020000424       0xa8 ./Core/Src/main.o
                0x0000000020000424                hltdc
 .bss.htim14    0x00000000200004cc       0x4c ./Core/Src/main.o
                0x00000000200004cc                htim14
 .bss.huart1    0x0000000020000518       0x84 ./Core/Src/main.o
                0x0000000020000518                huart1
 .bss.hsdram1   0x000000002000059c       0x34 ./Core/Src/main.o
                0x000000002000059c                hsdram1
 .bss.ADC_TaskHandle
                0x00000000200005d0        0x4 ./Core/Src/main.o
                0x00000000200005d0                ADC_TaskHandle
 .bss.PWM_TaskHandle
                0x00000000200005d4        0x4 ./Core/Src/main.o
                0x00000000200005d4                PWM_TaskHandle
 .bss.adcValue  0x00000000200005d8        0x4 ./Core/Src/main.o
                0x00000000200005d8                adcValue
 .bss.ret       0x00000000200005dc        0x1 ./Core/Src/main.o
                0x00000000200005dc                ret
 *fill*         0x00000000200005dd        0x3 
 .bss.PWM       0x00000000200005e0        0x4 ./Core/Src/main.o
                0x00000000200005e0                PWM
 .bss.adc       0x00000000200005e4        0x4 ./Core/Src/main.o
                0x00000000200005e4                adc
 .bss.sConfigPrivate
                0x00000000200005e8       0x10 ./Core/Src/main.o
                0x00000000200005e8                sConfigPrivate
 .bss.Rx_data   0x00000000200005f8       0x40 ./Core/Src/main.o
                0x00000000200005f8                Rx_data
 .bss.Tx_data   0x0000000020000638       0x40 ./Core/Src/main.o
                0x0000000020000638                Tx_data
 .bss.buffer    0x0000000020000678       0x40 ./Core/Src/main.o
                0x0000000020000678                buffer
 .bss.FMC_Initialized
                0x00000000200006b8        0x4 ./Core/Src/stm32f7xx_hal_msp.o
 .bss.__sbrk_heap_end
                0x00000000200006bc        0x4 ./Core/Src/sysmem.o
 .bss.uwTick    0x00000000200006c0        0x4 ./Drivers/STM32F7xx_HAL_Driver/Src/stm32f7xx_hal.o
                0x00000000200006c0                uwTick
 .bss.ft5336_handle
                0x00000000200006c4        0x3 ./GUI files/ft5336.o
 *fill*         0x00000000200006c7        0x1 
 .bss.coord.0   0x00000000200006c8        0x2 ./GUI files/ft5336.o
 *fill*         0x00000000200006ca        0x2 
 .bss.hI2cAudioHandler
                0x00000000200006cc       0x4c ./GUI files/stm32746g_discovery.o
 .bss.hLtdcHandler
                0x0000000020000718       0xa8 ./GUI files/stm32746g_discovery_lcd.o
                0x0000000020000718                hLtdcHandler
 .bss.hDma2dHandler
                0x00000000200007c0       0x40 ./GUI files/stm32746g_discovery_lcd.o
 .bss.ActiveLayer
                0x0000000020000800        0x4 ./GUI files/stm32746g_discovery_lcd.o
 .bss.DrawProp  0x0000000020000804       0x18 ./GUI files/stm32746g_discovery_lcd.o
 .bss.periph_clk_init_struct.0
                0x000000002000081c       0x84 ./GUI files/stm32746g_discovery_lcd.o
 .bss.sdramHandle
                0x00000000200008a0       0x34 ./GUI files/stm32746g_discovery_sdram.o
                0x00000000200008a0                sdramHandle
 .bss.Timing    0x00000000200008d4       0x1c ./GUI files/stm32746g_discovery_sdram.o
 .bss.Command   0x00000000200008f0       0x10 ./GUI files/stm32746g_discovery_sdram.o
 .bss.dma_handle.1
                0x0000000020000900       0x60 ./GUI files/stm32746g_discovery_sdram.o
 .bss.tsDriver  0x0000000020000960        0x4 ./GUI files/stm32746g_discovery_ts.o
 .bss.tsXBoundary
                0x0000000020000964        0x2 ./GUI files/stm32746g_discovery_ts.o
 .bss.tsYBoundary
                0x0000000020000966        0x2 ./GUI files/stm32746g_discovery_ts.o
 .bss.tsOrientation
                0x0000000020000968        0x1 ./GUI files/stm32746g_discovery_ts.o
 .bss.I2cAddress
                0x0000000020000969        0x1 ./GUI files/stm32746g_discovery_ts.o
 *fill*         0x000000002000096a        0x2 
 .bss.pxCurrentTCB
                0x000000002000096c        0x4 ./Middlewares/Third_Party/FreeRTOS/Source/tasks.o
                0x000000002000096c                pxCurrentTCB
 .bss.pxReadyTasksLists
                0x0000000020000970       0x8c ./Middlewares/Third_Party/FreeRTOS/Source/tasks.o
 .bss.xDelayedTaskList1
                0x00000000200009fc       0x14 ./Middlewares/Third_Party/FreeRTOS/Source/tasks.o
 .bss.xDelayedTaskList2
                0x0000000020000a10       0x14 ./Middlewares/Third_Party/FreeRTOS/Source/tasks.o
 .bss.pxDelayedTaskList
                0x0000000020000a24        0x4 ./Middlewares/Third_Party/FreeRTOS/Source/tasks.o
 .bss.pxOverflowDelayedTaskList
                0x0000000020000a28        0x4 ./Middlewares/Third_Party/FreeRTOS/Source/tasks.o
 .bss.xPendingReadyList
                0x0000000020000a2c       0x14 ./Middlewares/Third_Party/FreeRTOS/Source/tasks.o
 .bss.xTasksWaitingTermination
                0x0000000020000a40       0x14 ./Middlewares/Third_Party/FreeRTOS/Source/tasks.o
 .bss.uxDeletedTasksWaitingCleanUp
                0x0000000020000a54        0x4 ./Middlewares/Third_Party/FreeRTOS/Source/tasks.o
 .bss.xSuspendedTaskList
                0x0000000020000a58       0x14 ./Middlewares/Third_Party/FreeRTOS/Source/tasks.o
 .bss.uxCurrentNumberOfTasks
                0x0000000020000a6c        0x4 ./Middlewares/Third_Party/FreeRTOS/Source/tasks.o
 .bss.xTickCount
                0x0000000020000a70        0x4 ./Middlewares/Third_Party/FreeRTOS/Source/tasks.o
 .bss.uxTopReadyPriority
                0x0000000020000a74        0x4 ./Middlewares/Third_Party/FreeRTOS/Source/tasks.o
 .bss.xSchedulerRunning
                0x0000000020000a78        0x4 ./Middlewares/Third_Party/FreeRTOS/Source/tasks.o
 .bss.uxPendedTicks
                0x0000000020000a7c        0x4 ./Middlewares/Third_Party/FreeRTOS/Source/tasks.o
 .bss.xYieldPending
                0x0000000020000a80        0x4 ./Middlewares/Third_Party/FreeRTOS/Source/tasks.o
 .bss.xNumOfOverflows
                0x0000000020000a84        0x4 ./Middlewares/Third_Party/FreeRTOS/Source/tasks.o
 .bss.uxTaskNumber
                0x0000000020000a88        0x4 ./Middlewares/Third_Party/FreeRTOS/Source/tasks.o
 .bss.xNextTaskUnblockTime
                0x0000000020000a8c        0x4 ./Middlewares/Third_Party/FreeRTOS/Source/tasks.o
 .bss.xIdleTaskHandle
                0x0000000020000a90        0x4 ./Middlewares/Third_Party/FreeRTOS/Source/tasks.o
 .bss.uxSchedulerSuspended
                0x0000000020000a94        0x4 ./Middlewares/Third_Party/FreeRTOS/Source/tasks.o
 .bss.ucMaxSysCallPriority
                0x0000000020000a98        0x1 ./Middlewares/Third_Party/FreeRTOS/Source/portable/GCC/ARM_CM7/r0p1/port.o
 *fill*         0x0000000020000a99        0x3 
 .bss.ulMaxPRIGROUPValue
                0x0000000020000a9c        0x4 ./Middlewares/Third_Party/FreeRTOS/Source/portable/GCC/ARM_CM7/r0p1/port.o
 .bss.ucHeap    0x0000000020000aa0     0x3c00 ./Middlewares/Third_Party/FreeRTOS/Source/portable/MemMang/heap_4.o
 .bss.xStart    0x00000000200046a0        0x8 ./Middlewares/Third_Party/FreeRTOS/Source/portable/MemMang/heap_4.o
 .bss.pxEnd     0x00000000200046a8        0x4 ./Middlewares/Third_Party/FreeRTOS/Source/portable/MemMang/heap_4.o
 .bss.xFreeBytesRemaining
                0x00000000200046ac        0x4 ./Middlewares/Third_Party/FreeRTOS/Source/portable/MemMang/heap_4.o
 .bss.xMinimumEverFreeBytesRemaining
                0x00000000200046b0        0x4 ./Middlewares/Third_Party/FreeRTOS/Source/portable/MemMang/heap_4.o
 .bss.xBlockAllocatedBit
                0x00000000200046b4        0x4 ./Middlewares/Third_Party/FreeRTOS/Source/portable/MemMang/heap_4.o
 .bss.__lock___malloc_recursive_mutex
                0x00000000200046b8        0x1 /opt/st/stm32cubeide_1.10.1/plugins/com.st.stm32cube.ide.mcu.externaltools.gnu-tools-for-stm32.10.3-2021.10.linux64_1.0.0.202111181127/tools/bin/../lib/gcc/arm-none-eabi/10.3.1/../../../../arm-none-eabi/lib/thumb/v7e-m+fp/hard/libc_nano.a(lib_a-lock.o)
                0x00000000200046b8                __lock___malloc_recursive_mutex
 *fill*         0x00000000200046b9        0x3 
 .bss.__malloc_free_list
                0x00000000200046bc        0x4 /opt/st/stm32cubeide_1.10.1/plugins/com.st.stm32cube.ide.mcu.externaltools.gnu-tools-for-stm32.10.3-2021.10.linux64_1.0.0.202111181127/tools/bin/../lib/gcc/arm-none-eabi/10.3.1/../../../../arm-none-eabi/lib/thumb/v7e-m+fp/hard/libc_nano.a(lib_a-nano-mallocr.o)
                0x00000000200046bc                __malloc_free_list
 .bss.__malloc_sbrk_start
                0x00000000200046c0        0x4 /opt/st/stm32cubeide_1.10.1/plugins/com.st.stm32cube.ide.mcu.externaltools.gnu-tools-for-stm32.10.3-2021.10.linux64_1.0.0.202111181127/tools/bin/../lib/gcc/arm-none-eabi/10.3.1/../../../../arm-none-eabi/lib/thumb/v7e-m+fp/hard/libc_nano.a(lib_a-nano-mallocr.o)
                0x00000000200046c0                __malloc_sbrk_start
 .bss.errno     0x00000000200046c4        0x4 /opt/st/stm32cubeide_1.10.1/plugins/com.st.stm32cube.ide.mcu.externaltools.gnu-tools-for-stm32.10.3-2021.10.linux64_1.0.0.202111181127/tools/bin/../lib/gcc/arm-none-eabi/10.3.1/../../../../arm-none-eabi/lib/thumb/v7e-m+fp/hard/libc_nano.a(lib_a-reent.o)
                0x00000000200046c4                errno
 *(COMMON)
                0x00000000200046c8                . = ALIGN (0x4)
                0x00000000200046c8                _ebss = .
                0x00000000200046c8                __bss_end__ = _ebss

._user_heap_stack
                0x00000000200046c8      0x600 load address 0x000000000800bdf0
                0x00000000200046c8                . = ALIGN (0x8)
                [!provide]                        PROVIDE (end = .)
                0x00000000200046c8                PROVIDE (_end = .)
                0x00000000200048c8                . = (. + _Min_Heap_Size)
 *fill*         0x00000000200046c8      0x200 
                0x0000000020004cc8                . = (. + _Min_Stack_Size)
 *fill*         0x00000000200048c8      0x400 
                0x0000000020004cc8                . = ALIGN (0x8)

/DISCARD/
 libc.a(*)
 libm.a(*)
 libgcc.a(*)

.ARM.attributes
                0x0000000000000000       0x30
 *(.ARM.attributes)
 .ARM.attributes
                0x0000000000000000       0x1e /opt/st/stm32cubeide_1.10.1/plugins/com.st.stm32cube.ide.mcu.externaltools.gnu-tools-for-stm32.10.3-2021.10.linux64_1.0.0.202111181127/tools/bin/../lib/gcc/arm-none-eabi/10.3.1/thumb/v7e-m+fp/hard/crti.o
 .ARM.attributes
                0x000000000000001e       0x34 /opt/st/stm32cubeide_1.10.1/plugins/com.st.stm32cube.ide.mcu.externaltools.gnu-tools-for-stm32.10.3-2021.10.linux64_1.0.0.202111181127/tools/bin/../lib/gcc/arm-none-eabi/10.3.1/thumb/v7e-m+fp/hard/crtbegin.o
 .ARM.attributes
                0x0000000000000052       0x34 ./Core/Src/freertos.o
 .ARM.attributes
                0x0000000000000086       0x34 ./Core/Src/main.o
 .ARM.attributes
                0x00000000000000ba       0x34 ./Core/Src/stm32f7xx_hal_msp.o
 .ARM.attributes
                0x00000000000000ee       0x34 ./Core/Src/stm32f7xx_it.o
 .ARM.attributes
                0x0000000000000122       0x34 ./Core/Src/sysmem.o
 .ARM.attributes
                0x0000000000000156       0x34 ./Core/Src/system_stm32f7xx.o
 .ARM.attributes
                0x000000000000018a       0x21 ./Core/Startup/startup_stm32f746nghx.o
 .ARM.attributes
                0x00000000000001ab       0x34 ./Drivers/STM32F7xx_HAL_Driver/Src/stm32f7xx_hal.o
 .ARM.attributes
                0x00000000000001df       0x34 ./Drivers/STM32F7xx_HAL_Driver/Src/stm32f7xx_hal_adc.o
 .ARM.attributes
                0x0000000000000213       0x34 ./Drivers/STM32F7xx_HAL_Driver/Src/stm32f7xx_hal_cortex.o
 .ARM.attributes
                0x0000000000000247       0x34 ./Drivers/STM32F7xx_HAL_Driver/Src/stm32f7xx_hal_crc.o
 .ARM.attributes
                0x000000000000027b       0x34 ./Drivers/STM32F7xx_HAL_Driver/Src/stm32f7xx_hal_crc_ex.o
 .ARM.attributes
                0x00000000000002af       0x34 ./Drivers/STM32F7xx_HAL_Driver/Src/stm32f7xx_hal_dma.o
 .ARM.attributes
                0x00000000000002e3       0x34 ./Drivers/STM32F7xx_HAL_Driver/Src/stm32f7xx_hal_dma2d.o
 .ARM.attributes
                0x0000000000000317       0x34 ./Drivers/STM32F7xx_HAL_Driver/Src/stm32f7xx_hal_gpio.o
 .ARM.attributes
                0x000000000000034b       0x34 ./Drivers/STM32F7xx_HAL_Driver/Src/stm32f7xx_hal_i2c.o
 .ARM.attributes
                0x000000000000037f       0x34 ./Drivers/STM32F7xx_HAL_Driver/Src/stm32f7xx_hal_ltdc.o
 .ARM.attributes
                0x00000000000003b3       0x34 ./Drivers/STM32F7xx_HAL_Driver/Src/stm32f7xx_hal_pwr_ex.o
 .ARM.attributes
                0x00000000000003e7       0x34 ./Drivers/STM32F7xx_HAL_Driver/Src/stm32f7xx_hal_rcc.o
 .ARM.attributes
                0x000000000000041b       0x34 ./Drivers/STM32F7xx_HAL_Driver/Src/stm32f7xx_hal_rcc_ex.o
 .ARM.attributes
                0x000000000000044f       0x34 ./Drivers/STM32F7xx_HAL_Driver/Src/stm32f7xx_hal_sdram.o
 .ARM.attributes
                0x0000000000000483       0x34 ./Drivers/STM32F7xx_HAL_Driver/Src/stm32f7xx_hal_tim.o
 .ARM.attributes
                0x00000000000004b7       0x34 ./Drivers/STM32F7xx_HAL_Driver/Src/stm32f7xx_hal_uart.o
 .ARM.attributes
                0x00000000000004eb       0x34 ./Drivers/STM32F7xx_HAL_Driver/Src/stm32f7xx_ll_fmc.o
 .ARM.attributes
                0x000000000000051f       0x34 ./GUI files/font24.o
 .ARM.attributes
                0x0000000000000553       0x34 ./GUI files/ft5336.o
 .ARM.attributes
                0x0000000000000587       0x34 ./GUI files/stm32746g_discovery.o
 .ARM.attributes
                0x00000000000005bb       0x34 ./GUI files/stm32746g_discovery_lcd.o
 .ARM.attributes
                0x00000000000005ef       0x34 ./GUI files/stm32746g_discovery_sdram.o
 .ARM.attributes
                0x0000000000000623       0x34 ./GUI files/stm32746g_discovery_ts.o
 .ARM.attributes
                0x0000000000000657       0x34 ./Middlewares/Third_Party/FreeRTOS/Source/CMSIS_RTOS/cmsis_os.o
 .ARM.attributes
                0x000000000000068b       0x34 ./Middlewares/Third_Party/FreeRTOS/Source/list.o
 .ARM.attributes
                0x00000000000006bf       0x34 ./Middlewares/Third_Party/FreeRTOS/Source/tasks.o
 .ARM.attributes
                0x00000000000006f3       0x34 ./Middlewares/Third_Party/FreeRTOS/Source/portable/GCC/ARM_CM7/r0p1/port.o
 .ARM.attributes
                0x0000000000000727       0x34 ./Middlewares/Third_Party/FreeRTOS/Source/portable/MemMang/heap_4.o
 .ARM.attributes
                0x000000000000075b       0x34 /opt/st/stm32cubeide_1.10.1/plugins/com.st.stm32cube.ide.mcu.externaltools.gnu-tools-for-stm32.10.3-2021.10.linux64_1.0.0.202111181127/tools/bin/../lib/gcc/arm-none-eabi/10.3.1/../../../../arm-none-eabi/lib/thumb/v7e-m+fp/hard/libc_nano.a(lib_a-errno.o)
 .ARM.attributes
                0x000000000000078f       0x34 /opt/st/stm32cubeide_1.10.1/plugins/com.st.stm32cube.ide.mcu.externaltools.gnu-tools-for-stm32.10.3-2021.10.linux64_1.0.0.202111181127/tools/bin/../lib/gcc/arm-none-eabi/10.3.1/../../../../arm-none-eabi/lib/thumb/v7e-m+fp/hard/libc_nano.a(lib_a-findfp.o)
 .ARM.attributes
                0x00000000000007c3       0x34 /opt/st/stm32cubeide_1.10.1/plugins/com.st.stm32cube.ide.mcu.externaltools.gnu-tools-for-stm32.10.3-2021.10.linux64_1.0.0.202111181127/tools/bin/../lib/gcc/arm-none-eabi/10.3.1/../../../../arm-none-eabi/lib/thumb/v7e-m+fp/hard/libc_nano.a(lib_a-impure.o)
 .ARM.attributes
                0x00000000000007f7       0x34 /opt/st/stm32cubeide_1.10.1/plugins/com.st.stm32cube.ide.mcu.externaltools.gnu-tools-for-stm32.10.3-2021.10.linux64_1.0.0.202111181127/tools/bin/../lib/gcc/arm-none-eabi/10.3.1/../../../../arm-none-eabi/lib/thumb/v7e-m+fp/hard/libc_nano.a(lib_a-init.o)
 .ARM.attributes
                0x000000000000082b       0x34 /opt/st/stm32cubeide_1.10.1/plugins/com.st.stm32cube.ide.mcu.externaltools.gnu-tools-for-stm32.10.3-2021.10.linux64_1.0.0.202111181127/tools/bin/../lib/gcc/arm-none-eabi/10.3.1/../../../../arm-none-eabi/lib/thumb/v7e-m+fp/hard/libc_nano.a(lib_a-lock.o)
 .ARM.attributes
                0x000000000000085f       0x34 /opt/st/stm32cubeide_1.10.1/plugins/com.st.stm32cube.ide.mcu.externaltools.gnu-tools-for-stm32.10.3-2021.10.linux64_1.0.0.202111181127/tools/bin/../lib/gcc/arm-none-eabi/10.3.1/../../../../arm-none-eabi/lib/thumb/v7e-m+fp/hard/libc_nano.a(lib_a-malloc.o)
 .ARM.attributes
                0x0000000000000893       0x34 /opt/st/stm32cubeide_1.10.1/plugins/com.st.stm32cube.ide.mcu.externaltools.gnu-tools-for-stm32.10.3-2021.10.linux64_1.0.0.202111181127/tools/bin/../lib/gcc/arm-none-eabi/10.3.1/../../../../arm-none-eabi/lib/thumb/v7e-m+fp/hard/libc_nano.a(lib_a-memcpy-stub.o)
 .ARM.attributes
                0x00000000000008c7       0x34 /opt/st/stm32cubeide_1.10.1/plugins/com.st.stm32cube.ide.mcu.externaltools.gnu-tools-for-stm32.10.3-2021.10.linux64_1.0.0.202111181127/tools/bin/../lib/gcc/arm-none-eabi/10.3.1/../../../../arm-none-eabi/lib/thumb/v7e-m+fp/hard/libc_nano.a(lib_a-memset.o)
 .ARM.attributes
                0x00000000000008fb       0x34 /opt/st/stm32cubeide_1.10.1/plugins/com.st.stm32cube.ide.mcu.externaltools.gnu-tools-for-stm32.10.3-2021.10.linux64_1.0.0.202111181127/tools/bin/../lib/gcc/arm-none-eabi/10.3.1/../../../../arm-none-eabi/lib/thumb/v7e-m+fp/hard/libc_nano.a(lib_a-nano-freer.o)
 .ARM.attributes
                0x000000000000092f       0x34 /opt/st/stm32cubeide_1.10.1/plugins/com.st.stm32cube.ide.mcu.externaltools.gnu-tools-for-stm32.10.3-2021.10.linux64_1.0.0.202111181127/tools/bin/../lib/gcc/arm-none-eabi/10.3.1/../../../../arm-none-eabi/lib/thumb/v7e-m+fp/hard/libc_nano.a(lib_a-nano-mallocr.o)
 .ARM.attributes
                0x0000000000000963       0x34 /opt/st/stm32cubeide_1.10.1/plugins/com.st.stm32cube.ide.mcu.externaltools.gnu-tools-for-stm32.10.3-2021.10.linux64_1.0.0.202111181127/tools/bin/../lib/gcc/arm-none-eabi/10.3.1/../../../../arm-none-eabi/lib/thumb/v7e-m+fp/hard/libc_nano.a(lib_a-reent.o)
 .ARM.attributes
                0x0000000000000997       0x34 /opt/st/stm32cubeide_1.10.1/plugins/com.st.stm32cube.ide.mcu.externaltools.gnu-tools-for-stm32.10.3-2021.10.linux64_1.0.0.202111181127/tools/bin/../lib/gcc/arm-none-eabi/10.3.1/../../../../arm-none-eabi/lib/thumb/v7e-m+fp/hard/libc_nano.a(lib_a-sbrkr.o)
 .ARM.attributes
                0x00000000000009cb       0x34 /opt/st/stm32cubeide_1.10.1/plugins/com.st.stm32cube.ide.mcu.externaltools.gnu-tools-for-stm32.10.3-2021.10.linux64_1.0.0.202111181127/tools/bin/../lib/gcc/arm-none-eabi/10.3.1/../../../../arm-none-eabi/lib/thumb/v7e-m+fp/hard/libc_nano.a(lib_a-sprintf.o)
 .ARM.attributes
                0x00000000000009ff       0x34 /opt/st/stm32cubeide_1.10.1/plugins/com.st.stm32cube.ide.mcu.externaltools.gnu-tools-for-stm32.10.3-2021.10.linux64_1.0.0.202111181127/tools/bin/../lib/gcc/arm-none-eabi/10.3.1/../../../../arm-none-eabi/lib/thumb/v7e-m+fp/hard/libc_nano.a(lib_a-strcpy.o)
 .ARM.attributes
                0x0000000000000a33       0x34 /opt/st/stm32cubeide_1.10.1/plugins/com.st.stm32cube.ide.mcu.externaltools.gnu-tools-for-stm32.10.3-2021.10.linux64_1.0.0.202111181127/tools/bin/../lib/gcc/arm-none-eabi/10.3.1/../../../../arm-none-eabi/lib/thumb/v7e-m+fp/hard/libc_nano.a(lib_a-mlock.o)
 .ARM.attributes
                0x0000000000000a67       0x34 /opt/st/stm32cubeide_1.10.1/plugins/com.st.stm32cube.ide.mcu.externaltools.gnu-tools-for-stm32.10.3-2021.10.linux64_1.0.0.202111181127/tools/bin/../lib/gcc/arm-none-eabi/10.3.1/../../../../arm-none-eabi/lib/thumb/v7e-m+fp/hard/libc_nano.a(lib_a-nano-svfprintf.o)
 .ARM.attributes
                0x0000000000000a9b       0x34 /opt/st/stm32cubeide_1.10.1/plugins/com.st.stm32cube.ide.mcu.externaltools.gnu-tools-for-stm32.10.3-2021.10.linux64_1.0.0.202111181127/tools/bin/../lib/gcc/arm-none-eabi/10.3.1/../../../../arm-none-eabi/lib/thumb/v7e-m+fp/hard/libc_nano.a(lib_a-nano-vfprintf_i.o)
 .ARM.attributes
                0x0000000000000acf       0x1c /opt/st/stm32cubeide_1.10.1/plugins/com.st.stm32cube.ide.mcu.externaltools.gnu-tools-for-stm32.10.3-2021.10.linux64_1.0.0.202111181127/tools/bin/../lib/gcc/arm-none-eabi/10.3.1/../../../../arm-none-eabi/lib/thumb/v7e-m+fp/hard/libc_nano.a(lib_a-memchr.o)
 .ARM.attributes
                0x0000000000000aeb       0x34 /opt/st/stm32cubeide_1.10.1/plugins/com.st.stm32cube.ide.mcu.externaltools.gnu-tools-for-stm32.10.3-2021.10.linux64_1.0.0.202111181127/tools/bin/../lib/gcc/arm-none-eabi/10.3.1/../../../../arm-none-eabi/lib/thumb/v7e-m+fp/hard/libc_nano.a(lib_a-memmove.o)
 .ARM.attributes
                0x0000000000000b1f       0x34 /opt/st/stm32cubeide_1.10.1/plugins/com.st.stm32cube.ide.mcu.externaltools.gnu-tools-for-stm32.10.3-2021.10.linux64_1.0.0.202111181127/tools/bin/../lib/gcc/arm-none-eabi/10.3.1/../../../../arm-none-eabi/lib/thumb/v7e-m+fp/hard/libc_nano.a(lib_a-nano-reallocr.o)
 .ARM.attributes
                0x0000000000000b53       0x34 /opt/st/stm32cubeide_1.10.1/plugins/com.st.stm32cube.ide.mcu.externaltools.gnu-tools-for-stm32.10.3-2021.10.linux64_1.0.0.202111181127/tools/bin/../lib/gcc/arm-none-eabi/10.3.1/../../../../arm-none-eabi/lib/thumb/v7e-m+fp/hard/libc_nano.a(lib_a-nano-msizer.o)
 .ARM.attributes
                0x0000000000000b87       0x1e /opt/st/stm32cubeide_1.10.1/plugins/com.st.stm32cube.ide.mcu.externaltools.gnu-tools-for-stm32.10.3-2021.10.linux64_1.0.0.202111181127/tools/bin/../lib/gcc/arm-none-eabi/10.3.1/thumb/v7e-m+fp/hard/libgcc.a(_aeabi_uldivmod.o)
 .ARM.attributes
                0x0000000000000ba5       0x34 /opt/st/stm32cubeide_1.10.1/plugins/com.st.stm32cube.ide.mcu.externaltools.gnu-tools-for-stm32.10.3-2021.10.linux64_1.0.0.202111181127/tools/bin/../lib/gcc/arm-none-eabi/10.3.1/thumb/v7e-m+fp/hard/libgcc.a(_udivmoddi4.o)
 .ARM.attributes
                0x0000000000000bd9       0x1e /opt/st/stm32cubeide_1.10.1/plugins/com.st.stm32cube.ide.mcu.externaltools.gnu-tools-for-stm32.10.3-2021.10.linux64_1.0.0.202111181127/tools/bin/../lib/gcc/arm-none-eabi/10.3.1/thumb/v7e-m+fp/hard/libgcc.a(_dvmd_tls.o)
 .ARM.attributes
                0x0000000000000bf7       0x1e /opt/st/stm32cubeide_1.10.1/plugins/com.st.stm32cube.ide.mcu.externaltools.gnu-tools-for-stm32.10.3-2021.10.linux64_1.0.0.202111181127/tools/bin/../lib/gcc/arm-none-eabi/10.3.1/thumb/v7e-m+fp/hard/crtn.o
OUTPUT(IlhamDestyo_TugasADC_PWM_WithGTK.elf elf32-littlearm)
LOAD linker stubs